


# Bake Begins!




### (1 of 6) Copy sources

$ cp -a /home/travis/build/fontdirectory/merriweather/METADATA.json /home/travis/build/fontdirectory/merriweather/builds/167dc2bdc130bbf9b3a12184bf0e4a2c4d71e3d4

$ cp -a /home/travis/build/fontdirectory/merriweather/OFL.txt /home/travis/build/fontdirectory/merriweather/builds/167dc2bdc130bbf9b3a12184bf0e4a2c4d71e3d4/OFL.txt

$ cp -a /home/travis/build/fontdirectory/merriweather/DESCRIPTION.en_us.html /home/travis/build/fontdirectory/merriweather/builds/167dc2bdc130bbf9b3a12184bf0e4a2c4d71e3d4

$ cp -a /home/travis/build/fontdirectory/merriweather/FONTLOG.txt /home/travis/build/fontdirectory/merriweather/builds/167dc2bdc130bbf9b3a12184bf0e4a2c4d71e3d4

$ cp -a Merriweather-Light.ttf.ttx Merriweather-Regular.ttf.ttx Merriweather-HeavyItalic.ttf.ttx Merriweather-BoldItalic.ttf.ttx Merriweather-Italic.ttf.ttx Merriweather-Bold.ttf.ttx Merriweather-Black.ttf.ttx Merriweather-Light.ttf._p_r_e_p.ttx Merriweather-Light.ttf._p_o_s_t.ttx Merriweather-Light.ttf._n_a_m_e.ttx Merriweather-Light.ttf._m_a_x_p.ttx Merriweather-Light.ttf._l_o_c_a.ttx Merriweather-Light.ttf._h_m_t_x.ttx Merriweather-Light.ttf._h_h_e_a.ttx Merriweather-Light.ttf._h_e_a_d.ttx Merriweather-Light.ttf._g_l_y_f.ttx Merriweather-Light.ttf._g_a_s_p.ttx Merriweather-Light.ttf._c_m_a_p.ttx Merriweather-Light.ttf.O_S_2f_2.ttx Merriweather-Light.ttf.GlyphOrder.ttx Merriweather-Light.ttf.G_S_U_B_.ttx Merriweather-Light.ttf.G_P_O_S_.ttx Merriweather-Light.ttf.G_D_E_F_.ttx Merriweather-Light.ttf.F_F_T_M_.ttx Merriweather-Regular.ttf._p_r_e_p.ttx Merriweather-Regular.ttf._p_o_s_t.ttx Merriweather-Regular.ttf._n_a_m_e.ttx Merriweather-Regular.ttf._m_a_x_p.ttx Merriweather-Regular.ttf._l_o_c_a.ttx Merriweather-Regular.ttf._h_m_t_x.ttx Merriweather-Regular.ttf._h_h_e_a.ttx Merriweather-Regular.ttf._h_e_a_d.ttx Merriweather-Regular.ttf._g_l_y_f.ttx Merriweather-Regular.ttf._g_a_s_p.ttx Merriweather-Regular.ttf._c_m_a_p.ttx Merriweather-Regular.ttf.O_S_2f_2.ttx Merriweather-Regular.ttf.GlyphOrder.ttx Merriweather-Regular.ttf.G_S_U_B_.ttx Merriweather-Regular.ttf.G_P_O_S_.ttx Merriweather-Regular.ttf.G_D_E_F_.ttx Merriweather-Regular.ttf.F_F_T_M_.ttx Merriweather-HeavyItalic.ttf._p_r_e_p.ttx Merriweather-HeavyItalic.ttf._p_o_s_t.ttx Merriweather-HeavyItalic.ttf._n_a_m_e.ttx Merriweather-HeavyItalic.ttf._m_a_x_p.ttx Merriweather-HeavyItalic.ttf._l_o_c_a.ttx Merriweather-HeavyItalic.ttf._h_m_t_x.ttx Merriweather-HeavyItalic.ttf._h_h_e_a.ttx Merriweather-HeavyItalic.ttf._h_e_a_d.ttx Merriweather-HeavyItalic.ttf._g_l_y_f.ttx Merriweather-HeavyItalic.ttf._g_a_s_p.ttx Merriweather-HeavyItalic.ttf._f_p_g_m.ttx Merriweather-HeavyItalic.ttf._c_v_t.ttx Merriweather-HeavyItalic.ttf._c_m_a_p.ttx Merriweather-HeavyItalic.ttf.O_S_2f_2.ttx Merriweather-HeavyItalic.ttf.GlyphOrder.ttx Merriweather-HeavyItalic.ttf.G_S_U_B_.ttx Merriweather-HeavyItalic.ttf.G_P_O_S_.ttx Merriweather-HeavyItalic.ttf.G_D_E_F_.ttx Merriweather-HeavyItalic.ttf.F_F_T_M_.ttx Merriweather-BoldItalic.ttf._p_r_e_p.ttx Merriweather-BoldItalic.ttf._p_o_s_t.ttx Merriweather-BoldItalic.ttf._n_a_m_e.ttx Merriweather-BoldItalic.ttf._m_a_x_p.ttx Merriweather-BoldItalic.ttf._l_o_c_a.ttx Merriweather-BoldItalic.ttf._h_m_t_x.ttx Merriweather-BoldItalic.ttf._h_h_e_a.ttx Merriweather-BoldItalic.ttf._h_e_a_d.ttx Merriweather-BoldItalic.ttf._g_l_y_f.ttx Merriweather-BoldItalic.ttf._g_a_s_p.ttx Merriweather-BoldItalic.ttf._f_p_g_m.ttx Merriweather-BoldItalic.ttf._c_v_t.ttx Merriweather-BoldItalic.ttf._c_m_a_p.ttx Merriweather-BoldItalic.ttf.O_S_2f_2.ttx Merriweather-BoldItalic.ttf.GlyphOrder.ttx Merriweather-BoldItalic.ttf.G_S_U_B_.ttx Merriweather-BoldItalic.ttf.G_P_O_S_.ttx Merriweather-Italic.ttf._p_r_e_p.ttx Merriweather-Italic.ttf._p_o_s_t.ttx Merriweather-Italic.ttf._n_a_m_e.ttx Merriweather-Italic.ttf._m_a_x_p.ttx Merriweather-Italic.ttf._l_o_c_a.ttx Merriweather-Italic.ttf._h_m_t_x.ttx Merriweather-Italic.ttf._h_h_e_a.ttx Merriweather-Italic.ttf._h_e_a_d.ttx Merriweather-Italic.ttf._g_l_y_f.ttx Merriweather-Italic.ttf._g_a_s_p.ttx Merriweather-Italic.ttf._f_p_g_m.ttx Merriweather-Italic.ttf._c_v_t.ttx Merriweather-Italic.ttf._c_m_a_p.ttx Merriweather-Italic.ttf.O_S_2f_2.ttx Merriweather-Italic.ttf.GlyphOrder.ttx Merriweather-Italic.ttf.G_S_U_B_.ttx Merriweather-Italic.ttf.G_P_O_S_.ttx Merriweather-Italic.ttf.G_D_E_F_.ttx Merriweather-Italic.ttf.F_F_T_M_.ttx Merriweather-Bold.ttf._p_r_e_p.ttx Merriweather-Bold.ttf._p_o_s_t.ttx Merriweather-Bold.ttf._n_a_m_e.ttx Merriweather-Bold.ttf._m_a_x_p.ttx Merriweather-Bold.ttf._l_o_c_a.ttx Merriweather-Bold.ttf._h_m_t_x.ttx Merriweather-Bold.ttf._h_h_e_a.ttx Merriweather-Bold.ttf._h_e_a_d.ttx Merriweather-Bold.ttf._g_l_y_f.ttx Merriweather-Bold.ttf._g_a_s_p.ttx Merriweather-Bold.ttf._c_m_a_p.ttx Merriweather-Bold.ttf.O_S_2f_2.ttx Merriweather-Bold.ttf.GlyphOrder.ttx Merriweather-Bold.ttf.G_S_U_B_.ttx Merriweather-Bold.ttf.G_P_O_S_.ttx Merriweather-Bold.ttf.G_D_E_F_.ttx Merriweather-Bold.ttf.F_F_T_M_.ttx Merriweather-Black.ttf._p_r_e_p.ttx Merriweather-Black.ttf._p_o_s_t.ttx Merriweather-Black.ttf._n_a_m_e.ttx Merriweather-Black.ttf._m_a_x_p.ttx Merriweather-Black.ttf._l_o_c_a.ttx Merriweather-Black.ttf._h_m_t_x.ttx Merriweather-Black.ttf._h_h_e_a.ttx Merriweather-Black.ttf._h_e_a_d.ttx Merriweather-Black.ttf._g_l_y_f.ttx Merriweather-Black.ttf._g_a_s_p.ttx Merriweather-Black.ttf._c_m_a_p.ttx Merriweather-Black.ttf.O_S_2f_2.ttx Merriweather-Black.ttf.GlyphOrder.ttx Merriweather-Black.ttf.G_S_U_B_.ttx Merriweather-Black.ttf.G_P_O_S_.ttx Merriweather-Black.ttf.G_D_E_F_.ttx Merriweather-Black.ttf.F_F_T_M_.ttx /home/travis/build/fontdirectory/merriweather/builds/167dc2bdc130bbf9b3a12184bf0e4a2c4d71e3d4/sources



### (2 of 6) Run upstream tests

$ fontbakery-check.py upstream-repo sources
note: FAIL: bakery_lint/tests/upstream/test_repo.py: TestUpstreamRepo.test_bakery_yaml_exists():  Repository contains bakery.yaml configuration file? : File `bakery.yaml` does not exist in root of upstream repository
note: OK: bakery_lint/tests/upstream/test_repo.py: TestUpstreamRepo.test_copyright_notices_same_across_family():  Each font copyright notice matches? 
note: OK: bakery_lint/tests/upstream/test_repo.py: TestUpstreamRepo.test_description_html_exists():  Repository contains DESCRIPTION.en_us.html file? 
note: OK: bakery_lint/tests/upstream/test_repo.py: TestUpstreamRepo.test_fontlog_txt_exists():  Repository contains FONTLOG.txt file? 
note: OK: bakery_lint/tests/upstream/test_repo.py: TestUpstreamRepo.test_metadata_json_exists():  Repository contains METADATA.json file? 
note: OK: bakery_lint/tests/upstream/test_any_glyphs_prepolate.py: FontTestPrepolation.test_family_glyph_names_match():  Each font in family has matching glyph names? 
note: OK: bakery_lint/tests/upstream/test_any_glyphs_prepolate.py: FontTestPrepolation.test_font_prepolation_glyph_contours():  Check that glyphs has same number of contours across family 
note: OK: bakery_lint/tests/upstream/test_any_glyphs_prepolate.py: FontTestPrepolation.test_font_prepolation_glyph_points():  Check that glyphs has same number of points across family 
note: OK: bakery_lint/tests/upstream/test_any_diacritic.py: TestDiacritic.test_diacritic_made_as_component():  Check that diacritic glyph are made completely with composite 
note: OK: bakery_lint/tests/upstream/test_any_diacritic.py: TestDiacritic.test_diacritic_made_as_mark_to_mark():  Check that diacritic glyph are made completely with mark method 
note: OK: bakery_lint/tests/upstream/test_any_diacritic.py: TestDiacritic.test_diacritic_made_as_own_glyphs():  Check that diacritic glyph are made completely with flat method 

$ fontbakery-check.py upstream-ttx Merriweather-Black.ttf.ttx
note: FAIL: bakery_lint/tests/upstream/test_ttx_requirements.py: SourceTTXTest.test_epar_in_keys():  EPAR table present in font? : 'EPAR' not found in ['GlyphOrder', 'head', 'hhea', 'maxp', 'OS/2', 'hmtx', 'cmap', 'prep', 'loca', 'glyf', 'name', 'post', 'gasp', 'FFTM', 'GDEF', 'GPOS', 'GSUB']
note: OK: bakery_lint/tests/upstream/test_ttx_requirements.py: SourceTTXTest.test_ttx_duplicate_glyphs():  Font contains unique glyph names?
            (Duplicate glyph names prevent font installation on Mac OS X.)
        
note: FAIL: bakery_lint/tests/upstream/test_ttx_glyphnames_clean.py: TestGlyphNameDoesNotContainsDisallowedChars.test_glyphname_does_not_contain_disallowed_chars():  GlyphName length < 30 and does contain allowed chars only : Glyph ".null" does not comply conventions. A glyph name may be up to 31 characters in length, must be entirely comprised of characters from the following set: A-Z a-z 0-9 .(period) _(underscore). and must not start with a digit or period. The only exception is the special character ".notdef". "twocents", "a1", and "_" are valid glyph names. "2cents" and ".twocents" are not.
note: OK: bakery_lint/tests/upstream/test_ttx_fontfamily_recommendations.py: TTX_FontFamilyNamingTest.test_ttx_family_naming_recommendation():  The font corresponds the font family naming recommendation.
        See http://forum.fontlab.com/index.php?topic=313.0 
note: FAIL: bakery_lint/tests/upstream/test_ttx_font_filename_eq_familystyle.py: TestTTFSourceFontFileNameEqualsFamilyStyle.test_source_ttf_font_filename_equals_familystyle():  Source TTF Font filename equals family style : 'Merriweather-Black.ttf' != 'Merriweather-Black'

$ mv /home/travis/build/fontdirectory/merriweather/builds/167dc2bdc130bbf9b3a12184bf0e4a2c4d71e3d4/sources/Merriweather-Black.ttf.ttx /home/travis/build/fontdirectory/merriweather/builds/167dc2bdc130bbf9b3a12184bf0e4a2c4d71e3d4/sources/Merriweather-Black.ttx
note: OK: bakery_lint/tests/upstream/test_ttx_font_filename_eq_familystyle.py: TestTTFSourceFontFileNameEqualsFamilyStyle.test_source_ttf_font_filename_equals_familystyle():  Source TTF Font filename equals family style : 'Merriweather-Black.ttf' != 'Merriweather-Black'

$ fontbakery-check.py upstream-ttx Merriweather-Bold.ttf.ttx
note: FAIL: bakery_lint/tests/upstream/test_ttx_requirements.py: SourceTTXTest.test_epar_in_keys():  EPAR table present in font? : 'EPAR' not found in ['GlyphOrder', 'head', 'hhea', 'maxp', 'OS/2', 'hmtx', 'cmap', 'prep', 'loca', 'glyf', 'name', 'post', 'gasp', 'FFTM', 'GDEF', 'GPOS', 'GSUB']
note: OK: bakery_lint/tests/upstream/test_ttx_requirements.py: SourceTTXTest.test_ttx_duplicate_glyphs():  Font contains unique glyph names?
            (Duplicate glyph names prevent font installation on Mac OS X.)
        
note: FAIL: bakery_lint/tests/upstream/test_ttx_glyphnames_clean.py: TestGlyphNameDoesNotContainsDisallowedChars.test_glyphname_does_not_contain_disallowed_chars():  GlyphName length < 30 and does contain allowed chars only : Glyph ".null" does not comply conventions. A glyph name may be up to 31 characters in length, must be entirely comprised of characters from the following set: A-Z a-z 0-9 .(period) _(underscore). and must not start with a digit or period. The only exception is the special character ".notdef". "twocents", "a1", and "_" are valid glyph names. "2cents" and ".twocents" are not.
note: OK: bakery_lint/tests/upstream/test_ttx_fontfamily_recommendations.py: TTX_FontFamilyNamingTest.test_ttx_family_naming_recommendation():  The font corresponds the font family naming recommendation.
        See http://forum.fontlab.com/index.php?topic=313.0 
note: FAIL: bakery_lint/tests/upstream/test_ttx_font_filename_eq_familystyle.py: TestTTFSourceFontFileNameEqualsFamilyStyle.test_source_ttf_font_filename_equals_familystyle():  Source TTF Font filename equals family style : 'Merriweather-Bold.ttf' != 'Merriweather-Bold'

$ mv /home/travis/build/fontdirectory/merriweather/builds/167dc2bdc130bbf9b3a12184bf0e4a2c4d71e3d4/sources/Merriweather-Bold.ttf.ttx /home/travis/build/fontdirectory/merriweather/builds/167dc2bdc130bbf9b3a12184bf0e4a2c4d71e3d4/sources/Merriweather-Bold.ttx
note: OK: bakery_lint/tests/upstream/test_ttx_font_filename_eq_familystyle.py: TestTTFSourceFontFileNameEqualsFamilyStyle.test_source_ttf_font_filename_equals_familystyle():  Source TTF Font filename equals family style : 'Merriweather-Bold.ttf' != 'Merriweather-Bold'

$ fontbakery-check.py upstream-ttx Merriweather-Italic.ttf.ttx
note: FAIL: bakery_lint/tests/upstream/test_ttx_requirements.py: SourceTTXTest.test_epar_in_keys():  EPAR table present in font? : 'EPAR' not found in ['GlyphOrder', 'head', 'hhea', 'maxp', 'OS/2', 'hmtx', 'cmap', 'fpgm', 'prep', 'cvt ', 'loca', 'glyf', 'name', 'post', 'gasp', 'FFTM', 'GDEF', 'GPOS', 'GSUB']
note: OK: bakery_lint/tests/upstream/test_ttx_requirements.py: SourceTTXTest.test_ttx_duplicate_glyphs():  Font contains unique glyph names?
            (Duplicate glyph names prevent font installation on Mac OS X.)
        
note: FAIL: bakery_lint/tests/upstream/test_ttx_glyphnames_clean.py: TestGlyphNameDoesNotContainsDisallowedChars.test_glyphname_does_not_contain_disallowed_chars():  GlyphName length < 30 and does contain allowed chars only : Glyph ".null" does not comply conventions. A glyph name may be up to 31 characters in length, must be entirely comprised of characters from the following set: A-Z a-z 0-9 .(period) _(underscore). and must not start with a digit or period. The only exception is the special character ".notdef". "twocents", "a1", and "_" are valid glyph names. "2cents" and ".twocents" are not.
note: OK: bakery_lint/tests/upstream/test_ttx_fontfamily_recommendations.py: TTX_FontFamilyNamingTest.test_ttx_family_naming_recommendation():  The font corresponds the font family naming recommendation.
        See http://forum.fontlab.com/index.php?topic=313.0 
note: FAIL: bakery_lint/tests/upstream/test_ttx_font_filename_eq_familystyle.py: TestTTFSourceFontFileNameEqualsFamilyStyle.test_source_ttf_font_filename_equals_familystyle():  Source TTF Font filename equals family style : 'Merriweather-Italic.ttf' != 'Merriweather-Italic'

$ mv /home/travis/build/fontdirectory/merriweather/builds/167dc2bdc130bbf9b3a12184bf0e4a2c4d71e3d4/sources/Merriweather-Italic.ttf.ttx /home/travis/build/fontdirectory/merriweather/builds/167dc2bdc130bbf9b3a12184bf0e4a2c4d71e3d4/sources/Merriweather-Italic.ttx
note: OK: bakery_lint/tests/upstream/test_ttx_font_filename_eq_familystyle.py: TestTTFSourceFontFileNameEqualsFamilyStyle.test_source_ttf_font_filename_equals_familystyle():  Source TTF Font filename equals family style : 'Merriweather-Italic.ttf' != 'Merriweather-Italic'

$ fontbakery-check.py upstream-ttx Merriweather-BoldItalic.ttf.ttx
note: FAIL: bakery_lint/tests/upstream/test_ttx_requirements.py: SourceTTXTest.test_epar_in_keys():  EPAR table present in font? : 'EPAR' not found in ['GlyphOrder', 'head', 'hhea', 'maxp', 'OS/2', 'hmtx', 'cmap', 'fpgm', 'prep', 'cvt ', 'loca', 'glyf', 'name', 'post', 'gasp', 'GPOS', 'GSUB']
note: OK: bakery_lint/tests/upstream/test_ttx_requirements.py: SourceTTXTest.test_ttx_duplicate_glyphs():  Font contains unique glyph names?
            (Duplicate glyph names prevent font installation on Mac OS X.)
        
note: FAIL: bakery_lint/tests/upstream/test_ttx_glyphnames_clean.py: TestGlyphNameDoesNotContainsDisallowedChars.test_glyphname_does_not_contain_disallowed_chars():  GlyphName length < 30 and does contain allowed chars only : Glyph ".null" does not comply conventions. A glyph name may be up to 31 characters in length, must be entirely comprised of characters from the following set: A-Z a-z 0-9 .(period) _(underscore). and must not start with a digit or period. The only exception is the special character ".notdef". "twocents", "a1", and "_" are valid glyph names. "2cents" and ".twocents" are not.
note: OK: bakery_lint/tests/upstream/test_ttx_fontfamily_recommendations.py: TTX_FontFamilyNamingTest.test_ttx_family_naming_recommendation():  The font corresponds the font family naming recommendation.
        See http://forum.fontlab.com/index.php?topic=313.0 
note: FAIL: bakery_lint/tests/upstream/test_ttx_font_filename_eq_familystyle.py: TestTTFSourceFontFileNameEqualsFamilyStyle.test_source_ttf_font_filename_equals_familystyle():  Source TTF Font filename equals family style : 'Merriweather-BoldItalic.ttf' != 'Merriweather-BoldItalic'

$ mv /home/travis/build/fontdirectory/merriweather/builds/167dc2bdc130bbf9b3a12184bf0e4a2c4d71e3d4/sources/Merriweather-BoldItalic.ttf.ttx /home/travis/build/fontdirectory/merriweather/builds/167dc2bdc130bbf9b3a12184bf0e4a2c4d71e3d4/sources/Merriweather-BoldItalic.ttx
note: OK: bakery_lint/tests/upstream/test_ttx_font_filename_eq_familystyle.py: TestTTFSourceFontFileNameEqualsFamilyStyle.test_source_ttf_font_filename_equals_familystyle():  Source TTF Font filename equals family style : 'Merriweather-BoldItalic.ttf' != 'Merriweather-BoldItalic'

$ fontbakery-check.py upstream-ttx Merriweather-HeavyItalic.ttf.ttx
note: FAIL: bakery_lint/tests/upstream/test_ttx_requirements.py: SourceTTXTest.test_epar_in_keys():  EPAR table present in font? : 'EPAR' not found in ['GlyphOrder', 'head', 'hhea', 'maxp', 'OS/2', 'hmtx', 'cmap', 'fpgm', 'prep', 'cvt ', 'loca', 'glyf', 'name', 'post', 'gasp', 'FFTM', 'GDEF', 'GPOS', 'GSUB']
note: OK: bakery_lint/tests/upstream/test_ttx_requirements.py: SourceTTXTest.test_ttx_duplicate_glyphs():  Font contains unique glyph names?
            (Duplicate glyph names prevent font installation on Mac OS X.)
        
note: FAIL: bakery_lint/tests/upstream/test_ttx_glyphnames_clean.py: TestGlyphNameDoesNotContainsDisallowedChars.test_glyphname_does_not_contain_disallowed_chars():  GlyphName length < 30 and does contain allowed chars only : Glyph ".null" does not comply conventions. A glyph name may be up to 31 characters in length, must be entirely comprised of characters from the following set: A-Z a-z 0-9 .(period) _(underscore). and must not start with a digit or period. The only exception is the special character ".notdef". "twocents", "a1", and "_" are valid glyph names. "2cents" and ".twocents" are not.
note: OK: bakery_lint/tests/upstream/test_ttx_fontfamily_recommendations.py: TTX_FontFamilyNamingTest.test_ttx_family_naming_recommendation():  The font corresponds the font family naming recommendation.
        See http://forum.fontlab.com/index.php?topic=313.0 
note: FAIL: bakery_lint/tests/upstream/test_ttx_font_filename_eq_familystyle.py: TestTTFSourceFontFileNameEqualsFamilyStyle.test_source_ttf_font_filename_equals_familystyle():  Source TTF Font filename equals family style : 'Merriweather-HeavyItalic.ttf' != 'Merriweather-BlackItalic'

$ mv /home/travis/build/fontdirectory/merriweather/builds/167dc2bdc130bbf9b3a12184bf0e4a2c4d71e3d4/sources/Merriweather-HeavyItalic.ttf.ttx /home/travis/build/fontdirectory/merriweather/builds/167dc2bdc130bbf9b3a12184bf0e4a2c4d71e3d4/sources/Merriweather-BlackItalic.ttx
note: OK: bakery_lint/tests/upstream/test_ttx_font_filename_eq_familystyle.py: TestTTFSourceFontFileNameEqualsFamilyStyle.test_source_ttf_font_filename_equals_familystyle():  Source TTF Font filename equals family style : 'Merriweather-HeavyItalic.ttf' != 'Merriweather-BlackItalic'

$ fontbakery-check.py upstream-ttx Merriweather-Regular.ttf.ttx
note: FAIL: bakery_lint/tests/upstream/test_ttx_requirements.py: SourceTTXTest.test_epar_in_keys():  EPAR table present in font? : 'EPAR' not found in ['GlyphOrder', 'head', 'hhea', 'maxp', 'OS/2', 'hmtx', 'cmap', 'prep', 'loca', 'glyf', 'name', 'post', 'gasp', 'FFTM', 'GDEF', 'GPOS', 'GSUB']
note: OK: bakery_lint/tests/upstream/test_ttx_requirements.py: SourceTTXTest.test_ttx_duplicate_glyphs():  Font contains unique glyph names?
            (Duplicate glyph names prevent font installation on Mac OS X.)
        
note: FAIL: bakery_lint/tests/upstream/test_ttx_glyphnames_clean.py: TestGlyphNameDoesNotContainsDisallowedChars.test_glyphname_does_not_contain_disallowed_chars():  GlyphName length < 30 and does contain allowed chars only : Glyph ".null" does not comply conventions. A glyph name may be up to 31 characters in length, must be entirely comprised of characters from the following set: A-Z a-z 0-9 .(period) _(underscore). and must not start with a digit or period. The only exception is the special character ".notdef". "twocents", "a1", and "_" are valid glyph names. "2cents" and ".twocents" are not.
note: OK: bakery_lint/tests/upstream/test_ttx_fontfamily_recommendations.py: TTX_FontFamilyNamingTest.test_ttx_family_naming_recommendation():  The font corresponds the font family naming recommendation.
        See http://forum.fontlab.com/index.php?topic=313.0 
note: FAIL: bakery_lint/tests/upstream/test_ttx_font_filename_eq_familystyle.py: TestTTFSourceFontFileNameEqualsFamilyStyle.test_source_ttf_font_filename_equals_familystyle():  Source TTF Font filename equals family style : 'Merriweather-Regular.ttf' != 'Merriweather-Regular'

$ mv /home/travis/build/fontdirectory/merriweather/builds/167dc2bdc130bbf9b3a12184bf0e4a2c4d71e3d4/sources/Merriweather-Regular.ttf.ttx /home/travis/build/fontdirectory/merriweather/builds/167dc2bdc130bbf9b3a12184bf0e4a2c4d71e3d4/sources/Merriweather-Regular.ttx
note: OK: bakery_lint/tests/upstream/test_ttx_font_filename_eq_familystyle.py: TestTTFSourceFontFileNameEqualsFamilyStyle.test_source_ttf_font_filename_equals_familystyle():  Source TTF Font filename equals family style : 'Merriweather-Regular.ttf' != 'Merriweather-Regular'

$ fontbakery-check.py upstream-ttx Merriweather-Light.ttf.ttx
note: FAIL: bakery_lint/tests/upstream/test_ttx_requirements.py: SourceTTXTest.test_epar_in_keys():  EPAR table present in font? : 'EPAR' not found in ['GlyphOrder', 'head', 'hhea', 'maxp', 'OS/2', 'hmtx', 'cmap', 'prep', 'loca', 'glyf', 'name', 'post', 'gasp', 'FFTM', 'GDEF', 'GPOS', 'GSUB']
note: OK: bakery_lint/tests/upstream/test_ttx_requirements.py: SourceTTXTest.test_ttx_duplicate_glyphs():  Font contains unique glyph names?
            (Duplicate glyph names prevent font installation on Mac OS X.)
        
note: FAIL: bakery_lint/tests/upstream/test_ttx_glyphnames_clean.py: TestGlyphNameDoesNotContainsDisallowedChars.test_glyphname_does_not_contain_disallowed_chars():  GlyphName length < 30 and does contain allowed chars only : Glyph ".null" does not comply conventions. A glyph name may be up to 31 characters in length, must be entirely comprised of characters from the following set: A-Z a-z 0-9 .(period) _(underscore). and must not start with a digit or period. The only exception is the special character ".notdef". "twocents", "a1", and "_" are valid glyph names. "2cents" and ".twocents" are not.
note: OK: bakery_lint/tests/upstream/test_ttx_fontfamily_recommendations.py: TTX_FontFamilyNamingTest.test_ttx_family_naming_recommendation():  The font corresponds the font family naming recommendation.
        See http://forum.fontlab.com/index.php?topic=313.0 
note: FAIL: bakery_lint/tests/upstream/test_ttx_font_filename_eq_familystyle.py: TestTTFSourceFontFileNameEqualsFamilyStyle.test_source_ttf_font_filename_equals_familystyle():  Source TTF Font filename equals family style : 'Merriweather-Light.ttf' != 'Merriweather-Light'

$ mv /home/travis/build/fontdirectory/merriweather/builds/167dc2bdc130bbf9b3a12184bf0e4a2c4d71e3d4/sources/Merriweather-Light.ttf.ttx /home/travis/build/fontdirectory/merriweather/builds/167dc2bdc130bbf9b3a12184bf0e4a2c4d71e3d4/sources/Merriweather-Light.ttx
note: OK: bakery_lint/tests/upstream/test_ttx_font_filename_eq_familystyle.py: TestTTFSourceFontFileNameEqualsFamilyStyle.test_source_ttf_font_filename_equals_familystyle():  Source TTF Font filename equals family style : 'Merriweather-Light.ttf' != 'Merriweather-Light'



### (3 of 6) Convert sources to TTF

$ ttx /home/travis/build/fontdirectory/merriweather/builds/167dc2bdc130bbf9b3a12184bf0e4a2c4d71e3d4/sources/Merriweather-Light.ttx /home/travis/build/fontdirectory/merriweather/builds/167dc2bdc130bbf9b3a12184bf0e4a2c4d71e3d4/sources/Merriweather-Regular.ttx /home/travis/build/fontdirectory/merriweather/builds/167dc2bdc130bbf9b3a12184bf0e4a2c4d71e3d4/sources/Merriweather-BlackItalic.ttx /home/travis/build/fontdirectory/merriweather/builds/167dc2bdc130bbf9b3a12184bf0e4a2c4d71e3d4/sources/Merriweather-BoldItalic.ttx /home/travis/build/fontdirectory/merriweather/builds/167dc2bdc130bbf9b3a12184bf0e4a2c4d71e3d4/sources/Merriweather-Italic.ttx /home/travis/build/fontdirectory/merriweather/builds/167dc2bdc130bbf9b3a12184bf0e4a2c4d71e3d4/sources/Merriweather-Bold.ttx /home/travis/build/fontdirectory/merriweather/builds/167dc2bdc130bbf9b3a12184bf0e4a2c4d71e3d4/sources/Merriweather-Black.ttx
Compiling "/home/travis/build/fontdirectory/merriweather/builds/167dc2bdc130bbf9b3a12184bf0e4a2c4d71e3d4/sources/Merriweather-Light.ttx" to "/home/travis/build/fontdirectory/merriweather/builds/167dc2bdc130bbf9b3a12184bf0e4a2c4d71e3d4/sources/Merriweather-Light.ttf"...
Parsing 'GlyphOrder' table...
Parsing 'head' table...
Parsing 'hhea' table...
Parsing 'maxp' table...
Parsing 'OS/2' table...
Parsing 'hmtx' table...
Parsing 'cmap' table...
Parsing 'prep' table...
Parsing 'loca' table...
Parsing 'glyf' table...
Parsing 'name' table...
Parsing 'post' table...
Parsing 'gasp' table...
Parsing 'FFTM' table...
Parsing 'GDEF' table...
Parsing 'GPOS' table...
Parsing 'GSUB' table...
Compiling "/home/travis/build/fontdirectory/merriweather/builds/167dc2bdc130bbf9b3a12184bf0e4a2c4d71e3d4/sources/Merriweather-Regular.ttx" to "/home/travis/build/fontdirectory/merriweather/builds/167dc2bdc130bbf9b3a12184bf0e4a2c4d71e3d4/sources/Merriweather-Regular.ttf"...
Parsing 'GlyphOrder' table...
Parsing 'head' table...
Parsing 'hhea' table...
Parsing 'maxp' table...
Parsing 'OS/2' table...
Parsing 'hmtx' table...
Parsing 'cmap' table...
Parsing 'prep' table...
Parsing 'loca' table...
Parsing 'glyf' table...
Parsing 'name' table...
Parsing 'post' table...
Parsing 'gasp' table...
Parsing 'FFTM' table...
Parsing 'GDEF' table...
Parsing 'GPOS' table...
Parsing 'GSUB' table...
Compiling "/home/travis/build/fontdirectory/merriweather/builds/167dc2bdc130bbf9b3a12184bf0e4a2c4d71e3d4/sources/Merriweather-BlackItalic.ttx" to "/home/travis/build/fontdirectory/merriweather/builds/167dc2bdc130bbf9b3a12184bf0e4a2c4d71e3d4/sources/Merriweather-BlackItalic.ttf"...
Parsing 'GlyphOrder' table...
Parsing 'head' table...
Parsing 'hhea' table...
Parsing 'maxp' table...
Parsing 'OS/2' table...
Parsing 'hmtx' table...
Parsing 'cmap' table...
Parsing 'fpgm' table...
Parsing 'prep' table...
Parsing 'cvt ' table...
Parsing 'loca' table...
Parsing 'glyf' table...
Parsing 'name' table...
Parsing 'post' table...
Parsing 'gasp' table...
Parsing 'FFTM' table...
Parsing 'GDEF' table...
Parsing 'GPOS' table...
Parsing 'GSUB' table...
Compiling "/home/travis/build/fontdirectory/merriweather/builds/167dc2bdc130bbf9b3a12184bf0e4a2c4d71e3d4/sources/Merriweather-BoldItalic.ttx" to "/home/travis/build/fontdirectory/merriweather/builds/167dc2bdc130bbf9b3a12184bf0e4a2c4d71e3d4/sources/Merriweather-BoldItalic.ttf"...
Parsing 'GlyphOrder' table...
Parsing 'head' table...
Parsing 'hhea' table...
Parsing 'maxp' table...
Parsing 'OS/2' table...
Parsing 'hmtx' table...
Parsing 'cmap' table...
Parsing 'fpgm' table...
Parsing 'prep' table...
Parsing 'cvt ' table...
Parsing 'loca' table...
Parsing 'glyf' table...
Parsing 'name' table...
Parsing 'post' table...
Parsing 'gasp' table...
Parsing 'GPOS' table...
Parsing 'GSUB' table...
Compiling "/home/travis/build/fontdirectory/merriweather/builds/167dc2bdc130bbf9b3a12184bf0e4a2c4d71e3d4/sources/Merriweather-Italic.ttx" to "/home/travis/build/fontdirectory/merriweather/builds/167dc2bdc130bbf9b3a12184bf0e4a2c4d71e3d4/sources/Merriweather-Italic.ttf"...
Parsing 'GlyphOrder' table...
Parsing 'head' table...
Parsing 'hhea' table...
Parsing 'maxp' table...
Parsing 'OS/2' table...
Parsing 'hmtx' table...
Parsing 'cmap' table...
Parsing 'fpgm' table...
Parsing 'prep' table...
Parsing 'cvt ' table...
Parsing 'loca' table...
Parsing 'glyf' table...
Parsing 'name' table...
Parsing 'post' table...
Parsing 'gasp' table...
Parsing 'FFTM' table...
Parsing 'GDEF' table...
Parsing 'GPOS' table...
Parsing 'GSUB' table...
Compiling "/home/travis/build/fontdirectory/merriweather/builds/167dc2bdc130bbf9b3a12184bf0e4a2c4d71e3d4/sources/Merriweather-Bold.ttx" to "/home/travis/build/fontdirectory/merriweather/builds/167dc2bdc130bbf9b3a12184bf0e4a2c4d71e3d4/sources/Merriweather-Bold.ttf"...
Parsing 'GlyphOrder' table...
Parsing 'head' table...
Parsing 'hhea' table...
Parsing 'maxp' table...
Parsing 'OS/2' table...
Parsing 'hmtx' table...
Parsing 'cmap' table...
Parsing 'prep' table...
Parsing 'loca' table...
Parsing 'glyf' table...
Parsing 'name' table...
Parsing 'post'
$ mv /home/travis/build/fontdirectory/merriweather/builds/167dc2bdc130bbf9b3a12184bf0e4a2c4d71e3d4/sources/Merriweather-Light.ttf /home/travis/build/fontdirectory/merriweather/builds/167dc2bdc130bbf9b3a12184bf0e4a2c4d71e3d4/Merriweather-Light.ttf



### Subset TTFs (pyftsubset) Merriweather-Light.ttf

$ pyftsubset Merriweather-Light.latin

$ pyftsubset Merriweather-Light.latin-ext

$ pyftsubset Merriweather-Light.cyrillic

$ pyftsubset Merriweather-Light.menu



### Test Merriweather-Light.ttf

$ fontbakery-check.py result Merriweather-Light.ttf
note: FAIL: bakery_lint/tests/downstream/test_names_are_ascii_only.py: CheckNamesAreASCIIOnly.test_check_names_are_ascii_only():  NAME and CFF tables must not contain non-ascii characters : u'Copyright (c) 2010 by Eben Sorkin (eben@eyebytes.com), with Reserved Font Name Merriweather. \xe6Licenced under the SIL Open Font License, Version 1.1, available with a FAQ at: http://scripts.sil.org/OFL' != 'Copyright (c) 2010 by Eben Sorkin (eben@eyebytes.com), with Reserved Font Name Merriweather. Licenced under the SIL Open Font License, Version 1.1, available with a FAQ at: http://scripts.sil.org/OFL'
$ fontbakery-fix-ascii-fontmetadata.py /home/travis/build/fontdirectory/merriweather/builds/167dc2bdc130bbf9b3a12184bf0e4a2c4d71e3d4/Merriweather-Light.ttf

$ mv /home/travis/build/fontdirectory/merriweather/builds/167dc2bdc130bbf9b3a12184bf0e4a2c4d71e3d4/Merriweather-Light.ttf.fix /home/travis/build/fontdirectory/merriweather/builds/167dc2bdc130bbf9b3a12184bf0e4a2c4d71e3d4/Merriweather-Light.ttf
note: OK: bakery_lint/tests/downstream/test_names_are_ascii_only.py: CheckNamesAreASCIIOnly.test_check_names_are_ascii_only():  NAME and CFF tables must not contain non-ascii characters : u'Copyright (c) 2010 by Eben Sorkin (eben@eyebytes.com), with Reserved Font Name Merriweather. \xe6Licenced under the SIL Open Font License, Version 1.1, available with a FAQ at: http://scripts.sil.org/OFL' != 'Copyright (c) 2010 by Eben Sorkin (eben@eyebytes.com), with Reserved Font Name Merriweather. Licenced under the SIL Open Font License, Version 1.1, available with a FAQ at: http://scripts.sil.org/OFL'
note: OK: bakery_lint/tests/downstream/test_license_related_nameid.py: TestNameIdCopyright.test_name_id_copyright():  Is there `opyright` substring nameID in nameId (10) ? 
note: FAIL: bakery_lint/tests/downstream/test_license_related_nameid.py: TestNameIdOFLLicense.test_name_id_of_license():  Is there OFL in nameId (13) ? : License file OFL.txt exists but NameID value is not specified for that
SETTING UP: This Font Software is licensed under the SIL Open Font License, Version 1.1. This license is available with a FAQ at http://scripts.sil.org/OFL

$ mv /home/travis/build/fontdirectory/merriweather/builds/167dc2bdc130bbf9b3a12184bf0e4a2c4d71e3d4/Merriweather-Light.ttf.fix /home/travis/build/fontdirectory/merriweather/builds/167dc2bdc130bbf9b3a12184bf0e4a2c4d71e3d4/Merriweather-Light.ttf
note: OK: bakery_lint/tests/downstream/test_license_related_nameid.py: TestNameIdOFLLicense.test_name_id_of_license():  Is there OFL in nameId (13) ? : License file OFL.txt exists but NameID value is not specified for that
note: FAIL: bakery_lint/tests/downstream/test_license_related_nameid.py: TestNameIdOFLLicenseURL.test_name_id_of_license_url():  Is there OFL in nameId (13) ? : True is not false
$ mv /home/travis/build/fontdirectory/merriweather/builds/167dc2bdc130bbf9b3a12184bf0e4a2c4d71e3d4/Merriweather-Light.ttf.fix /home/travis/build/fontdirectory/merriweather/builds/167dc2bdc130bbf9b3a12184bf0e4a2c4d71e3d4/Merriweather-Light.ttf
note: OK: bakery_lint/tests/downstream/test_license_related_nameid.py: TestNameIdOFLLicenseURL.test_name_id_of_license_url():  Is there OFL in nameId (13) ? : True is not false
note: OK: bakery_lint/tests/downstream/test_license_related_nameid.py: TestNameIdApacheLicense.test_name_id_apache_license():  Is there Apache in nameId (13) ? 
note: OK: bakery_lint/tests/downstream/test_license_related_nameid.py: TestNameIdApacheLicenseURL.test_name_id_apache_license_url():  Is there OFL in nameId (13) ? 
note: OK: bakery_lint/tests/downstream/test_gpos_table_has_kerning_info.py: CheckGposTableHasKerningInfo.test_gpos_table_has_kerning_info():  GPOS table has kerning information 
note: OK: bakery_lint/tests/downstream/test_gasp_table_value.py: CheckGaspTableType.test_check_gasp_table_type():  Font table gasp should be 15 
$ fontbakery-fix-gasp.py --set=15 /home/travis/build/fontdirectory/merriweather/builds/167dc2bdc130bbf9b3a12184bf0e4a2c4d71e3d4/Merriweather-Light.ttf
$ mv /home/travis/build/fontdirectory/merriweather/builds/167dc2bdc130bbf9b3a12184bf0e4a2c4d71e3d4/Merriweather-Light.ttf.fix /home/travis/build/fontdirectory/merriweather/builds/167dc2bdc130bbf9b3a12184bf0e4a2c4d71e3d4/Merriweather-Light.ttf
note: OK: bakery_lint/tests/downstream/test_fontforge_validation_state.py: FontForgeValidateStateTest.test_allowed_numbers_paths_in_composite_glyphs():  Composite glyphs have allowed numbers of paths defined in maxp 
note: OK: bakery_lint/tests/downstream/test_fontforge_validation_state.py: FontForgeValidateStateTest.test_allowed_numbers_paths_in_glyphs():  Glyphs have allowed numbers of paths defined in maxp 
note: OK: bakery_lint/tests/downstream/test_fontforge_validation_state.py: FontForgeValidateStateTest.test_allowed_numbers_points_in_composite_glyphs():  Composite glyphs have allowed numbers of points defined in maxp 
note: OK: bakery_lint/tests/downstream/test_fontforge_validation_state.py: FontForgeValidateStateTest.test_allowed_numbers_points_in_glyphs():  Glyphs have allowed numbers of points defined in maxp 
note: OK: bakery_lint/tests/downstream/test_fontforge_validation_state.py: FontForgeValidateStateTest.test_duplicate_glyphs():  Glyph names are unique. 
note: OK: bakery_lint/tests/downstream/test_fontforge_validation_state.py: FontForgeValidateStateTest.test_duplicate_unicode_codepoints():  Unicode code points are unique. 
note: OK: bakery_lint/tests/downstream/test_fontforge_validation_state.py: FontForgeValidateStateTest.test_flipped_reference_in_glyphs():  References in the glyph haven't been flipped 
note: OK: bakery_lint/tests/downstream/test_fontforge_validation_state.py: FontForgeValidateStateTest.test_missing_anchors():  Glyphs have all required anchors.
            (According to the opentype spec, if a glyph contains an anchor point
            for one anchor class in a subtable, it must contain anchor points
            for all anchor classes in the subtable. Even it, logically,
            they do not apply and are unnecessary.) 
note: FAIL: bakery_lint/tests/downstream/test_fontforge_validation_state.py: FontForgeValidateStateTest.test_missing_extrema_in_glyphs():  Glyphs have points at extremas : True is not false
note: OK: bakery_lint/tests/downstream/test_fontforge_validation_state.py: FontForgeValidateStateTest.test_overlapped_hints():  Hints do not overlap 
note: OK: bakery_lint/tests/downstream/test_fontforge_validation_state.py: FontForgeValidateStateTest.test_points_are_integer_aligned():  Points in glyphs are integer aligned 
note: OK: bakery_lint/tests/downstream/test_fontforge_validation_state.py: FontForgeValidateStateTest.test_points_are_not_too_far_apart():  Points (or control points) are not too far apart 
note: OK: bakery_lint/tests/downstream/test_fontforge_validation_state.py: FontForgeValidateStateTest.test_postscript_hasnt_limit_hints_in_glyphs():  PostScript hasnt a limit of 96 hints in glyphs 
note: OK: bakery_lint/tests/downstream/test_fontforge_validation_state.py: FontForgeValidateStateTest.test_postscript_hasnt_limit_points_in_glyphs():  Not more than 1,500 points in any glyph (a PostScript limit) 
note: OK: bakery_lint/tests/downstream/test_fontforge_validation_state.py: FontForgeValidateStateTest.test_referenced_glyphs_are_present():  Glyph names referred to from glyphs present in the font 
note: OK: bakery_lint/tests/downstream/test_fontforge_validation_state.py: FontForgeValidateStateTest.test_valid_glyph_names():  Font doesn't have invalid glyph names 
note: OK: bakery_lint/tests/downstream/test_fontforge_validation_state.py: FontForgeValidateStateTest.test_valid_length_instructions():  Glyphs instructions have valid lengths 
note: FAIL: bakery_lint/tests/downstream/test_fontforge_validation_state.py: FontForgeValidateStateTest.test_validation_glyph_intersect():  Contours do not intersect : True is not false
note: OK: bakery_lint/tests/downstream/test_fontforge_validation_state.py: FontForgeValidateStateTest.test_validation_open_contours():  Contours are closed 
note: OK: bakery_lint/tests/downstream/test_fontforge_validation_state.py: FontForgeValidateStateTest.test_wrong_direction_in_glyphs():  Contours have correct directions 
note: OK: bakery_lint/tests/downstream/test_check_vertical_metrics.py: CheckVerticalLinegapMetrics.test_metrics_linegaps_are_zero():  Check that linegaps in tables are zero 
note: FAIL: bakery_lint/tests/downstream/test_check_vertical_metrics.py: CheckVerticalAscentMetrics.test_metrics_ascents_equal_bbox():  Check that ascents values are same as max glyph point : [sources/Merriweather-Italic.ttf, sources/Merriweather-Regular.ttf, sources/Merriweather-BlackItalic.ttf, sources/Merriweather-BoldItalic.ttf, sources/Merriweather-Black.ttf, Merriweather-Light.ttf, sources/Merriweather-Bold.ttf] ascents differ to maximum value: 2016
$ fontbakery-fix-vertical-metrics.py --autofix /home/travis/build/fontdirectory/merriweather/builds/167dc2bdc130bbf9b3a12184bf0e4a2c4d71e3d4/Merriweather-Light.ttf /home/travis/build/fontdirectory/merriweather/builds/167dc2bdc130bbf9b3a12184bf0e4a2c4d71e3d4/sources/Merriweather-Black.ttf /home/travis/build/fontdirectory/merriweather/builds/167dc2bdc130bbf9b3a12184bf0e4a2c4d71e3d4/sources/Merriweather-Bold.ttf /home/travis/build/fontdirectory/merriweather/builds/167dc2bdc130bbf9b3a12184bf0e4a2c4d71e3d4/sources/Merriweather-Italic.ttf /home/travis/build/fontdirectory/merriweather/builds/167dc2bdc130bbf9b3a12184bf0e4a2c4d71e3d4/sources/Merriweather-BoldItalic.ttf /home/travis/build/fontdirectory/merriweather/builds/167dc2bdc130bbf9b3a12184bf0e4a2c4d71e3d4/sources/Merriweather-BlackItalic.ttf /home/travis/build/fontdirectory/merriweather/builds/167dc2bdc130bbf9b3a12184bf0e4a2c4d71e3d4/sources/Merriweather-Regular.ttf

$ mv /home/travis/build/fontdirectory/merriweather/builds/167dc2bdc130bbf9b3a12184bf0e4a2c4d71e3d4/Merriweather-Light.ttf.fix /home/travis/build/fontdirectory/merriweather/builds/167dc2bdc130bbf9b3a12184bf0e4a2c4d71e3d4/Merriweather-Light.ttf

$ mv /home/travis/build/fontdirectory/merriweather/builds/167dc2bdc130bbf9b3a12184bf0e4a2c4d71e3d4/sources/Merriweather-Black.ttf.fix /home/travis/build/fontdirectory/merriweather/builds/167dc2bdc130bbf9b3a12184bf0e4a2c4d71e3d4/sources/Merriweather-Black.ttf

$ mv /home/travis/build/fontdirectory/merriweather/builds/167dc2bdc130bbf9b3a12184bf0e4a2c4d71e3d4/sources/Merriweather-Bold.ttf.fix /home/travis/build/fontdirectory/merriweather/builds/167dc2bdc130bbf9b3a12184bf0e4a2c4d71e3d4/sources/Merriweather-Bold.ttf

$ mv /home/travis/build/fontdirectory/merriweather/builds/167dc2bdc130bbf9b3a12184bf0e4a2c4d71e3d4/sources/Merriweather-Italic.ttf.fix /home/travis/build/fontdirectory/merriweather/builds/167dc2bdc130bbf9b3a12184bf0e4a2c4d71e3d4/sources/Merriweather-Italic.ttf

$ mv /home/travis/build/fontdirectory/merriweather/builds/167dc2bdc130bbf9b3a12184bf0e4a2c4d71e3d4/sources/Merriweather-BoldItalic.ttf.fix /home/travis/build/fontdirectory/merriweather/builds/167dc2bdc130bbf9b3a12184bf0e4a2c4d71e3d4/sources/Merriweather-BoldItalic.ttf

$ mv /home/travis/build/fontdirectory/merriweather/builds/167dc2bdc130bbf9b3a12184bf0e4a2c4d71e3d4/sources/Merriweather-BlackItalic.ttf.fix /home/travis/build/fontdirectory/merriweather/builds/167dc2bdc130bbf9b3a12184bf0e4a2c4d71e3d4/sources/Merriweather-BlackItalic.ttf

$ mv /home/travis/build/fontdirectory/merriweather/builds/167dc2bdc130bbf9b3a12184bf0e4a2c4d71e3d4/sources/Merriweather-Regular.ttf.fix /home/travis/build/fontdirectory/merriweather/builds/167dc2bdc130bbf9b3a12184bf0e4a2c4d71e3d4/sources/Merriweather-Regular.ttf
$ fontbakery-fix-vertical-metrics.py /home/travis/build/fontdirectory/merriweather/builds/167dc2bdc130bbf9b3a12184bf0e4a2c4d71e3d4/Merriweather-Light.ttf /home/travis/build/fontdirectory/merriweather/builds/167dc2bdc130bbf9b3a12184bf0e4a2c4d71e3d4/sources/Merriweather-Black.ttf /home/travis/build/fontdirectory/merriweather/builds/167dc2bdc130bbf9b3a12184bf0e4a2c4d71e3d4/sources/Merriweather-Bold.ttf /home/travis/build/fontdirectory/merriweather/builds/167dc2bdc130bbf9b3a12184bf0e4a2c4d71e3d4/sources/Merriweather-Italic.ttf /home/travis/build/fontdirectory/merriweather/builds/167dc2bdc130bbf9b3a12184bf0e4a2c4d71e3d4/sources/Merriweather-BoldItalic.ttf /home/travis/build/fontdirectory/merriweather/builds/167dc2bdc130bbf9b3a12184bf0e4a2c4d71e3d4/sources/Merriweather-BlackItalic.ttf /home/travis/build/fontdirectory/merriweather/builds/167dc2bdc130bbf9b3a12184bf0e4a2c4d71e3d4/sources/Merriweather-Regular.ttf
Parameter              Merriweather-Light.ttf    Merriweather-Black.ttf    Merriweather-Bold.ttf    Merriweather-Italic.ttf    Merriweather-BoldItalic.ttf    Merriweather-BlackItalic.ttf    Merriweather-Regular.ttf    
ymax                   1920                      1920                      1920                     2002                       2009                           2016                            1920                        
hhea.ascent            2016                      2016                      2016                     2016                       2016                           2016                            2016                        
OS/2.sTypoAscender     2016                      2016                      2016                     2016                       2016                           2016                            2016                        
OS/2.usWinAscent       2016                      2016                      2016                     2016                       2016                           2016                            2016                        
ymin                   -640                      -640                      -640                     -560                       -560                           -560                            -640                        
hhea.descent           -640                      -640                      -640                     -640                       -640                           -640                            -640                        
OS/2.sTypoDescender    -640                      -640                      -640                     -640                       -640                           -640                            -640                        
OS/2.usWinDescent      640                       640                       640                      640                        640                            640                             640                         
hhea.lineGap           0                         0                         0                        0                          0                              0                               0                           
OS/2.sTypoLineGap      0                         0                         0                        0                          0                              0                               0                           
hhea total             2656                      2656                      2656                     2656                       2656                           2656                            2656                        
typo total             2656                      2656                      2656                     2656                       2656                           2656                            2656                        
win total              2656                      2656                      2656                     2656                       2656                           2656                            2656                        
UPM:Heights            2048:2560                 2048:2560                 2048:2560                2048:2562                  2048:2569                      2048:2576                       2048:2560                   
UPM:Heights %          125 %                     125 %                     125 %                    125 %                      125 %                          125 %                           125 %                       


note: OK: bakery_lint/tests/downstream/test_check_vertical_metrics.py: CheckVerticalAscentMetrics.test_metrics_ascents_equal_bbox():  Check that ascents values are same as max glyph point : [sources/Merriweather-Italic.ttf, sources/Merriweather-Regular.ttf, sources/Merriweather-BlackItalic.ttf, sources/Merriweather-BoldItalic.ttf, sources/Merriweather-Black.ttf, Merriweather-Light.ttf, sources/Merriweather-Bold.ttf] ascents differ to maximum value: 2016
note: OK: bakery_lint/tests/downstream/test_check_vertical_metrics.py: CheckVerticalDescentMetrics.test_metrics_descents_equal_bbox():  Check that descents values are same as min glyph point 
note: FAIL: bakery_lint/tests/downstream/test_check_upm_heights_less_120.py: TestCheckUPMHeightsLess120.test_check_upm_heigths_less_120():  Check if UPM Heights NOT more than 120% : UPM:Height is 129%, consider redesigning to 120% or less
note: FAIL: bakery_lint/tests/downstream/test_check_unencoded_glyph.py: TestFontUnencodedGlyph.test_font_unencoded_glyphs():  Font does not have unencoded glyphs : There should not be unencoded glyphs
$ fontbakery-fix-glyph-private-encoding.py --autofix /home/travis/build/fontdirectory/merriweather/builds/167dc2bdc130bbf9b3a12184bf0e4a2c4d71e3d4/Merriweather-Light.ttf
$ mv /home/travis/build/fontdirectory/merriweather/builds/167dc2bdc130bbf9b3a12184bf0e4a2c4d71e3d4/Merriweather-Light.ttf.fix /home/travis/build/fontdirectory/merriweather/builds/167dc2bdc130bbf9b3a12184bf0e4a2c4d71e3d4/Merriweather-Light.ttf
note: FAIL: bakery_lint/tests/downstream/test_check_unencoded_glyph.py: TestFontUnencodedGlyph.test_font_unencoded_glyphs():  Font does not have unencoded glyphs : There should not be unencoded glyphs
note: OK: bakery_lint/tests/downstream/test_check_panose_identification.py: CheckPanoseIdentification.test_check_panose_identification():  Check if Panose is not set to monospaced if advancewidth of
            all glyphs is not equal to each others 
note: OK: bakery_lint/tests/downstream/test_check_os2_width_class.py: CheckOS2WidthClass.test_check_os2_width_class(): 
note: OK: bakery_lint/tests/downstream/test_check_no_problematic_formats.py: CheckNoProblematicFormats.test_check_no_problematic_formats():  Check that font contain required tables 
required: OK: bakery_lint/tests/downstream/test_check_nbsp_width_matches_sp_width.py: CheckNbspWidthMatchesSpWidth.test_check_nbsp_width_matches_sp_width():  Check non-breaking space's advancewidth is the same as space 
required: OK: bakery_lint/tests/downstream/test_check_names_same_across_platforms.py: CheckNamesSameAcrossPlatforms.test_check_names_same_across_platforms():  Font names are same across specific-platforms 
note: FAIL: bakery_lint/tests/downstream/test_check_name_table_recommendation.py: CheckOTStyleNameRecommendation.test_check_stylename_is_under_recommendations():  Style name must be equal to one of the following four
            values: "Regular", "Italic", "Bold" or "Bold Italic" : '' not found in ['Regular', 'Italic', 'Bold', 'Bold Italic']
$ fontbakery-fix-opentype-names.py /home/travis/build/fontdirectory/merriweather/builds/167dc2bdc130bbf9b3a12184bf0e4a2c4d71e3d4/Merriweather-Light.ttf
$ mv /home/travis/build/fontdirectory/merriweather/builds/167dc2bdc130bbf9b3a12184bf0e4a2c4d71e3d4/Merriweather-Light.ttf.fix /home/travis/build/fontdirectory/merriweather/builds/167dc2bdc130bbf9b3a12184bf0e4a2c4d71e3d4/Merriweather-Light.ttf
note: OK: bakery_lint/tests/downstream/test_check_name_table_recommendation.py: CheckOTStyleNameRecommendation.test_check_stylename_is_under_recommendations():  Style name must be equal to one of the following four
            values: "Regular", "Italic", "Bold" or "Bold Italic" : '' not found in ['Regular', 'Italic', 'Bold', 'Bold Italic']
note: OK: bakery_lint/tests/downstream/test_check_name_table_recommendation.py: CheckOTFamilyNameRecommendation.test_check_opentype_familyname():  OT Family Name for Windows should be equal to Family Name 
note: FAIL: bakery_lint/tests/downstream/test_check_name_table_recommendation.py: CheckOTFullNameRecommendation.test_check_opentype_fullname():  Full name matches Windows-only Opentype-specific FullName : u'Merriweather Regular' != u'Merriweather Light'
- Merriweather Regular
?              ^^ ^^^^
+ Merriweather Light
?              ^^ ^^

$ fontbakery-fix-opentype-names.py /home/travis/build/fontdirectory/merriweather/builds/167dc2bdc130bbf9b3a12184bf0e4a2c4d71e3d4/Merriweather-Light.ttf
$ mv /home/travis/build/fontdirectory/merriweather/builds/167dc2bdc130bbf9b3a12184bf0e4a2c4d71e3d4/Merriweather-Light.ttf.fix /home/travis/build/fontdirectory/merriweather/builds/167dc2bdc130bbf9b3a12184bf0e4a2c4d71e3d4/Merriweather-Light.ttf
note: FAIL: bakery_lint/tests/downstream/test_check_name_table_recommendation.py: CheckOTFullNameRecommendation.test_check_opentype_fullname():  Full name matches Windows-only Opentype-specific FullName : u'Merriweather Regular' != u'Merriweather Light'
- Merriweather Regular
?              ^^ ^^^^
+ Merriweather Light
?              ^^ ^^

note: OK: bakery_lint/tests/downstream/test_check_name_table_recommendation.py: CheckSuggestedSubfamilyName.test_suggested_subfamily_name():  Family does not contain subfamily in `name` table 
note: OK: bakery_lint/tests/downstream/test_check_magic_prep_code.py: CheckMagicPREPByteCode.test_prep_magic_code():  Font contains in PREP table magic code 
required: OK: bakery_lint/tests/downstream/test_check_license_included.py: CheckLicenseIncluded.test_license_included_in_font_names():  Check font has a correct license url 
required: OK: bakery_lint/tests/downstream/test_check_italic_angle_agreement.py: CheckItalicAngleAgreement.test_check_italic_angle_agreement():  Check italicangle property zero or negative 
note: OK: bakery_lint/tests/downstream/test_check_hmtx_hhea_max_advance_width_agreement.py: CheckHmtxHheaMaxAdvanceWidthAgreement.test_check_hmtx_hhea_max_advance_width_agreement():  Check if MaxAdvanceWidth agree in the Hmtx and Hhea tables 
note: OK: bakery_lint/tests/downstream/test_check_glyph_existence.py: CheckGlyphExistence.test_euro():  Check if 'EURO SIGN' exists 
required: OK: bakery_lint/tests/downstream/test_check_glyph_existence.py: CheckGlyphExistence.test_nbsp():  Check if 'NO-BREAK SPACE' exists
required: OK: bakery_lint/tests/downstream/test_check_glyph_existence.py: CheckGlyphExistence.test_space():  Check if 'SPACE' exists 
note: FAIL: bakery_lint/tests/downstream/test_check_glyf_table_length.py: CheckGlyfTableLength.test_check_glyf_table_length():  Check if there is unused data at the end of the glyf table : Glyf table has unreachable data at the end of the table. Expected glyf table length 690 (from loca table), got length 38102 (difference: 37412)
note: OK: bakery_lint/tests/downstream/test_check_full_font_name_begins_with_family_name.py: CheckFullFontNameBeginsWithFamilyName.test_check_full_font_name_begins_with_family_name():  Check if full font name begins with the font family name 
note: FAIL: bakery_lint/tests/downstream/test_check_fontname_matches_macstyle.py: CheckFontNameEqualToMacStyleFlags.test_fontname_is_equal_to_macstyle():  Check that fontname is equal to macstyle flags : macStyle (b0) supposed style ended with "Regular"
note: FAIL: bakery_lint/tests/downstream/test_check_font_tables.py: CheckFontHasDsigTable.test_check_font_has_dsig_table():  Check that font has DSIG table : Font does not have "DSIG" table
$ fontbakery-fix-dsig.py /home/travis/build/fontdirectory/merriweather/builds/167dc2bdc130bbf9b3a12184bf0e4a2c4d71e3d4/Merriweather-Light.ttf
$ mv /home/travis/build/fontdirectory/merriweather/builds/167dc2bdc130bbf9b3a12184bf0e4a2c4d71e3d4/Merriweather-Light.ttf.fix /home/travis/build/fontdirectory/merriweather/builds/167dc2bdc130bbf9b3a12184bf0e4a2c4d71e3d4/Merriweather-Light.ttf
note: OK: bakery_lint/tests/downstream/test_check_font_tables.py: CheckFontHasDsigTable.test_check_font_has_dsig_table():  Check that font has DSIG table : Font does not have "DSIG" table
note: OK: bakery_lint/tests/downstream/test_check_font_tables.py: CheckFontHasNotKernTable.test_no_kern_table_exists():  Check that no "KERN" table exists 
required: FAIL: bakery_lint/tests/downstream/test_check_font_sanitized_for_chrome_and_firefox.py: OTSTest.test_ots():  Is TTF file correctly sanitized for Firefox and Chrome : '' != 'WARNING: OS/2: bad weight: 250'
required: OK: bakery_lint/tests/downstream/test_check_font_agreements.py: CheckFsTypeIsNotSet.test_is_fstype_not_set():  Is the OS/2 table fsType set to 0? 
note: FAIL: bakery_lint/tests/downstream/test_check_font_agreements.py: CheckFontAgreements.test_em_is_1000():  Font em size should be 1000, but doesn't have to be : 2048 != 1000
note: OK: bakery_lint/tests/downstream/test_check_font_agreements.py: CheckFontAgreements.test_font_is_font():  File provided as parameter is TTF font file 
required: OK: bakery_lint/tests/downstream/test_check_font_agreements.py: CheckFontAgreements.test_latin_file_exists():  GF requires a latin subset, so we check that font file exists 
required: OK: bakery_lint/tests/downstream/test_check_font_agreements.py: CheckFontAgreements.test_menu_file_exists():  GF requires a menu subset, so we check that font file exists 



### Optimize TTF Merriweather-Light.ttf
Before: ['GlyphOrder', 'head', 'hhea', 'maxp', 'OS/2', 'hmtx', 'cmap', 'prep', 'loca', 'glyf', 'name', 'post', 'gasp', 'FFTM', 'GDEF', 'GPOS', 'GSUB', 'DSIG']
{'notdef_outline': True, 'name_IDs': ['*'], 'layout_features': ['*'], 'hinting': True, 'legacy_kern': True}

$ ls -l 'Merriweather-Light.ttf'* # look at the size savings of that subset process
Merriweather-Light.ttf.opt: 43936 bytes
Merriweather-Light.ttf: 47028 bytes

Now: ['GlyphOrder', 'head', 'hhea', 'maxp', 'OS/2', 'hmtx', 'cmap', 'prep', 'loca', 'glyf', 'name', 'post', 'gasp', 'GDEF', 'GPOS', 'GSUB']

$ mv /home/travis/build/fontdirectory/merriweather/builds/167dc2bdc130bbf9b3a12184bf0e4a2c4d71e3d4/Merriweather-Light.ttf.opt /home/travis/build/fontdirectory/merriweather/builds/167dc2bdc130bbf9b3a12184bf0e4a2c4d71e3d4/Merriweather-Light.ttf



### Autohint TTFs (ttfautohint) Merriweather-Light.ttf
$ ttfautohint -l 7 -r 28 -G 50 -x 13 -w "G" /home/travis/build/fontdirectory/merriweather/builds/167dc2bdc130bbf9b3a12184bf0e4a2c4d71e3d4/Merriweather-Light.ttf '/home/travis/build/fontdirectory/merriweather/builds/167dc2bdc130bbf9b3a12184bf0e4a2c4d71e3d4/Merriweather-Light.autohint.ttf'


$ ls -l /home/travis/build/fontdirectory/merriweather/builds/167dc2bdc130bbf9b3a12184bf0e4a2c4d71e3d4/Merriweather-Light.*ttf # look at the size savings of that subset process
/home/travis/build/fontdirectory/merriweather/builds/167dc2bdc130bbf9b3a12184bf0e4a2c4d71e3d4/Merriweather-Light.ttf: 43936 bytes
/home/travis/build/fontdirectory/merriweather/builds/167dc2bdc130bbf9b3a12184bf0e4a2c4d71e3d4/Merriweather-Light.autohint.ttf: 63564 bytes


$ mv /home/travis/build/fontdirectory/merriweather/builds/167dc2bdc130bbf9b3a12184bf0e4a2c4d71e3d4/Merriweather-Light.autohint.ttf /home/travis/build/fontdirectory/merriweather/builds/167dc2bdc130bbf9b3a12184bf0e4a2c4d71e3d4/Merriweather-Light.ttf

$ mv /home/travis/build/fontdirectory/merriweather/builds/167dc2bdc130bbf9b3a12184bf0e4a2c4d71e3d4/sources/Merriweather-Regular.ttf /home/travis/build/fontdirectory/merriweather/builds/167dc2bdc130bbf9b3a12184bf0e4a2c4d71e3d4/Merriweather-Regular.ttf



### Subset TTFs (pyftsubset) Merriweather-Regular.ttf

$ pyftsubset Merriweather-Regular.latin

$ pyftsubset Merriweather-Regular.latin-ext

$ pyftsubset Merriweather-Regular.cyrillic

$ pyftsubset Merriweather-Regular.menu



### Test Merriweather-Regular.ttf

$ fontbakery-check.py result Merriweather-Regular.ttf
note: FAIL: bakery_lint/tests/downstream/test_names_are_ascii_only.py: CheckNamesAreASCIIOnly.test_check_names_are_ascii_only():  NAME and CFF tables must not contain non-ascii characters : u'Copyright (c) 2010 by Eben Sorkin (eben@eyebytes.com), with Reserved Font Name Merriweather. \xe6Licenced under the SIL Open Font License, Version 1.1, available with a FAQ at: http://scripts.sil.org/OFL' != 'Copyright (c) 2010 by Eben Sorkin (eben@eyebytes.com), with Reserved Font Name Merriweather. Licenced under the SIL Open Font License, Version 1.1, available with a FAQ at: http://scripts.sil.org/OFL'
$ fontbakery-fix-ascii-fontmetadata.py /home/travis/build/fontdirectory/merriweather/builds/167dc2bdc130bbf9b3a12184bf0e4a2c4d71e3d4/Merriweather-Regular.ttf

$ mv /home/travis/build/fontdirectory/merriweather/builds/167dc2bdc130bbf9b3a12184bf0e4a2c4d71e3d4/Merriweather-Regular.ttf.fix /home/travis/build/fontdirectory/merriweather/builds/167dc2bdc130bbf9b3a12184bf0e4a2c4d71e3d4/Merriweather-Regular.ttf
note: OK: bakery_lint/tests/downstream/test_names_are_ascii_only.py: CheckNamesAreASCIIOnly.test_check_names_are_ascii_only():  NAME and CFF tables must not contain non-ascii characters : u'Copyright (c) 2010 by Eben Sorkin (eben@eyebytes.com), with Reserved Font Name Merriweather. \xe6Licenced under the SIL Open Font License, Version 1.1, available with a FAQ at: http://scripts.sil.org/OFL' != 'Copyright (c) 2010 by Eben Sorkin (eben@eyebytes.com), with Reserved Font Name Merriweather. Licenced under the SIL Open Font License, Version 1.1, available with a FAQ at: http://scripts.sil.org/OFL'
note: OK: bakery_lint/tests/downstream/test_license_related_nameid.py: TestNameIdCopyright.test_name_id_copyright():  Is there `opyright` substring nameID in nameId (10) ? 
note: FAIL: bakery_lint/tests/downstream/test_license_related_nameid.py: TestNameIdOFLLicense.test_name_id_of_license():  Is there OFL in nameId (13) ? : License file OFL.txt exists but NameID value is not specified for that
SETTING UP: This Font Software is licensed under the SIL Open Font License, Version 1.1. This license is available with a FAQ at http://scripts.sil.org/OFL

$ mv /home/travis/build/fontdirectory/merriweather/builds/167dc2bdc130bbf9b3a12184bf0e4a2c4d71e3d4/Merriweather-Regular.ttf.fix /home/travis/build/fontdirectory/merriweather/builds/167dc2bdc130bbf9b3a12184bf0e4a2c4d71e3d4/Merriweather-Regular.ttf
note: OK: bakery_lint/tests/downstream/test_license_related_nameid.py: TestNameIdOFLLicense.test_name_id_of_license():  Is there OFL in nameId (13) ? : License file OFL.txt exists but NameID value is not specified for that
note: FAIL: bakery_lint/tests/downstream/test_license_related_nameid.py: TestNameIdOFLLicenseURL.test_name_id_of_license_url():  Is there OFL in nameId (13) ? : True is not false
$ mv /home/travis/build/fontdirectory/merriweather/builds/167dc2bdc130bbf9b3a12184bf0e4a2c4d71e3d4/Merriweather-Regular.ttf.fix /home/travis/build/fontdirectory/merriweather/builds/167dc2bdc130bbf9b3a12184bf0e4a2c4d71e3d4/Merriweather-Regular.ttf
note: OK: bakery_lint/tests/downstream/test_license_related_nameid.py: TestNameIdOFLLicenseURL.test_name_id_of_license_url():  Is there OFL in nameId (13) ? : True is not false
note: OK: bakery_lint/tests/downstream/test_license_related_nameid.py: TestNameIdApacheLicense.test_name_id_apache_license():  Is there Apache in nameId (13) ? 
note: OK: bakery_lint/tests/downstream/test_license_related_nameid.py: TestNameIdApacheLicenseURL.test_name_id_apache_license_url():  Is there OFL in nameId (13) ? 
note: OK: bakery_lint/tests/downstream/test_gpos_table_has_kerning_info.py: CheckGposTableHasKerningInfo.test_gpos_table_has_kerning_info():  GPOS table has kerning information 
note: OK: bakery_lint/tests/downstream/test_gasp_table_value.py: CheckGaspTableType.test_check_gasp_table_type():  Font table gasp should be 15 
$ fontbakery-fix-gasp.py --set=15 /home/travis/build/fontdirectory/merriweather/builds/167dc2bdc130bbf9b3a12184bf0e4a2c4d71e3d4/Merriweather-Regular.ttf
$ mv /home/travis/build/fontdirectory/merriweather/builds/167dc2bdc130bbf9b3a12184bf0e4a2c4d71e3d4/Merriweather-Regular.ttf.fix /home/travis/build/fontdirectory/merriweather/builds/167dc2bdc130bbf9b3a12184bf0e4a2c4d71e3d4/Merriweather-Regular.ttf
note: OK: bakery_lint/tests/downstream/test_fontforge_validation_state.py: FontForgeValidateStateTest.test_allowed_numbers_paths_in_composite_glyphs():  Composite glyphs have allowed numbers of paths defined in maxp 
note: OK: bakery_lint/tests/downstream/test_fontforge_validation_state.py: FontForgeValidateStateTest.test_allowed_numbers_paths_in_glyphs():  Glyphs have allowed numbers of paths defined in maxp 
note: OK: bakery_lint/tests/downstream/test_fontforge_validation_state.py: FontForgeValidateStateTest.test_allowed_numbers_points_in_composite_glyphs():  Composite glyphs have allowed numbers of points defined in maxp 
note: OK: bakery_lint/tests/downstream/test_fontforge_validation_state.py: FontForgeValidateStateTest.test_allowed_numbers_points_in_glyphs():  Glyphs have allowed numbers of points defined in maxp 
note: OK: bakery_lint/tests/downstream/test_fontforge_validation_state.py: FontForgeValidateStateTest.test_duplicate_glyphs():  Glyph names are unique. 
note: OK: bakery_lint/tests/downstream/test_fontforge_validation_state.py: FontForgeValidateStateTest.test_duplicate_unicode_codepoints():  Unicode code points are unique. 
note: OK: bakery_lint/tests/downstream/test_fontforge_validation_state.py: FontForgeValidateStateTest.test_flipped_reference_in_glyphs():  References in the glyph haven't been flipped 
note: OK: bakery_lint/tests/downstream/test_fontforge_validation_state.py: FontForgeValidateStateTest.test_missing_anchors():  Glyphs have all required anchors.
            (According to the opentype spec, if a glyph contains an anchor point
            for one anchor class in a subtable, it must contain anchor points
            for all anchor classes in the subtable. Even it, logically,
            they do not apply and are unnecessary.) 
note: FAIL: bakery_lint/tests/downstream/test_fontforge_validation_state.py: FontForgeValidateStateTest.test_missing_extrema_in_glyphs():  Glyphs have points at extremas : True is not false
note: OK: bakery_lint/tests/downstream/test_fontforge_validation_state.py: FontForgeValidateStateTest.test_overlapped_hints():  Hints do not overlap 
note: OK: bakery_lint/tests/downstream/test_fontforge_validation_state.py: FontForgeValidateStateTest.test_points_are_integer_aligned():  Points in glyphs are integer aligned 
note: OK: bakery_lint/tests/downstream/test_fontforge_validation_state.py: FontForgeValidateStateTest.test_points_are_not_too_far_apart():  Points (or control points) are not too far apart 
note: OK: bakery_lint/tests/downstream/test_fontforge_validation_state.py: FontForgeValidateStateTest.test_postscript_hasnt_limit_hints_in_glyphs():  PostScript hasnt a limit of 96 hints in glyphs 
note: OK: bakery_lint/tests/downstream/test_fontforge_validation_state.py: FontForgeValidateStateTest.test_postscript_hasnt_limit_points_in_glyphs():  Not more than 1,500 points in any glyph (a PostScript limit) 
note: OK: bakery_lint/tests/downstream/test_fontforge_validation_state.py: FontForgeValidateStateTest.test_referenced_glyphs_are_present():  Glyph names referred to from glyphs present in the font 
note: OK: bakery_lint/tests/downstream/test_fontforge_validation_state.py: FontForgeValidateStateTest.test_valid_glyph_names():  Font doesn't have invalid glyph names 
note: OK: bakery_lint/tests/downstream/test_fontforge_validation_state.py: FontForgeValidateStateTest.test_valid_length_instructions():  Glyphs instructions have valid lengths 
note: FAIL: bakery_lint/tests/downstream/test_fontforge_validation_state.py: FontForgeValidateStateTest.test_validation_glyph_intersect():  Contours do not intersect : True is not false
note: OK: bakery_lint/tests/downstream/test_fontforge_validation_state.py: FontForgeValidateStateTest.test_validation_open_contours():  Contours are closed 
note: OK: bakery_lint/tests/downstream/test_fontforge_validation_state.py: FontForgeValidateStateTest.test_wrong_direction_in_glyphs():  Contours have correct directions 
note: OK: bakery_lint/tests/downstream/test_check_vertical_metrics.py: CheckVerticalLinegapMetrics.test_metrics_linegaps_are_zero():  Check that linegaps in tables are zero 
note: OK: bakery_lint/tests/downstream/test_check_vertical_metrics.py: CheckVerticalAscentMetrics.test_metrics_ascents_equal_bbox():  Check that ascents values are same as max glyph point 
note: OK: bakery_lint/tests/downstream/test_check_vertical_metrics.py: CheckVerticalDescentMetrics.test_metrics_descents_equal_bbox():  Check that descents values are same as min glyph point 
note: FAIL: bakery_lint/tests/downstream/test_check_upm_heights_less_120.py: TestCheckUPMHeightsLess120.test_check_upm_heigths_less_120():  Check if UPM Heights NOT more than 120% : UPM:Height is 129%, consider redesigning to 120% or less
note: FAIL: bakery_lint/tests/downstream/test_check_unencoded_glyph.py: TestFontUnencodedGlyph.test_font_unencoded_glyphs():  Font does not have unencoded glyphs : There should not be unencoded glyphs
$ fontbakery-fix-glyph-private-encoding.py --autofix /home/travis/build/fontdirectory/merriweather/builds/167dc2bdc130bbf9b3a12184bf0e4a2c4d71e3d4/Merriweather-Regular.ttf
$ mv /home/travis/build/fontdirectory/merriweather/builds/167dc2bdc130bbf9b3a12184bf0e4a2c4d71e3d4/Merriweather-Regular.ttf.fix /home/travis/build/fontdirectory/merriweather/builds/167dc2bdc130bbf9b3a12184bf0e4a2c4d71e3d4/Merriweather-Regular.ttf
note: FAIL: bakery_lint/tests/downstream/test_check_unencoded_glyph.py: TestFontUnencodedGlyph.test_font_unencoded_glyphs():  Font does not have unencoded glyphs : There should not be unencoded glyphs
note: OK: bakery_lint/tests/downstream/test_check_panose_identification.py: CheckPanoseIdentification.test_check_panose_identification():  Check if Panose is not set to monospaced if advancewidth of
            all glyphs is not equal to each others 
note: OK: bakery_lint/tests/downstream/test_check_os2_width_class.py: CheckOS2WidthClass.test_check_os2_width_class(): 
note: OK: bakery_lint/tests/downstream/test_check_no_problematic_formats.py: CheckNoProblematicFormats.test_check_no_problematic_formats():  Check that font contain required tables 
required: OK: bakery_lint/tests/downstream/test_check_nbsp_width_matches_sp_width.py: CheckNbspWidthMatchesSpWidth.test_check_nbsp_width_matches_sp_width():  Check non-breaking space's advancewidth is the same as space 
required: OK: bakery_lint/tests/downstream/test_check_names_same_across_platforms.py: CheckNamesSameAcrossPlatforms.test_check_names_same_across_platforms():  Font names are same across specific-platforms 
note: FAIL: bakery_lint/tests/downstream/test_check_name_table_recommendation.py: CheckOTStyleNameRecommendation.test_check_stylename_is_under_recommendations():  Style name must be equal to one of the following four
            values: "Regular", "Italic", "Bold" or "Bold Italic" : '' not found in ['Regular', 'Italic', 'Bold', 'Bold Italic']
$ fontbakery-fix-opentype-names.py /home/travis/build/fontdirectory/merriweather/builds/167dc2bdc130bbf9b3a12184bf0e4a2c4d71e3d4/Merriweather-Regular.ttf
$ mv /home/travis/build/fontdirectory/merriweather/builds/167dc2bdc130bbf9b3a12184bf0e4a2c4d71e3d4/Merriweather-Regular.ttf.fix /home/travis/build/fontdirectory/merriweather/builds/167dc2bdc130bbf9b3a12184bf0e4a2c4d71e3d4/Merriweather-Regular.ttf
note: OK: bakery_lint/tests/downstream/test_check_name_table_recommendation.py: CheckOTStyleNameRecommendation.test_check_stylename_is_under_recommendations():  Style name must be equal to one of the following four
            values: "Regular", "Italic", "Bold" or "Bold Italic" : '' not found in ['Regular', 'Italic', 'Bold', 'Bold Italic']
note: OK: bakery_lint/tests/downstream/test_check_name_table_recommendation.py: CheckOTFamilyNameRecommendation.test_check_opentype_familyname():  OT Family Name for Windows should be equal to Family Name 
note: OK: bakery_lint/tests/downstream/test_check_name_table_recommendation.py: CheckOTFullNameRecommendation.test_check_opentype_fullname():  Full name matches Windows-only Opentype-specific FullName 
note: OK: bakery_lint/tests/downstream/test_check_name_table_recommendation.py: CheckSuggestedSubfamilyName.test_suggested_subfamily_name():  Family does not contain subfamily in `name` table 
note: OK: bakery_lint/tests/downstream/test_check_magic_prep_code.py: CheckMagicPREPByteCode.test_prep_magic_code():  Font contains in PREP table magic code 
required: OK: bakery_lint/tests/downstream/test_check_license_included.py: CheckLicenseIncluded.test_license_included_in_font_names():  Check font has a correct license url 
required: OK: bakery_lint/tests/downstream/test_check_italic_angle_agreement.py: CheckItalicAngleAgreement.test_check_italic_angle_agreement():  Check italicangle property zero or negative 
note: OK: bakery_lint/tests/downstream/test_check_hmtx_hhea_max_advance_width_agreement.py: CheckHmtxHheaMaxAdvanceWidthAgreement.test_check_hmtx_hhea_max_advance_width_agreement():  Check if MaxAdvanceWidth agree in the Hmtx and Hhea tables 
note: OK: bakery_lint/tests/downstream/test_check_glyph_existence.py: CheckGlyphExistence.test_euro():  Check if 'EURO SIGN' exists 
required: OK: bakery_lint/tests/downstream/test_check_glyph_existence.py: CheckGlyphExistence.test_nbsp():  Check if 'NO-BREAK SPACE' exists
required: OK: bakery_lint/tests/downstream/test_check_glyph_existence.py: CheckGlyphExistence.test_space():  Check if 'SPACE' exists 
note: FAIL: bakery_lint/tests/downstream/test_check_glyf_table_length.py: CheckGlyfTableLength.test_check_glyf_table_length():  Check if there is unused data at the end of the glyf table : Glyf table has unreachable data at the end of the table. Expected glyf table length 692 (from loca table), got length 37884 (difference: 37192)
note: OK: bakery_lint/tests/downstream/test_check_full_font_name_begins_with_family_name.py: CheckFullFontNameBeginsWithFamilyName.test_check_full_font_name_begins_with_family_name():  Check if full font name begins with the font family name 
note: FAIL: bakery_lint/tests/downstream/test_check_fontname_matches_macstyle.py: CheckFontNameEqualToMacStyleFlags.test_fontname_is_equal_to_macstyle():  Check that fontname is equal to macstyle flags : macStyle (b0) supposed style ended with "Regular"
note: FAIL: bakery_lint/tests/downstream/test_check_font_tables.py: CheckFontHasDsigTable.test_check_font_has_dsig_table():  Check that font has DSIG table : Font does not have "DSIG" table
$ fontbakery-fix-dsig.py /home/travis/build/fontdirectory/merriweather/builds/167dc2bdc130bbf9b3a12184bf0e4a2c4d71e3d4/Merriweather-Regular.ttf
$ mv /home/travis/build/fontdirectory/merriweather/builds/167dc2bdc130bbf9b3a12184bf0e4a2c4d71e3d4/Merriweather-Regular.ttf.fix /home/travis/build/fontdirectory/merriweather/builds/167dc2bdc130bbf9b3a12184bf0e4a2c4d71e3d4/Merriweather-Regular.ttf
note: OK: bakery_lint/tests/downstream/test_check_font_tables.py: CheckFontHasDsigTable.test_check_font_has_dsig_table():  Check that font has DSIG table : Font does not have "DSIG" table
note: OK: bakery_lint/tests/downstream/test_check_font_tables.py: CheckFontHasNotKernTable.test_no_kern_table_exists():  Check that no "KERN" table exists 
required: OK: bakery_lint/tests/downstream/test_check_font_sanitized_for_chrome_and_firefox.py: OTSTest.test_ots():  Is TTF file correctly sanitized for Firefox and Chrome 
required: OK: bakery_lint/tests/downstream/test_check_font_agreements.py: CheckFsTypeIsNotSet.test_is_fstype_not_set():  Is the OS/2 table fsType set to 0? 
note: FAIL: bakery_lint/tests/downstream/test_check_font_agreements.py: CheckFontAgreements.test_em_is_1000():  Font em size should be 1000, but doesn't have to be : 2048 != 1000
note: OK: bakery_lint/tests/downstream/test_check_font_agreements.py: CheckFontAgreements.test_font_is_font():  File provided as parameter is TTF font file 
required: OK: bakery_lint/tests/downstream/test_check_font_agreements.py: CheckFontAgreements.test_latin_file_exists():  GF requires a latin subset, so we check that font file exists 
required: OK: bakery_lint/tests/downstream/test_check_font_agreements.py: CheckFontAgreements.test_menu_file_exists():  GF requires a menu subset, so we check that font file exists 



### Optimize TTF Merriweather-Regular.ttf
Before: ['GlyphOrder', 'head', 'hhea', 'maxp', 'OS/2', 'hmtx', 'cmap', 'prep', 'loca', 'glyf', 'name', 'post', 'gasp', 'FFTM', 'GDEF', 'GPOS', 'GSUB', 'DSIG']
{'notdef_outline': True, 'name_IDs': ['*'], 'layout_features': ['*'], 'hinting': True, 'legacy_kern': True}

$ ls -l 'Merriweather-Regular.ttf'* # look at the size savings of that subset process
Merriweather-Regular.ttf.opt: 43644 bytes
Merriweather-Regular.ttf: 46748 bytes

Now: ['GlyphOrder', 'head', 'hhea', 'maxp', 'OS/2', 'hmtx', 'cmap', 'prep', 'loca', 'glyf', 'name', 'post', 'gasp', 'GDEF', 'GPOS', 'GSUB']

$ mv /home/travis/build/fontdirectory/merriweather/builds/167dc2bdc130bbf9b3a12184bf0e4a2c4d71e3d4/Merriweather-Regular.ttf.opt /home/travis/build/fontdirectory/merriweather/builds/167dc2bdc130bbf9b3a12184bf0e4a2c4d71e3d4/Merriweather-Regular.ttf



### Autohint TTFs (ttfautohint) Merriweather-Regular.ttf
$ ttfautohint -l 7 -r 28 -G 50 -x 13 -w "G" /home/travis/build/fontdirectory/merriweather/builds/167dc2bdc130bbf9b3a12184bf0e4a2c4d71e3d4/Merriweather-Regular.ttf '/home/travis/build/fontdirectory/merriweather/builds/167dc2bdc130bbf9b3a12184bf0e4a2c4d71e3d4/Merriweather-Regular.autohint.ttf'


$ ls -l /home/travis/build/fontdirectory/merriweather/builds/167dc2bdc130bbf9b3a12184bf0e4a2c4d71e3d4/Merriweather-Regular.*ttf # look at the size savings of that subset process
/home/travis/build/fontdirectory/merriweather/builds/167dc2bdc130bbf9b3a12184bf0e4a2c4d71e3d4/Merriweather-Regular.ttf: 43644 bytes
/home/travis/build/fontdirectory/merriweather/builds/167dc2bdc130bbf9b3a12184bf0e4a2c4d71e3d4/Merriweather-Regular.autohint.ttf: 63984 bytes


$ mv /home/travis/build/fontdirectory/merriweather/builds/167dc2bdc130bbf9b3a12184bf0e4a2c4d71e3d4/Merriweather-Regular.autohint.ttf /home/travis/build/fontdirectory/merriweather/builds/167dc2bdc130bbf9b3a12184bf0e4a2c4d71e3d4/Merriweather-Regular.ttf

$ mv /home/travis/build/fontdirectory/merriweather/builds/167dc2bdc130bbf9b3a12184bf0e4a2c4d71e3d4/sources/Merriweather-BlackItalic.ttf /home/travis/build/fontdirectory/merriweather/builds/167dc2bdc130bbf9b3a12184bf0e4a2c4d71e3d4/Merriweather-BlackItalic.ttf



### Subset TTFs (pyftsubset) Merriweather-BlackItalic.ttf

$ pyftsubset Merriweather-BlackItalic.latin

$ pyftsubset Merriweather-BlackItalic.latin-ext

$ pyftsubset Merriweather-BlackItalic.cyrillic

$ pyftsubset Merriweather-BlackItalic.menu



### Test Merriweather-BlackItalic.ttf

$ fontbakery-check.py result Merriweather-BlackItalic.ttf
note: OK: bakery_lint/tests/downstream/test_names_are_ascii_only.py: CheckNamesAreASCIIOnly.test_check_names_are_ascii_only():  NAME and CFF tables must not contain non-ascii characters 
note: OK: bakery_lint/tests/downstream/test_license_related_nameid.py: TestNameIdCopyright.test_name_id_copyright():  Is there `opyright` substring nameID in nameId (10) ? 
note: FAIL: bakery_lint/tests/downstream/test_license_related_nameid.py: TestNameIdOFLLicense.test_name_id_of_license():  Is there OFL in nameId (13) ? : License file OFL.txt exists but NameID value is not specified for that
SETTING UP: This Font Software is licensed under the SIL Open Font License, Version 1.1. This license is available with a FAQ at http://scripts.sil.org/OFL

$ mv /home/travis/build/fontdirectory/merriweather/builds/167dc2bdc130bbf9b3a12184bf0e4a2c4d71e3d4/Merriweather-BlackItalic.ttf.fix /home/travis/build/fontdirectory/merriweather/builds/167dc2bdc130bbf9b3a12184bf0e4a2c4d71e3d4/Merriweather-BlackItalic.ttf
note: OK: bakery_lint/tests/downstream/test_license_related_nameid.py: TestNameIdOFLLicense.test_name_id_of_license():  Is there OFL in nameId (13) ? : License file OFL.txt exists but NameID value is not specified for that
note: FAIL: bakery_lint/tests/downstream/test_license_related_nameid.py: TestNameIdOFLLicenseURL.test_name_id_of_license_url():  Is there OFL in nameId (13) ? : True is not false
$ mv /home/travis/build/fontdirectory/merriweather/builds/167dc2bdc130bbf9b3a12184bf0e4a2c4d71e3d4/Merriweather-BlackItalic.ttf.fix /home/travis/build/fontdirectory/merriweather/builds/167dc2bdc130bbf9b3a12184bf0e4a2c4d71e3d4/Merriweather-BlackItalic.ttf
note: OK: bakery_lint/tests/downstream/test_license_related_nameid.py: TestNameIdOFLLicenseURL.test_name_id_of_license_url():  Is there OFL in nameId (13) ? : True is not false
note: OK: bakery_lint/tests/downstream/test_license_related_nameid.py: TestNameIdApacheLicense.test_name_id_apache_license():  Is there Apache in nameId (13) ? 
note: OK: bakery_lint/tests/downstream/test_license_related_nameid.py: TestNameIdApacheLicenseURL.test_name_id_apache_license_url():  Is there OFL in nameId (13) ? 
note: OK: bakery_lint/tests/downstream/test_gpos_table_has_kerning_info.py: CheckGposTableHasKerningInfo.test_gpos_table_has_kerning_info():  GPOS table has kerning information 
note: OK: bakery_lint/tests/downstream/test_gasp_table_value.py: CheckGaspTableType.test_check_gasp_table_type():  Font table gasp should be 15 
$ fontbakery-fix-gasp.py --set=15 /home/travis/build/fontdirectory/merriweather/builds/167dc2bdc130bbf9b3a12184bf0e4a2c4d71e3d4/Merriweather-BlackItalic.ttf
$ mv /home/travis/build/fontdirectory/merriweather/builds/167dc2bdc130bbf9b3a12184bf0e4a2c4d71e3d4/Merriweather-BlackItalic.ttf.fix /home/travis/build/fontdirectory/merriweather/builds/167dc2bdc130bbf9b3a12184bf0e4a2c4d71e3d4/Merriweather-BlackItalic.ttf
note: OK: bakery_lint/tests/downstream/test_fontforge_validation_state.py: FontForgeValidateStateTest.test_allowed_numbers_paths_in_composite_glyphs():  Composite glyphs have allowed numbers of paths defined in maxp 
note: OK: bakery_lint/tests/downstream/test_fontforge_validation_state.py: FontForgeValidateStateTest.test_allowed_numbers_paths_in_glyphs():  Glyphs have allowed numbers of paths defined in maxp 
note: OK: bakery_lint/tests/downstream/test_fontforge_validation_state.py: FontForgeValidateStateTest.test_allowed_numbers_points_in_composite_glyphs():  Composite glyphs have allowed numbers of points defined in maxp 
note: OK: bakery_lint/tests/downstream/test_fontforge_validation_state.py: FontForgeValidateStateTest.test_allowed_numbers_points_in_glyphs():  Glyphs have allowed numbers of points defined in maxp 
note: OK: bakery_lint/tests/downstream/test_fontforge_validation_state.py: FontForgeValidateStateTest.test_duplicate_glyphs():  Glyph names are unique. 
note: OK: bakery_lint/tests/downstream/test_fontforge_validation_state.py: FontForgeValidateStateTest.test_duplicate_unicode_codepoints():  Unicode code points are unique. 
note: OK: bakery_lint/tests/downstream/test_fontforge_validation_state.py: FontForgeValidateStateTest.test_flipped_reference_in_glyphs():  References in the glyph haven't been flipped 
note: OK: bakery_lint/tests/downstream/test_fontforge_validation_state.py: FontForgeValidateStateTest.test_missing_anchors():  Glyphs have all required anchors.
            (According to the opentype spec, if a glyph contains an anchor point
            for one anchor class in a subtable, it must contain anchor points
            for all anchor classes in the subtable. Even it, logically,
            they do not apply and are unnecessary.) 
note: FAIL: bakery_lint/tests/downstream/test_fontforge_validation_state.py: FontForgeValidateStateTest.test_missing_extrema_in_glyphs():  Glyphs have points at extremas : True is not false
note: OK: bakery_lint/tests/downstream/test_fontforge_validation_state.py: FontForgeValidateStateTest.test_overlapped_hints():  Hints do not overlap 
note: OK: bakery_lint/tests/downstream/test_fontforge_validation_state.py: FontForgeValidateStateTest.test_points_are_integer_aligned():  Points in glyphs are integer aligned 
note: OK: bakery_lint/tests/downstream/test_fontforge_validation_state.py: FontForgeValidateStateTest.test_points_are_not_too_far_apart():  Points (or control points) are not too far apart 
note: OK: bakery_lint/tests/downstream/test_fontforge_validation_state.py: FontForgeValidateStateTest.test_postscript_hasnt_limit_hints_in_glyphs():  PostScript hasnt a limit of 96 hints in glyphs 
note: OK: bakery_lint/tests/downstream/test_fontforge_validation_state.py: FontForgeValidateStateTest.test_postscript_hasnt_limit_points_in_glyphs():  Not more than 1,500 points in any glyph (a PostScript limit) 
note: OK: bakery_lint/tests/downstream/test_fontforge_validation_state.py: FontForgeValidateStateTest.test_referenced_glyphs_are_present():  Glyph names referred to from glyphs present in the font 
note: OK: bakery_lint/tests/downstream/test_fontforge_validation_state.py: FontForgeValidateStateTest.test_valid_glyph_names():  Font doesn't have invalid glyph names 
note: OK: bakery_lint/tests/downstream/test_fontforge_validation_state.py: FontForgeValidateStateTest.test_valid_length_instructions():  Glyphs instructions have valid lengths 
note: FAIL: bakery_lint/tests/downstream/test_fontforge_validation_state.py: FontForgeValidateStateTest.test_validation_glyph_intersect():  Contours do not intersect : True is not false
note: OK: bakery_lint/tests/downstream/test_fontforge_validation_state.py: FontForgeValidateStateTest.test_validation_open_contours():  Contours are closed 
note: FAIL: bakery_lint/tests/downstream/test_fontforge_validation_state.py: FontForgeValidateStateTest.test_wrong_direction_in_glyphs():  Contours have correct directions : True is not false
note: OK: bakery_lint/tests/downstream/test_check_vertical_metrics.py: CheckVerticalLinegapMetrics.test_metrics_linegaps_are_zero():  Check that linegaps in tables are zero 
note: OK: bakery_lint/tests/downstream/test_check_vertical_metrics.py: CheckVerticalAscentMetrics.test_metrics_ascents_equal_bbox():  Check that ascents values are same as max glyph point 
note: OK: bakery_lint/tests/downstream/test_check_vertical_metrics.py: CheckVerticalDescentMetrics.test_metrics_descents_equal_bbox():  Check that descents values are same as min glyph point 
note: FAIL: bakery_lint/tests/downstream/test_check_upm_heights_less_120.py: TestCheckUPMHeightsLess120.test_check_upm_heigths_less_120():  Check if UPM Heights NOT more than 120% : UPM:Height is 129%, consider redesigning to 120% or less
note: FAIL: bakery_lint/tests/downstream/test_check_unencoded_glyph.py: TestFontUnencodedGlyph.test_font_unencoded_glyphs():  Font does not have unencoded glyphs : There should not be unencoded glyphs
$ fontbakery-fix-glyph-private-encoding.py --autofix /home/travis/build/fontdirectory/merriweather/builds/167dc2bdc130bbf9b3a12184bf0e4a2c4d71e3d4/Merriweather-BlackItalic.ttf
$ mv /home/travis/build/fontdirectory/merriweather/builds/167dc2bdc130bbf9b3a12184bf0e4a2c4d71e3d4/Merriweather-BlackItalic.ttf.fix /home/travis/build/fontdirectory/merriweather/builds/167dc2bdc130bbf9b3a12184bf0e4a2c4d71e3d4/Merriweather-BlackItalic.ttf
note: FAIL: bakery_lint/tests/downstream/test_check_unencoded_glyph.py: TestFontUnencodedGlyph.test_font_unencoded_glyphs():  Font does not have unencoded glyphs : There should not be unencoded glyphs
note: OK: bakery_lint/tests/downstream/test_check_panose_identification.py: CheckPanoseIdentification.test_check_panose_identification():  Check if Panose is not set to monospaced if advancewidth of
            all glyphs is not equal to each others 
note: OK: bakery_lint/tests/downstream/test_check_os2_width_class.py: CheckOS2WidthClass.test_check_os2_width_class(): 
note: OK: bakery_lint/tests/downstream/test_check_no_problematic_formats.py: CheckNoProblematicFormats.test_check_no_problematic_formats():  Check that font contain required tables 
required: OK: bakery_lint/tests/downstream/test_check_nbsp_width_matches_sp_width.py: CheckNbspWidthMatchesSpWidth.test_check_nbsp_width_matches_sp_width():  Check non-breaking space's advancewidth is the same as space 
required: OK: bakery_lint/tests/downstream/test_check_names_same_across_platforms.py: CheckNamesSameAcrossPlatforms.test_check_names_same_across_platforms():  Font names are same across specific-platforms 
note: FAIL: bakery_lint/tests/downstream/test_check_name_table_recommendation.py: CheckOTStyleNameRecommendation.test_check_stylename_is_under_recommendations():  Style name must be equal to one of the following four
            values: "Regular", "Italic", "Bold" or "Bold Italic" : '' not found in ['Regular', 'Italic', 'Bold', 'Bold Italic']
$ fontbakery-fix-opentype-names.py /home/travis/build/fontdirectory/merriweather/builds/167dc2bdc130bbf9b3a12184bf0e4a2c4d71e3d4/Merriweather-BlackItalic.ttf
$ mv /home/travis/build/fontdirectory/merriweather/builds/167dc2bdc130bbf9b3a12184bf0e4a2c4d71e3d4/Merriweather-BlackItalic.ttf.fix /home/travis/build/fontdirectory/merriweather/builds/167dc2bdc130bbf9b3a12184bf0e4a2c4d71e3d4/Merriweather-BlackItalic.ttf
note: OK: bakery_lint/tests/downstream/test_check_name_table_recommendation.py: CheckOTStyleNameRecommendation.test_check_stylename_is_under_recommendations():  Style name must be equal to one of the following four
            values: "Regular", "Italic", "Bold" or "Bold Italic" : '' not found in ['Regular', 'Italic', 'Bold', 'Bold Italic']
note: OK: bakery_lint/tests/downstream/test_check_name_table_recommendation.py: CheckOTFamilyNameRecommendation.test_check_opentype_familyname():  OT Family Name for Windows should be equal to Family Name 
note: FAIL: bakery_lint/tests/downstream/test_check_name_table_recommendation.py: CheckOTFullNameRecommendation.test_check_opentype_fullname():  Full name matches Windows-only Opentype-specific FullName : u'Merriweather Bold Italic' != u'Merriweather Black Italic'
- Merriweather Bold Italic
?               - ^
+ Merriweather Black Italic
?                ^^^

$ fontbakery-fix-opentype-names.py /home/travis/build/fontdirectory/merriweather/builds/167dc2bdc130bbf9b3a12184bf0e4a2c4d71e3d4/Merriweather-BlackItalic.ttf
$ mv /home/travis/build/fontdirectory/merriweather/builds/167dc2bdc130bbf9b3a12184bf0e4a2c4d71e3d4/Merriweather-BlackItalic.ttf.fix /home/travis/build/fontdirectory/merriweather/builds/167dc2bdc130bbf9b3a12184bf0e4a2c4d71e3d4/Merriweather-BlackItalic.ttf
note: FAIL: bakery_lint/tests/downstream/test_check_name_table_recommendation.py: CheckOTFullNameRecommendation.test_check_opentype_fullname():  Full name matches Windows-only Opentype-specific FullName : u'Merriweather Bold Italic' != u'Merriweather Black Italic'
- Merriweather Bold Italic
?               - ^
+ Merriweather Black Italic
?                ^^^

note: OK: bakery_lint/tests/downstream/test_check_name_table_recommendation.py: CheckSuggestedSubfamilyName.test_suggested_subfamily_name():  Family does not contain subfamily in `name` table 
note: FAIL: bakery_lint/tests/downstream/test_check_magic_prep_code.py: CheckMagicPREPByteCode.test_prep_magic_code():  Font contains in PREP table magic code : PREP does not contain magic code
required: OK: bakery_lint/tests/downstream/test_check_license_included.py: CheckLicenseIncluded.test_license_included_in_font_names():  Check font has a correct license url 
required: OK: bakery_lint/tests/downstream/test_check_italic_angle_agreement.py: CheckItalicAngleAgreement.test_check_italic_angle_agreement():  Check italicangle property zero or negative 
note: OK: bakery_lint/tests/downstream/test_check_hmtx_hhea_max_advance_width_agreement.py: CheckHmtxHheaMaxAdvanceWidthAgreement.test_check_hmtx_hhea_max_advance_width_agreement():  Check if MaxAdvanceWidth agree in the Hmtx and Hhea tables 
note: OK: bakery_lint/tests/downstream/test_check_glyph_existence.py: CheckGlyphExistence.test_euro():  Check if 'EURO SIGN' exists 
required: OK: bakery_lint/tests/downstream/test_check_glyph_existence.py: CheckGlyphExistence.test_nbsp():  Check if 'NO-BREAK SPACE' exists
required: OK: bakery_lint/tests/downstream/test_check_glyph_existence.py: CheckGlyphExistence.test_space():  Check if 'SPACE' exists 
note: FAIL: bakery_lint/tests/downstream/test_check_glyf_table_length.py: CheckGlyfTableLength.test_check_glyf_table_length():  Check if there is unused data at the end of the glyf table : Glyf table has unreachable data at the end of the table. Expected glyf table length 902 (from loca table), got length 38694 (difference: 37792)
note: OK: bakery_lint/tests/downstream/test_check_full_font_name_begins_with_family_name.py: CheckFullFontNameBeginsWithFamilyName.test_check_full_font_name_begins_with_family_name():  Check if full font name begins with the font family name 
note: FAIL: bakery_lint/tests/downstream/test_check_fontname_matches_macstyle.py: CheckFontNameEqualToMacStyleFlags.test_fontname_is_equal_to_macstyle():  Check that fontname is equal to macstyle flags : macStyle (11) supposed style ended with "BoldItalic"
note: FAIL: bakery_lint/tests/downstream/test_check_font_tables.py: CheckFontHasDsigTable.test_check_font_has_dsig_table():  Check that font has DSIG table : Font does not have "DSIG" table
$ fontbakery-fix-dsig.py /home/travis/build/fontdirectory/merriweather/builds/167dc2bdc130bbf9b3a12184bf0e4a2c4d71e3d4/Merriweather-BlackItalic.ttf
$ mv /home/travis/build/fontdirectory/merriweather/builds/167dc2bdc130bbf9b3a12184bf0e4a2c4d71e3d4/Merriweather-BlackItalic.ttf.fix /home/travis/build/fontdirectory/merriweather/builds/167dc2bdc130bbf9b3a12184bf0e4a2c4d71e3d4/Merriweather-BlackItalic.ttf
note: OK: bakery_lint/tests/downstream/test_check_font_tables.py: CheckFontHasDsigTable.test_check_font_has_dsig_table():  Check that font has DSIG table : Font does not have "DSIG" table
note: OK: bakery_lint/tests/downstream/test_check_font_tables.py: CheckFontHasNotKernTable.test_no_kern_table_exists():  Check that no "KERN" table exists 
required: FAIL: bakery_lint/tests/downstream/test_check_font_sanitized_for_chrome_and_firefox.py: OTSTest.test_ots():  Is TTF file correctly sanitized for Firefox and Chrome : '' != "ERROR: Layout: DFLT table doesn't satisfy the spec. for script tag TLFD\nERROR: Layout: Failed to parse script table 0\nERROR: GSUB: Failed to parse script list table, table discarded"
required: OK: bakery_lint/tests/downstream/test_check_font_agreements.py: CheckFsTypeIsNotSet.test_is_fstype_not_set():  Is the OS/2 table fsType set to 0? 
note: FAIL: bakery_lint/tests/downstream/test_check_font_agreements.py: CheckFontAgreements.test_em_is_1000():  Font em size should be 1000, but doesn't have to be : 2048 != 1000
note: OK: bakery_lint/tests/downstream/test_check_font_agreements.py: CheckFontAgreements.test_font_is_font():  File provided as parameter is TTF font file 
required: OK: bakery_lint/tests/downstream/test_check_font_agreements.py: CheckFontAgreements.test_latin_file_exists():  GF requires a latin subset, so we check that font file exists 
required: OK: bakery_lint/tests/downstream/test_check_font_agreements.py: CheckFontAgreements.test_menu_file_exists():  GF requires a menu subset, so we check that font file exists 



### Optimize TTF Merriweather-BlackItalic.ttf
Before: ['GlyphOrder', 'head', 'hhea', 'maxp', 'OS/2', 'hmtx', 'cmap', 'fpgm', 'prep', 'cvt ', 'loca', 'glyf', 'name', 'post', 'gasp', 'FFTM', 'GDEF', 'GPOS', 'GSUB', 'DSIG']
{'notdef_outline': True, 'name_IDs': ['*'], 'layout_features': ['*'], 'hinting': True, 'legacy_kern': True}

$ ls -l 'Merriweather-BlackItalic.ttf'* # look at the size savings of that subset process
Merriweather-BlackItalic.ttf.opt: 48596 bytes
Merriweather-BlackItalic.ttf: 52652 bytes

Now: ['GlyphOrder', 'head', 'hhea', 'maxp', 'OS/2', 'hmtx', 'cmap', 'fpgm', 'prep', 'cvt ', 'loca', 'glyf', 'name', 'post', 'gasp', 'GDEF', 'GPOS', 'GSUB']

$ mv /home/travis/build/fontdirectory/merriweather/builds/167dc2bdc130bbf9b3a12184bf0e4a2c4d71e3d4/Merriweather-BlackItalic.ttf.opt /home/travis/build/fontdirectory/merriweather/builds/167dc2bdc130bbf9b3a12184bf0e4a2c4d71e3d4/Merriweather-BlackItalic.ttf



### Autohint TTFs (ttfautohint) Merriweather-BlackItalic.ttf
$ ttfautohint -l 7 -r 28 -G 50 -x 13 -w "G" /home/travis/build/fontdirectory/merriweather/builds/167dc2bdc130bbf9b3a12184bf0e4a2c4d71e3d4/Merriweather-BlackItalic.ttf '/home/travis/build/fontdirectory/merriweather/builds/167dc2bdc130bbf9b3a12184bf0e4a2c4d71e3d4/Merriweather-BlackItalic.autohint.ttf'


$ ls -l /home/travis/build/fontdirectory/merriweather/builds/167dc2bdc130bbf9b3a12184bf0e4a2c4d71e3d4/Merriweather-BlackItalic.*ttf # look at the size savings of that subset process
/home/travis/build/fontdirectory/merriweather/builds/167dc2bdc130bbf9b3a12184bf0e4a2c4d71e3d4/Merriweather-BlackItalic.ttf: 48596 bytes
/home/travis/build/fontdirectory/merriweather/builds/167dc2bdc130bbf9b3a12184bf0e4a2c4d71e3d4/Merriweather-BlackItalic.autohint.ttf: 51156 bytes


$ mv /home/travis/build/fontdirectory/merriweather/builds/167dc2bdc130bbf9b3a12184bf0e4a2c4d71e3d4/Merriweather-BlackItalic.autohint.ttf /home/travis/build/fontdirectory/merriweather/builds/167dc2bdc130bbf9b3a12184bf0e4a2c4d71e3d4/Merriweather-BlackItalic.ttf

$ mv /home/travis/build/fontdirectory/merriweather/builds/167dc2bdc130bbf9b3a12184bf0e4a2c4d71e3d4/sources/Merriweather-BoldItalic.ttf /home/travis/build/fontdirectory/merriweather/builds/167dc2bdc130bbf9b3a12184bf0e4a2c4d71e3d4/Merriweather-BoldItalic.ttf



### Subset TTFs (pyftsubset) Merriweather-BoldItalic.ttf

$ pyftsubset Merriweather-BoldItalic.latin

$ pyftsubset Merriweather-BoldItalic.latin-ext

$ pyftsubset Merriweather-BoldItalic.cyrillic

$ pyftsubset Merriweather-BoldItalic.menu



### Test Merriweather-BoldItalic.ttf

$ fontbakery-check.py result Merriweather-BoldItalic.ttf
note: OK: bakery_lint/tests/downstream/test_names_are_ascii_only.py: CheckNamesAreASCIIOnly.test_check_names_are_ascii_only():  NAME and CFF tables must not contain non-ascii characters 
note: OK: bakery_lint/tests/downstream/test_license_related_nameid.py: TestNameIdCopyright.test_name_id_copyright():  Is there `opyright` substring nameID in nameId (10) ? 
note: FAIL: bakery_lint/tests/downstream/test_license_related_nameid.py: TestNameIdOFLLicense.test_name_id_of_license():  Is there OFL in nameId (13) ? : License file OFL.txt exists but NameID value is not specified for that
SETTING UP: This Font Software is licensed under the SIL Open Font License, Version 1.1. This license is available with a FAQ at http://scripts.sil.org/OFL

$ mv /home/travis/build/fontdirectory/merriweather/builds/167dc2bdc130bbf9b3a12184bf0e4a2c4d71e3d4/Merriweather-BoldItalic.ttf.fix /home/travis/build/fontdirectory/merriweather/builds/167dc2bdc130bbf9b3a12184bf0e4a2c4d71e3d4/Merriweather-BoldItalic.ttf
note: OK: bakery_lint/tests/downstream/test_license_related_nameid.py: TestNameIdOFLLicense.test_name_id_of_license():  Is there OFL in nameId (13) ? : License file OFL.txt exists but NameID value is not specified for that
note: FAIL: bakery_lint/tests/downstream/test_license_related_nameid.py: TestNameIdOFLLicenseURL.test_name_id_of_license_url():  Is there OFL in nameId (13) ? : True is not false
$ mv /home/travis/build/fontdirectory/merriweather/builds/167dc2bdc130bbf9b3a12184bf0e4a2c4d71e3d4/Merriweather-BoldItalic.ttf.fix /home/travis/build/fontdirectory/merriweather/builds/167dc2bdc130bbf9b3a12184bf0e4a2c4d71e3d4/Merriweather-BoldItalic.ttf
note: OK: bakery_lint/tests/downstream/test_license_related_nameid.py: TestNameIdOFLLicenseURL.test_name_id_of_license_url():  Is there OFL in nameId (13) ? : True is not false
note: OK: bakery_lint/tests/downstream/test_license_related_nameid.py: TestNameIdApacheLicense.test_name_id_apache_license():  Is there Apache in nameId (13) ? 
note: OK: bakery_lint/tests/downstream/test_license_related_nameid.py: TestNameIdApacheLicenseURL.test_name_id_apache_license_url():  Is there OFL in nameId (13) ? 
note: OK: bakery_lint/tests/downstream/test_gpos_table_has_kerning_info.py: CheckGposTableHasKerningInfo.test_gpos_table_has_kerning_info():  GPOS table has kerning information 
note: OK: bakery_lint/tests/downstream/test_gasp_table_value.py: CheckGaspTableType.test_check_gasp_table_type():  Font table gasp should be 15 
$ fontbakery-fix-gasp.py --set=15 /home/travis/build/fontdirectory/merriweather/builds/167dc2bdc130bbf9b3a12184bf0e4a2c4d71e3d4/Merriweather-BoldItalic.ttf
$ mv /home/travis/build/fontdirectory/merriweather/builds/167dc2bdc130bbf9b3a12184bf0e4a2c4d71e3d4/Merriweather-BoldItalic.ttf.fix /home/travis/build/fontdirectory/merriweather/builds/167dc2bdc130bbf9b3a12184bf0e4a2c4d71e3d4/Merriweather-BoldItalic.ttf
note: OK: bakery_lint/tests/downstream/test_fontforge_validation_state.py: FontForgeValidateStateTest.test_allowed_numbers_paths_in_composite_glyphs():  Composite glyphs have allowed numbers of paths defined in maxp 
note: OK: bakery_lint/tests/downstream/test_fontforge_validation_state.py: FontForgeValidateStateTest.test_allowed_numbers_paths_in_glyphs():  Glyphs have allowed numbers of paths defined in maxp 
note: OK: bakery_lint/tests/downstream/test_fontforge_validation_state.py: FontForgeValidateStateTest.test_allowed_numbers_points_in_composite_glyphs():  Composite glyphs have allowed numbers of points defined in maxp 
note: OK: bakery_lint/tests/downstream/test_fontforge_validation_state.py: FontForgeValidateStateTest.test_allowed_numbers_points_in_glyphs():  Glyphs have allowed numbers of points defined in maxp 
note: OK: bakery_lint/tests/downstream/test_fontforge_validation_state.py: FontForgeValidateStateTest.test_duplicate_glyphs():  Glyph names are unique. 
note: OK: bakery_lint/tests/downstream/test_fontforge_validation_state.py: FontForgeValidateStateTest.test_duplicate_unicode_codepoints():  Unicode code points are unique. 
note: OK: bakery_lint/tests/downstream/test_fontforge_validation_state.py: FontForgeValidateStateTest.test_flipped_reference_in_glyphs():  References in the glyph haven't been flipped 
note: OK: bakery_lint/tests/downstream/test_fontforge_validation_state.py: FontForgeValidateStateTest.test_missing_anchors():  Glyphs have all required anchors.
            (According to the opentype spec, if a glyph contains an anchor point
            for one anchor class in a subtable, it must contain anchor points
            for all anchor classes in the subtable. Even it, logically,
            they do not apply and are unnecessary.) 
note: FAIL: bakery_lint/tests/downstream/test_fontforge_validation_state.py: FontForgeValidateStateTest.test_missing_extrema_in_glyphs():  Glyphs have points at extremas : True is not false
note: OK: bakery_lint/tests/downstream/test_fontforge_validation_state.py: FontForgeValidateStateTest.test_overlapped_hints():  Hints do not overlap 
note: OK: bakery_lint/tests/downstream/test_fontforge_validation_state.py: FontForgeValidateStateTest.test_points_are_integer_aligned():  Points in glyphs are integer aligned 
note: OK: bakery_lint/tests/downstream/test_fontforge_validation_state.py: FontForgeValidateStateTest.test_points_are_not_too_far_apart():  Points (or control points) are not too far apart 
note: OK: bakery_lint/tests/downstream/test_fontforge_validation_state.py: FontForgeValidateStateTest.test_postscript_hasnt_limit_hints_in_glyphs():  PostScript hasnt a limit of 96 hints in glyphs 
note: OK: bakery_lint/tests/downstream/test_fontforge_validation_state.py: FontForgeValidateStateTest.test_postscript_hasnt_limit_points_in_glyphs():  Not more than 1,500 points in any glyph (a PostScript limit) 
note: OK: bakery_lint/tests/downstream/test_fontforge_validation_state.py: FontForgeValidateStateTest.test_referenced_glyphs_are_present():  Glyph names referred to from glyphs present in the font 
note: OK: bakery_lint/tests/downstream/test_fontforge_validation_state.py: FontForgeValidateStateTest.test_valid_glyph_names():  Font doesn't have invalid glyph names 
note: OK: bakery_lint/tests/downstream/test_fontforge_validation_state.py: FontForgeValidateStateTest.test_valid_length_instructions():  Glyphs instructions have valid lengths 
note: FAIL: bakery_lint/tests/downstream/test_fontforge_validation_state.py: FontForgeValidateStateTest.test_validation_glyph_intersect():  Contours do not intersect : True is not false
note: OK: bakery_lint/tests/downstream/test_fontforge_validation_state.py: FontForgeValidateStateTest.test_validation_open_contours():  Contours are closed 
note: OK: bakery_lint/tests/downstream/test_fontforge_validation_state.py: FontForgeValidateStateTest.test_wrong_direction_in_glyphs():  Contours have correct directions 
note: OK: bakery_lint/tests/downstream/test_check_vertical_metrics.py: CheckVerticalLinegapMetrics.test_metrics_linegaps_are_zero():  Check that linegaps in tables are zero 
note: OK: bakery_lint/tests/downstream/test_check_vertical_metrics.py: CheckVerticalAscentMetrics.test_metrics_ascents_equal_bbox():  Check that ascents values are same as max glyph point 
note: OK: bakery_lint/tests/downstream/test_check_vertical_metrics.py: CheckVerticalDescentMetrics.test_metrics_descents_equal_bbox():  Check that descents values are same as min glyph point 
note: FAIL: bakery_lint/tests/downstream/test_check_upm_heights_less_120.py: TestCheckUPMHeightsLess120.test_check_upm_heigths_less_120():  Check if UPM Heights NOT more than 120% : UPM:Height is 129%, consider redesigning to 120% or less
note: FAIL: bakery_lint/tests/downstream/test_check_unencoded_glyph.py: TestFontUnencodedGlyph.test_font_unencoded_glyphs():  Font does not have unencoded glyphs : There should not be unencoded glyphs
$ fontbakery-fix-glyph-private-encoding.py --autofix /home/travis/build/fontdirectory/merriweather/builds/167dc2bdc130bbf9b3a12184bf0e4a2c4d71e3d4/Merriweather-BoldItalic.ttf
$ mv /home/travis/build/fontdirectory/merriweather/builds/167dc2bdc130bbf9b3a12184bf0e4a2c4d71e3d4/Merriweather-BoldItalic.ttf.fix /home/travis/build/fontdirectory/merriweather/builds/167dc2bdc130bbf9b3a12184bf0e4a2c4d71e3d4/Merriweather-BoldItalic.ttf
note: FAIL: bakery_lint/tests/downstream/test_check_unencoded_glyph.py: TestFontUnencodedGlyph.test_font_unencoded_glyphs():  Font does not have unencoded glyphs : There should not be unencoded glyphs
note: OK: bakery_lint/tests/downstream/test_check_panose_identification.py: CheckPanoseIdentification.test_check_panose_identification():  Check if Panose is not set to monospaced if advancewidth of
            all glyphs is not equal to each others 
note: OK: bakery_lint/tests/downstream/test_check_os2_width_class.py: CheckOS2WidthClass.test_check_os2_width_class(): 
note: OK: bakery_lint/tests/downstream/test_check_no_problematic_formats.py: CheckNoProblematicFormats.test_check_no_problematic_formats():  Check that font contain required tables 
required: OK: bakery_lint/tests/downstream/test_check_nbsp_width_matches_sp_width.py: CheckNbspWidthMatchesSpWidth.test_check_nbsp_width_matches_sp_width():  Check non-breaking space's advancewidth is the same as space 
required: OK: bakery_lint/tests/downstream/test_check_names_same_across_platforms.py: CheckNamesSameAcrossPlatforms.test_check_names_same_across_platforms():  Font names are same across specific-platforms 
note: FAIL: bakery_lint/tests/downstream/test_check_name_table_recommendation.py: CheckOTStyleNameRecommendation.test_check_stylename_is_under_recommendations():  Style name must be equal to one of the following four
            values: "Regular", "Italic", "Bold" or "Bold Italic" : '' not found in ['Regular', 'Italic', 'Bold', 'Bold Italic']
$ fontbakery-fix-opentype-names.py /home/travis/build/fontdirectory/merriweather/builds/167dc2bdc130bbf9b3a12184bf0e4a2c4d71e3d4/Merriweather-BoldItalic.ttf
$ mv /home/travis/build/fontdirectory/merriweather/builds/167dc2bdc130bbf9b3a12184bf0e4a2c4d71e3d4/Merriweather-BoldItalic.ttf.fix /home/travis/build/fontdirectory/merriweather/builds/167dc2bdc130bbf9b3a12184bf0e4a2c4d71e3d4/Merriweather-BoldItalic.ttf
note: OK: bakery_lint/tests/downstream/test_check_name_table_recommendation.py: CheckOTStyleNameRecommendation.test_check_stylename_is_under_recommendations():  Style name must be equal to one of the following four
            values: "Regular", "Italic", "Bold" or "Bold Italic" : '' not found in ['Regular', 'Italic', 'Bold', 'Bold Italic']
note: OK: bakery_lint/tests/downstream/test_check_name_table_recommendation.py: CheckOTFamilyNameRecommendation.test_check_opentype_familyname():  OT Family Name for Windows should be equal to Family Name 
note: OK: bakery_lint/tests/downstream/test_check_name_table_recommendation.py: CheckOTFullNameRecommendation.test_check_opentype_fullname():  Full name matches Windows-only Opentype-specific FullName 
note: OK: bakery_lint/tests/downstream/test_check_name_table_recommendation.py: CheckSuggestedSubfamilyName.test_suggested_subfamily_name():  Family does not contain subfamily in `name` table 
note: FAIL: bakery_lint/tests/downstream/test_check_magic_prep_code.py: CheckMagicPREPByteCode.test_prep_magic_code():  Font contains in PREP table magic code : PREP does not contain magic code
required: OK: bakery_lint/tests/downstream/test_check_license_included.py: CheckLicenseIncluded.test_license_included_in_font_names():  Check font has a correct license url 
required: OK: bakery_lint/tests/downstream/test_check_italic_angle_agreement.py: CheckItalicAngleAgreement.test_check_italic_angle_agreement():  Check italicangle property zero or negative 
note: OK: bakery_lint/tests/downstream/test_check_hmtx_hhea_max_advance_width_agreement.py: CheckHmtxHheaMaxAdvanceWidthAgreement.test_check_hmtx_hhea_max_advance_width_agreement():  Check if MaxAdvanceWidth agree in the Hmtx and Hhea tables 
note: OK: bakery_lint/tests/downstream/test_check_glyph_existence.py: CheckGlyphExistence.test_euro():  Check if 'EURO SIGN' exists 
required: OK: bakery_lint/tests/downstream/test_check_glyph_existence.py: CheckGlyphExistence.test_nbsp():  Check if 'NO-BREAK SPACE' exists
required: OK: bakery_lint/tests/downstream/test_check_glyph_existence.py: CheckGlyphExistence.test_space():  Check if 'SPACE' exists 
note: FAIL: bakery_lint/tests/downstream/test_check_glyf_table_length.py: CheckGlyfTableLength.test_check_glyf_table_length():  Check if there is unused data at the end of the glyf table : Glyf table has unreachable data at the end of the table. Expected glyf table length 904 (from loca table), got length 43596 (difference: 42692)
note: OK: bakery_lint/tests/downstream/test_check_full_font_name_begins_with_family_name.py: CheckFullFontNameBeginsWithFamilyName.test_check_full_font_name_begins_with_family_name():  Check if full font name begins with the font family name 
note: FAIL: bakery_lint/tests/downstream/test_check_fontname_matches_macstyle.py: CheckFontNameEqualToMacStyleFlags.test_fontname_is_equal_to_macstyle():  Check that fontname is equal to macstyle flags : macStyle (11) supposed style ended with "BoldItalic"
note: FAIL: bakery_lint/tests/downstream/test_check_font_tables.py: CheckFontHasDsigTable.test_check_font_has_dsig_table():  Check that font has DSIG table : Font does not have "DSIG" table
$ fontbakery-fix-dsig.py /home/travis/build/fontdirectory/merriweather/builds/167dc2bdc130bbf9b3a12184bf0e4a2c4d71e3d4/Merriweather-BoldItalic.ttf
$ mv /home/travis/build/fontdirectory/merriweather/builds/167dc2bdc130bbf9b3a12184bf0e4a2c4d71e3d4/Merriweather-BoldItalic.ttf.fix /home/travis/build/fontdirectory/merriweather/builds/167dc2bdc130bbf9b3a12184bf0e4a2c4d71e3d4/Merriweather-BoldItalic.ttf
note: OK: bakery_lint/tests/downstream/test_check_font_tables.py: CheckFontHasDsigTable.test_check_font_has_dsig_table():  Check that font has DSIG table : Font does not have "DSIG" table
note: OK: bakery_lint/tests/downstream/test_check_font_tables.py: CheckFontHasNotKernTable.test_no_kern_table_exists():  Check that no "KERN" table exists 
required: FAIL: bakery_lint/tests/downstream/test_check_font_sanitized_for_chrome_and_firefox.py: OTSTest.test_ots():  Is TTF file correctly sanitized for Firefox and Chrome : '' != "ERROR: Layout: DFLT table doesn't satisfy the spec. for script tag TLFD\nERROR: Layout: Failed to parse script table 0\nERROR: GSUB: Failed to parse script list table, table discarded"
required: OK: bakery_lint/tests/downstream/test_check_font_agreements.py: CheckFsTypeIsNotSet.test_is_fstype_not_set():  Is the OS/2 table fsType set to 0? 
note: FAIL: bakery_lint/tests/downstream/test_check_font_agreements.py: CheckFontAgreements.test_em_is_1000():  Font em size should be 1000, but doesn't have to be : 2048 != 1000
note: OK: bakery_lint/tests/downstream/test_check_font_agreements.py: CheckFontAgreements.test_font_is_font():  File provided as parameter is TTF font file 
required: OK: bakery_lint/tests/downstream/test_check_font_agreements.py: CheckFontAgreements.test_latin_file_exists():  GF requires a latin subset, so we check that font file exists 
required: OK: bakery_lint/tests/downstream/test_check_font_agreements.py: CheckFontAgreements.test_menu_file_exists():  GF requires a menu subset, so we check that font file exists 



### Optimize TTF Merriweather-BoldItalic.ttf
Before: ['GlyphOrder', 'head', 'hhea', 'maxp', 'OS/2', 'hmtx', 'cmap', 'fpgm', 'prep', 'cvt ', 'loca', 'glyf', 'name', 'post', 'gasp', 'GPOS', 'GSUB', 'DSIG']
{'notdef_outline': True, 'name_IDs': ['*'], 'layout_features': ['*'], 'hinting': True, 'legacy_kern': True}

$ ls -l 'Merriweather-BoldItalic.ttf'* # look at the size savings of that subset process
Merriweather-BoldItalic.ttf.opt: 56872 bytes
Merriweather-BoldItalic.ttf: 61172 bytes

Now: ['GlyphOrder', 'head', 'hhea', 'maxp', 'OS/2', 'hmtx', 'cmap', 'fpgm', 'prep', 'cvt ', 'loca', 'glyf', 'name', 'post', 'gasp', 'GPOS', 'GSUB']

$ mv /home/travis/build/fontdirectory/merriweather/builds/167dc2bdc130bbf9b3a12184bf0e4a2c4d71e3d4/Merriweather-BoldItalic.ttf.opt /home/travis/build/fontdirectory/merriweather/builds/167dc2bdc130bbf9b3a12184bf0e4a2c4d71e3d4/Merriweather-BoldItalic.ttf



### Autohint TTFs (ttfautohint) Merriweather-BoldItalic.ttf
$ ttfautohint -l 7 -r 28 -G 50 -x 13 -w "G" /home/travis/build/fontdirectory/merriweather/builds/167dc2bdc130bbf9b3a12184bf0e4a2c4d71e3d4/Merriweather-BoldItalic.ttf '/home/travis/build/fontdirectory/merriweather/builds/167dc2bdc130bbf9b3a12184bf0e4a2c4d71e3d4/Merriweather-BoldItalic.autohint.ttf'


$ ls -l /home/travis/build/fontdirectory/merriweather/builds/167dc2bdc130bbf9b3a12184bf0e4a2c4d71e3d4/Merriweather-BoldItalic.*ttf # look at the size savings of that subset process
/home/travis/build/fontdirectory/merriweather/builds/167dc2bdc130bbf9b3a12184bf0e4a2c4d71e3d4/Merriweather-BoldItalic.ttf: 56872 bytes
/home/travis/build/fontdirectory/merriweather/builds/167dc2bdc130bbf9b3a12184bf0e4a2c4d71e3d4/Merriweather-BoldItalic.autohint.ttf: 58412 bytes


$ mv /home/travis/build/fontdirectory/merriweather/builds/167dc2bdc130bbf9b3a12184bf0e4a2c4d71e3d4/Merriweather-BoldItalic.autohint.ttf /home/travis/build/fontdirectory/merriweather/builds/167dc2bdc130bbf9b3a12184bf0e4a2c4d71e3d4/Merriweather-BoldItalic.ttf

$ mv /home/travis/build/fontdirectory/merriweather/builds/167dc2bdc130bbf9b3a12184bf0e4a2c4d71e3d4/sources/Merriweather-Italic.ttf /home/travis/build/fontdirectory/merriweather/builds/167dc2bdc130bbf9b3a12184bf0e4a2c4d71e3d4/Merriweather-Italic.ttf



### Subset TTFs (pyftsubset) Merriweather-Italic.ttf

$ pyftsubset Merriweather-Italic.latin

$ pyftsubset Merriweather-Italic.latin-ext

$ pyftsubset Merriweather-Italic.cyrillic

$ pyftsubset Merriweather-Italic.menu



### Test Merriweather-Italic.ttf

$ fontbakery-check.py result Merriweather-Italic.ttf
note: OK: bakery_lint/tests/downstream/test_names_are_ascii_only.py: CheckNamesAreASCIIOnly.test_check_names_are_ascii_only():  NAME and CFF tables must not contain non-ascii characters 
note: OK: bakery_lint/tests/downstream/test_license_related_nameid.py: TestNameIdCopyright.test_name_id_copyright():  Is there `opyright` substring nameID in nameId (10) ? 
note: FAIL: bakery_lint/tests/downstream/test_license_related_nameid.py: TestNameIdOFLLicense.test_name_id_of_license():  Is there OFL in nameId (13) ? : License file OFL.txt exists but NameID value is not specified for that
SETTING UP: This Font Software is licensed under the SIL Open Font License, Version 1.1. This license is available with a FAQ at http://scripts.sil.org/OFL

$ mv /home/travis/build/fontdirectory/merriweather/builds/167dc2bdc130bbf9b3a12184bf0e4a2c4d71e3d4/Merriweather-Italic.ttf.fix /home/travis/build/fontdirectory/merriweather/builds/167dc2bdc130bbf9b3a12184bf0e4a2c4d71e3d4/Merriweather-Italic.ttf
note: OK: bakery_lint/tests/downstream/test_license_related_nameid.py: TestNameIdOFLLicense.test_name_id_of_license():  Is there OFL in nameId (13) ? : License file OFL.txt exists but NameID value is not specified for that
note: FAIL: bakery_lint/tests/downstream/test_license_related_nameid.py: TestNameIdOFLLicenseURL.test_name_id_of_license_url():  Is there OFL in nameId (13) ? : True is not false
$ mv /home/travis/build/fontdirectory/merriweather/builds/167dc2bdc130bbf9b3a12184bf0e4a2c4d71e3d4/Merriweather-Italic.ttf.fix /home/travis/build/fontdirectory/merriweather/builds/167dc2bdc130bbf9b3a12184bf0e4a2c4d71e3d4/Merriweather-Italic.ttf
note: OK: bakery_lint/tests/downstream/test_license_related_nameid.py: TestNameIdOFLLicenseURL.test_name_id_of_license_url():  Is there OFL in nameId (13) ? : True is not false
note: OK: bakery_lint/tests/downstream/test_license_related_nameid.py: TestNameIdApacheLicense.test_name_id_apache_license():  Is there Apache in nameId (13) ? 
note: OK: bakery_lint/tests/downstream/test_license_related_nameid.py: TestNameIdApacheLicenseURL.test_name_id_apache_license_url():  Is there OFL in nameId (13) ? 
note: OK: bakery_lint/tests/downstream/test_gpos_table_has_kerning_info.py: CheckGposTableHasKerningInfo.test_gpos_table_has_kerning_info():  GPOS table has kerning information 
note: OK: bakery_lint/tests/downstream/test_gasp_table_value.py: CheckGaspTableType.test_check_gasp_table_type():  Font table gasp should be 15 
$ fontbakery-fix-gasp.py --set=15 /home/travis/build/fontdirectory/merriweather/builds/167dc2bdc130bbf9b3a12184bf0e4a2c4d71e3d4/Merriweather-Italic.ttf
$ mv /home/travis/build/fontdirectory/merriweather/builds/167dc2bdc130bbf9b3a12184bf0e4a2c4d71e3d4/Merriweather-Italic.ttf.fix /home/travis/build/fontdirectory/merriweather/builds/167dc2bdc130bbf9b3a12184bf0e4a2c4d71e3d4/Merriweather-Italic.ttf
note: OK: bakery_lint/tests/downstream/test_fontforge_validation_state.py: FontForgeValidateStateTest.test_allowed_numbers_paths_in_composite_glyphs():  Composite glyphs have allowed numbers of paths defined in maxp 
note: OK: bakery_lint/tests/downstream/test_fontforge_validation_state.py: FontForgeValidateStateTest.test_allowed_numbers_paths_in_glyphs():  Glyphs have allowed numbers of paths defined in maxp 
note: OK: bakery_lint/tests/downstream/test_fontforge_validation_state.py: FontForgeValidateStateTest.test_allowed_numbers_points_in_composite_glyphs():  Composite glyphs have allowed numbers of points defined in maxp 
note: OK: bakery_lint/tests/downstream/test_fontforge_validation_state.py: FontForgeValidateStateTest.test_allowed_numbers_points_in_glyphs():  Glyphs have allowed numbers of points defined in maxp 
note: OK: bakery_lint/tests/downstream/test_fontforge_validation_state.py: FontForgeValidateStateTest.test_duplicate_glyphs():  Glyph names are unique. 
note: OK: bakery_lint/tests/downstream/test_fontforge_validation_state.py: FontForgeValidateStateTest.test_duplicate_unicode_codepoints():  Unicode code points are unique. 
note: OK: bakery_lint/tests/downstream/test_fontforge_validation_state.py: FontForgeValidateStateTest.test_flipped_reference_in_glyphs():  References in the glyph haven't been flipped 
note: OK: bakery_lint/tests/downstream/test_fontforge_validation_state.py: FontForgeValidateStateTest.test_missing_anchors():  Glyphs have all required anchors.
            (According to the opentype spec, if a glyph contains an anchor point
            for one anchor class in a subtable, it must contain anchor points
            for all anchor classes in the subtable. Even it, logically,
            they do not apply and are unnecessary.) 
note: FAIL: bakery_lint/tests/downstream/test_fontforge_validation_state.py: FontForgeValidateStateTest.test_missing_extrema_in_glyphs():  Glyphs have points at extremas : True is not false
note: OK: bakery_lint/tests/downstream/test_fontforge_validation_state.py: FontForgeValidateStateTest.test_overlapped_hints():  Hints do not overlap 
note: OK: bakery_lint/tests/downstream/test_fontforge_validation_state.py: FontForgeValidateStateTest.test_points_are_integer_aligned():  Points in glyphs are integer aligned 
note: OK: bakery_lint/tests/downstream/test_fontforge_validation_state.py: FontForgeValidateStateTest.test_points_are_not_too_far_apart():  Points (or control points) are not too far apart 
note: OK: bakery_lint/tests/downstream/test_fontforge_validation_state.py: FontForgeValidateStateTest.test_postscript_hasnt_limit_hints_in_glyphs():  PostScript hasnt a limit of 96 hints in glyphs 
note: OK: bakery_lint/tests/downstream/test_fontforge_validation_state.py: FontForgeValidateStateTest.test_postscript_hasnt_limit_points_in_glyphs():  Not more than 1,500 points in any glyph (a PostScript limit) 
note: OK: bakery_lint/tests/downstream/test_fontforge_validation_state.py: FontForgeValidateStateTest.test_referenced_glyphs_are_present():  Glyph names referred to from glyphs present in the font 
note: OK: bakery_lint/tests/downstream/test_fontforge_validation_state.py: FontForgeValidateStateTest.test_valid_glyph_names():  Font doesn't have invalid glyph names 
note: OK: bakery_lint/tests/downstream/test_fontforge_validation_state.py: FontForgeValidateStateTest.test_valid_length_instructions():  Glyphs instructions have valid lengths 
note: FAIL: bakery_lint/tests/downstream/test_fontforge_validation_state.py: FontForgeValidateStateTest.test_validation_glyph_intersect():  Contours do not intersect : True is not false
note: OK: bakery_lint/tests/downstream/test_fontforge_validation_state.py: FontForgeValidateStateTest.test_validation_open_contours():  Contours are closed 
note: OK: bakery_lint/tests/downstream/test_fontforge_validation_state.py: FontForgeValidateStateTest.test_wrong_direction_in_glyphs():  Contours have correct directions 
note: OK: bakery_lint/tests/downstream/test_check_vertical_metrics.py: CheckVerticalLinegapMetrics.test_metrics_linegaps_are_zero():  Check that linegaps in tables are zero 
note: OK: bakery_lint/tests/downstream/test_check_vertical_metrics.py: CheckVerticalAscentMetrics.test_metrics_ascents_equal_bbox():  Check that ascents values are same as max glyph point 
note: OK: bakery_lint/tests/downstream/test_check_vertical_metrics.py: CheckVerticalDescentMetrics.test_metrics_descents_equal_bbox():  Check that descents values are same as min glyph point 
note: FAIL: bakery_lint/tests/downstream/test_check_upm_heights_less_120.py: TestCheckUPMHeightsLess120.test_check_upm_heigths_less_120():  Check if UPM Heights NOT more than 120% : UPM:Height is 129%, consider redesigning to 120% or less
note: FAIL: bakery_lint/tests/downstream/test_check_unencoded_glyph.py: TestFontUnencodedGlyph.test_font_unencoded_glyphs():  Font does not have unencoded glyphs : There should not be unencoded glyphs
$ fontbakery-fix-glyph-private-encoding.py --autofix /home/travis/build/fontdirectory/merriweather/builds/167dc2bdc130bbf9b3a12184bf0e4a2c4d71e3d4/Merriweather-Italic.ttf
$ mv /home/travis/build/fontdirectory/merriweather/builds/167dc2bdc130bbf9b3a12184bf0e4a2c4d71e3d4/Merriweather-Italic.ttf.fix /home/travis/build/fontdirectory/merriweather/builds/167dc2bdc130bbf9b3a12184bf0e4a2c4d71e3d4/Merriweather-Italic.ttf
note: FAIL: bakery_lint/tests/downstream/test_check_unencoded_glyph.py: TestFontUnencodedGlyph.test_font_unencoded_glyphs():  Font does not have unencoded glyphs : There should not be unencoded glyphs
note: OK: bakery_lint/tests/downstream/test_check_panose_identification.py: CheckPanoseIdentification.test_check_panose_identification():  Check if Panose is not set to monospaced if advancewidth of
            all glyphs is not equal to each others 
note: OK: bakery_lint/tests/downstream/test_check_os2_width_class.py: CheckOS2WidthClass.test_check_os2_width_class(): 
note: OK: bakery_lint/tests/downstream/test_check_no_problematic_formats.py: CheckNoProblematicFormats.test_check_no_problematic_formats():  Check that font contain required tables 
required: OK: bakery_lint/tests/downstream/test_check_nbsp_width_matches_sp_width.py: CheckNbspWidthMatchesSpWidth.test_check_nbsp_width_matches_sp_width():  Check non-breaking space's advancewidth is the same as space 
required: OK: bakery_lint/tests/downstream/test_check_names_same_across_platforms.py: CheckNamesSameAcrossPlatforms.test_check_names_same_across_platforms():  Font names are same across specific-platforms 
note: FAIL: bakery_lint/tests/downstream/test_check_name_table_recommendation.py: CheckOTStyleNameRecommendation.test_check_stylename_is_under_recommendations():  Style name must be equal to one of the following four
            values: "Regular", "Italic", "Bold" or "Bold Italic" : '' not found in ['Regular', 'Italic', 'Bold', 'Bold Italic']
$ fontbakery-fix-opentype-names.py /home/travis/build/fontdirectory/merriweather/builds/167dc2bdc130bbf9b3a12184bf0e4a2c4d71e3d4/Merriweather-Italic.ttf
$ mv /home/travis/build/fontdirectory/merriweather/builds/167dc2bdc130bbf9b3a12184bf0e4a2c4d71e3d4/Merriweather-Italic.ttf.fix /home/travis/build/fontdirectory/merriweather/builds/167dc2bdc130bbf9b3a12184bf0e4a2c4d71e3d4/Merriweather-Italic.ttf
note: OK: bakery_lint/tests/downstream/test_check_name_table_recommendation.py: CheckOTStyleNameRecommendation.test_check_stylename_is_under_recommendations():  Style name must be equal to one of the following four
            values: "Regular", "Italic", "Bold" or "Bold Italic" : '' not found in ['Regular', 'Italic', 'Bold', 'Bold Italic']
note: OK: bakery_lint/tests/downstream/test_check_name_table_recommendation.py: CheckOTFamilyNameRecommendation.test_check_opentype_familyname():  OT Family Name for Windows should be equal to Family Name 
note: OK: bakery_lint/tests/downstream/test_check_name_table_recommendation.py: CheckOTFullNameRecommendation.test_check_opentype_fullname():  Full name matches Windows-only Opentype-specific FullName 
note: OK: bakery_lint/tests/downstream/test_check_name_table_recommendation.py: CheckSuggestedSubfamilyName.test_suggested_subfamily_name():  Family does not contain subfamily in `name` table 
note: FAIL: bakery_lint/tests/downstream/test_check_magic_prep_code.py: CheckMagicPREPByteCode.test_prep_magic_code():  Font contains in PREP table magic code : PREP does not contain magic code
required: OK: bakery_lint/tests/downstream/test_check_license_included.py: CheckLicenseIncluded.test_license_included_in_font_names():  Check font has a correct license url 
required: OK: bakery_lint/tests/downstream/test_check_italic_angle_agreement.py: CheckItalicAngleAgreement.test_check_italic_angle_agreement():  Check italicangle property zero or negative 
note: OK: bakery_lint/tests/downstream/test_check_hmtx_hhea_max_advance_width_agreement.py: CheckHmtxHheaMaxAdvanceWidthAgreement.test_check_hmtx_hhea_max_advance_width_agreement():  Check if MaxAdvanceWidth agree in the Hmtx and Hhea tables 
note: OK: bakery_lint/tests/downstream/test_check_glyph_existence.py: CheckGlyphExistence.test_euro():  Check if 'EURO SIGN' exists 
required: OK: bakery_lint/tests/downstream/test_check_glyph_existence.py: CheckGlyphExistence.test_nbsp():  Check if 'NO-BREAK SPACE' exists
required: OK: bakery_lint/tests/downstream/test_check_glyph_existence.py: CheckGlyphExistence.test_space():  Check if 'SPACE' exists 
note: FAIL: bakery_lint/tests/downstream/test_check_glyf_table_length.py: CheckGlyfTableLength.test_check_glyf_table_length():  Check if there is unused data at the end of the glyf table : Glyf table has unreachable data at the end of the table. Expected glyf table length 904 (from loca table), got length 39496 (difference: 38592)
note: OK: bakery_lint/tests/downstream/test_check_full_font_name_begins_with_family_name.py: CheckFullFontNameBeginsWithFamilyName.test_check_full_font_name_begins_with_family_name():  Check if full font name begins with the font family name 
note: FAIL: bakery_lint/tests/downstream/test_check_fontname_matches_macstyle.py: CheckFontNameEqualToMacStyleFlags.test_fontname_is_equal_to_macstyle():  Check that fontname is equal to macstyle flags : macStyle (10) supposed style ended with "Italic"
note: FAIL: bakery_lint/tests/downstream/test_check_font_tables.py: CheckFontHasDsigTable.test_check_font_has_dsig_table():  Check that font has DSIG table : Font does not have "DSIG" table
$ fontbakery-fix-dsig.py /home/travis/build/fontdirectory/merriweather/builds/167dc2bdc130bbf9b3a12184bf0e4a2c4d71e3d4/Merriweather-Italic.ttf
$ mv /home/travis/build/fontdirectory/merriweather/builds/167dc2bdc130bbf9b3a12184bf0e4a2c4d71e3d4/Merriweather-Italic.ttf.fix /home/travis/build/fontdirectory/merriweather/builds/167dc2bdc130bbf9b3a12184bf0e4a2c4d71e3d4/Merriweather-Italic.ttf
note: OK: bakery_lint/tests/downstream/test_check_font_tables.py: CheckFontHasDsigTable.test_check_font_has_dsig_table():  Check that font has DSIG table : Font does not have "DSIG" table
note: OK: bakery_lint/tests/downstream/test_check_font_tables.py: CheckFontHasNotKernTable.test_no_kern_table_exists():  Check that no "KERN" table exists 
required: FAIL: bakery_lint/tests/downstream/test_check_font_sanitized_for_chrome_and_firefox.py: OTSTest.test_ots():  Is TTF file correctly sanitized for Firefox and Chrome : '' != "ERROR: Layout: DFLT table doesn't satisfy the spec. for script tag TLFD\nERROR: Layout: Failed to parse script table 0\nERROR: GSUB: Failed to parse script list table, table discarded"
required: OK: bakery_lint/tests/downstream/test_check_font_agreements.py: CheckFsTypeIsNotSet.test_is_fstype_not_set():  Is the OS/2 table fsType set to 0? 
note: FAIL: bakery_lint/tests/downstream/test_check_font_agreements.py: CheckFontAgreements.test_em_is_1000():  Font em size should be 1000, but doesn't have to be : 2048 != 1000
note: OK: bakery_lint/tests/downstream/test_check_font_agreements.py: CheckFontAgreements.test_font_is_font():  File provided as parameter is TTF font file 
required: OK: bakery_lint/tests/downstream/test_check_font_agreements.py: CheckFontAgreements.test_latin_file_exists():  GF requires a latin subset, so we check that font file exists 
required: OK: bakery_lint/tests/downstream/test_check_font_agreements.py: CheckFontAgreements.test_menu_file_exists():  GF requires a menu subset, so we check that font file exists 



### Optimize TTF Merriweather-Italic.ttf
Before: ['GlyphOrder', 'head', 'hhea', 'maxp', 'OS/2', 'hmtx', 'cmap', 'fpgm', 'prep', 'cvt ', 'loca', 'glyf', 'name', 'post', 'gasp', 'FFTM', 'GDEF', 'GPOS', 'GSUB', 'DSIG']
{'notdef_outline': True, 'name_IDs': ['*'], 'layout_features': ['*'], 'hinting': True, 'legacy_kern': True}

$ ls -l 'Merriweather-Italic.ttf'* # look at the size savings of that subset process
Merriweather-Italic.ttf.opt: 49264 bytes
Merriweather-Italic.ttf: 53316 bytes

Now: ['GlyphOrder', 'head', 'hhea', 'maxp', 'OS/2', 'hmtx', 'cmap', 'fpgm', 'prep', 'cvt ', 'loca', 'glyf', 'name', 'post', 'gasp', 'GDEF', 'GPOS', 'GSUB']

$ mv /home/travis/build/fontdirectory/merriweather/builds/167dc2bdc130bbf9b3a12184bf0e4a2c4d71e3d4/Merriweather-Italic.ttf.opt /home/travis/build/fontdirectory/merriweather/builds/167dc2bdc130bbf9b3a12184bf0e4a2c4d71e3d4/Merriweather-Italic.ttf



### Autohint TTFs (ttfautohint) Merriweather-Italic.ttf
$ ttfautohint -l 7 -r 28 -G 50 -x 13 -w "G" /home/travis/build/fontdirectory/merriweather/builds/167dc2bdc130bbf9b3a12184bf0e4a2c4d71e3d4/Merriweather-Italic.ttf '/home/travis/build/fontdirectory/merriweather/builds/167dc2bdc130bbf9b3a12184bf0e4a2c4d71e3d4/Merriweather-Italic.autohint.ttf'


$ ls -l /home/travis/build/fontdirectory/merriweather/builds/167dc2bdc130bbf9b3a12184bf0e4a2c4d71e3d4/Merriweather-Italic.*ttf # look at the size savings of that subset process
/home/travis/build/fontdirectory/merriweather/builds/167dc2bdc130bbf9b3a12184bf0e4a2c4d71e3d4/Merriweather-Italic.ttf: 49264 bytes
/home/travis/build/fontdirectory/merriweather/builds/167dc2bdc130bbf9b3a12184bf0e4a2c4d71e3d4/Merriweather-Italic.autohint.ttf: 52840 bytes


$ mv /home/travis/build/fontdirectory/merriweather/builds/167dc2bdc130bbf9b3a12184bf0e4a2c4d71e3d4/Merriweather-Italic.autohint.ttf /home/travis/build/fontdirectory/merriweather/builds/167dc2bdc130bbf9b3a12184bf0e4a2c4d71e3d4/Merriweather-Italic.ttf

$ mv /home/travis/build/fontdirectory/merriweather/builds/167dc2bdc130bbf9b3a12184bf0e4a2c4d71e3d4/sources/Merriweather-Bold.ttf /home/travis/build/fontdirectory/merriweather/builds/167dc2bdc130bbf9b3a12184bf0e4a2c4d71e3d4/Merriweather-Bold.ttf



### Subset TTFs (pyftsubset) Merriweather-Bold.ttf

$ pyftsubset Merriweather-Bold.latin

$ pyftsubset Merriweather-Bold.latin-ext

$ pyftsubset Merriweather-Bold.cyrillic

$ pyftsubset Merriweather-Bold.menu



### Test Merriweather-Bold.ttf

$ fontbakery-check.py result Merriweather-Bold.ttf
note: FAIL: bakery_lint/tests/downstream/test_names_are_ascii_only.py: CheckNamesAreASCIIOnly.test_check_names_are_ascii_only():  NAME and CFF tables must not contain non-ascii characters : u'Copyright (c) 2010 by Eben Sorkin (eben@eyebytes.com), with Reserved Font Name Merriweather. \xe6Licenced under the SIL Open Font License, Version 1.1, available with a FAQ at: http://scripts.sil.org/OFL' != 'Copyright (c) 2010 by Eben Sorkin (eben@eyebytes.com), with Reserved Font Name Merriweather. Licenced under the SIL Open Font License, Version 1.1, available with a FAQ at: http://scripts.sil.org/OFL'
$ fontbakery-fix-ascii-fontmetadata.py /home/travis/build/fontdirectory/merriweather/builds/167dc2bdc130bbf9b3a12184bf0e4a2c4d71e3d4/Merriweather-Bold.ttf

$ mv /home/travis/build/fontdirectory/merriweather/builds/167dc2bdc130bbf9b3a12184bf0e4a2c4d71e3d4/Merriweather-Bold.ttf.fix /home/travis/build/fontdirectory/merriweather/builds/167dc2bdc130bbf9b3a12184bf0e4a2c4d71e3d4/Merriweather-Bold.ttf
note: OK: bakery_lint/tests/downstream/test_names_are_ascii_only.py: CheckNamesAreASCIIOnly.test_check_names_are_ascii_only():  NAME and CFF tables must not contain non-ascii characters : u'Copyright (c) 2010 by Eben Sorkin (eben@eyebytes.com), with Reserved Font Name Merriweather. \xe6Licenced under the SIL Open Font License, Version 1.1, available with a FAQ at: http://scripts.sil.org/OFL' != 'Copyright (c) 2010 by Eben Sorkin (eben@eyebytes.com), with Reserved Font Name Merriweather. Licenced under the SIL Open Font License, Version 1.1, available with a FAQ at: http://scripts.sil.org/OFL'
note: OK: bakery_lint/tests/downstream/test_license_related_nameid.py: TestNameIdCopyright.test_name_id_copyright():  Is there `opyright` substring nameID in nameId (10) ? 
note: FAIL: bakery_lint/tests/downstream/test_license_related_nameid.py: TestNameIdOFLLicense.test_name_id_of_license():  Is there OFL in nameId (13) ? : License file OFL.txt exists but NameID value is not specified for that
SETTING UP: This Font Software is licensed under the SIL Open Font License, Version 1.1. This license is available with a FAQ at http://scripts.sil.org/OFL

$ mv /home/travis/build/fontdirectory/merriweather/builds/167dc2bdc130bbf9b3a12184bf0e4a2c4d71e3d4/Merriweather-Bold.ttf.fix /home/travis/build/fontdirectory/merriweather/builds/167dc2bdc130bbf9b3a12184bf0e4a2c4d71e3d4/Merriweather-Bold.ttf
note: OK: bakery_lint/tests/downstream/test_license_related_nameid.py: TestNameIdOFLLicense.test_name_id_of_license():  Is there OFL in nameId (13) ? : License file OFL.txt exists but NameID value is not specified for that
note: FAIL: bakery_lint/tests/downstream/test_license_related_nameid.py: TestNameIdOFLLicenseURL.test_name_id_of_license_url():  Is there OFL in nameId (13) ? : True is not false
$ mv /home/travis/build/fontdirectory/merriweather/builds/167dc2bdc130bbf9b3a12184bf0e4a2c4d71e3d4/Merriweather-Bold.ttf.fix /home/travis/build/fontdirectory/merriweather/builds/167dc2bdc130bbf9b3a12184bf0e4a2c4d71e3d4/Merriweather-Bold.ttf
note: OK: bakery_lint/tests/downstream/test_license_related_nameid.py: TestNameIdOFLLicenseURL.test_name_id_of_license_url():  Is there OFL in nameId (13) ? : True is not false
note: OK: bakery_lint/tests/downstream/test_license_related_nameid.py: TestNameIdApacheLicense.test_name_id_apache_license():  Is there Apache in nameId (13) ? 
note: OK: bakery_lint/tests/downstream/test_license_related_nameid.py: TestNameIdApacheLicenseURL.test_name_id_apache_license_url():  Is there OFL in nameId (13) ? 
note: OK: bakery_lint/tests/downstream/test_gpos_table_has_kerning_info.py: CheckGposTableHasKerningInfo.test_gpos_table_has_kerning_info():  GPOS table has kerning information 
note: OK: bakery_lint/tests/downstream/test_gasp_table_value.py: CheckGaspTableType.test_check_gasp_table_type():  Font table gasp should be 15 
$ fontbakery-fix-gasp.py --set=15 /home/travis/build/fontdirectory/merriweather/builds/167dc2bdc130bbf9b3a12184bf0e4a2c4d71e3d4/Merriweather-Bold.ttf
$ mv /home/travis/build/fontdirectory/merriweather/builds/167dc2bdc130bbf9b3a12184bf0e4a2c4d71e3d4/Merriweather-Bold.ttf.fix /home/travis/build/fontdirectory/merriweather/builds/167dc2bdc130bbf9b3a12184bf0e4a2c4d71e3d4/Merriweather-Bold.ttf
note: OK: bakery_lint/tests/downstream/test_fontforge_validation_state.py: FontForgeValidateStateTest.test_allowed_numbers_paths_in_composite_glyphs():  Composite glyphs have allowed numbers of paths defined in maxp 
note: OK: bakery_lint/tests/downstream/test_fontforge_validation_state.py: FontForgeValidateStateTest.test_allowed_numbers_paths_in_glyphs():  Glyphs have allowed numbers of paths defined in maxp 
note: OK: bakery_lint/tests/downstream/test_fontforge_validation_state.py: FontForgeValidateStateTest.test_allowed_numbers_points_in_composite_glyphs():  Composite glyphs have allowed numbers of points defined in maxp 
note: OK: bakery_lint/tests/downstream/test_fontforge_validation_state.py: FontForgeValidateStateTest.test_allowed_numbers_points_in_glyphs():  Glyphs have allowed numbers of points defined in maxp 
note: OK: bakery_lint/tests/downstream/test_fontforge_validation_state.py: FontForgeValidateStateTest.test_duplicate_glyphs():  Glyph names are unique. 
note: OK: bakery_lint/tests/downstream/test_fontforge_validation_state.py: FontForgeValidateStateTest.test_duplicate_unicode_codepoints():  Unicode code points are unique. 
note: OK: bakery_lint/tests/downstream/test_fontforge_validation_state.py: FontForgeValidateStateTest.test_flipped_reference_in_glyphs():  References in the glyph haven't been flipped 
note: OK: bakery_lint/tests/downstream/test_fontforge_validation_state.py: FontForgeValidateStateTest.test_missing_anchors():  Glyphs have all required anchors.
            (According to the opentype spec, if a glyph contains an anchor point
            for one anchor class in a subtable, it must contain anchor points
            for all anchor classes in the subtable. Even it, logically,
            they do not apply and are unnecessary.) 
note: FAIL: bakery_lint/tests/downstream/test_fontforge_validation_state.py: FontForgeValidateStateTest.test_missing_extrema_in_glyphs():  Glyphs have points at extremas : True is not false
note: OK: bakery_lint/tests/downstream/test_fontforge_validation_state.py: FontForgeValidateStateTest.test_overlapped_hints():  Hints do not overlap 
note: OK: bakery_lint/tests/downstream/test_fontforge_validation_state.py: FontForgeValidateStateTest.test_points_are_integer_aligned():  Points in glyphs are integer aligned 
note: OK: bakery_lint/tests/downstream/test_fontforge_validation_state.py: FontForgeValidateStateTest.test_points_are_not_too_far_apart():  Points (or control points) are not too far apart 
note: OK: bakery_lint/tests/downstream/test_fontforge_validation_state.py: FontForgeValidateStateTest.test_postscript_hasnt_limit_hints_in_glyphs():  PostScript hasnt a limit of 96 hints in glyphs 
note: OK: bakery_lint/tests/downstream/test_fontforge_validation_state.py: FontForgeValidateStateTest.test_postscript_hasnt_limit_points_in_glyphs():  Not more than 1,500 points in any glyph (a PostScript limit) 
note: OK: bakery_lint/tests/downstream/test_fontforge_validation_state.py: FontForgeValidateStateTest.test_referenced_glyphs_are_present():  Glyph names referred to from glyphs present in the font 
note: OK: bakery_lint/tests/downstream/test_fontforge_validation_state.py: FontForgeValidateStateTest.test_valid_glyph_names():  Font doesn't have invalid glyph names 
note: OK: bakery_lint/tests/downstream/test_fontforge_validation_state.py: FontForgeValidateStateTest.test_valid_length_instructions():  Glyphs instructions have valid lengths 
note: FAIL: bakery_lint/tests/downstream/test_fontforge_validation_state.py: FontForgeValidateStateTest.test_validation_glyph_intersect():  Contours do not intersect : True is not false
note: OK: bakery_lint/tests/downstream/test_fontforge_validation_state.py: FontForgeValidateStateTest.test_validation_open_contours():  Contours are closed 
note: OK: bakery_lint/tests/downstream/test_fontforge_validation_state.py: FontForgeValidateStateTest.test_wrong_direction_in_glyphs():  Contours have correct directions 
note: OK: bakery_lint/tests/downstream/test_check_vertical_metrics.py: CheckVerticalLinegapMetrics.test_metrics_linegaps_are_zero():  Check that linegaps in tables are zero 
note: OK: bakery_lint/tests/downstream/test_check_vertical_metrics.py: CheckVerticalAscentMetrics.test_metrics_ascents_equal_bbox():  Check that ascents values are same as max glyph point 
note: OK: bakery_lint/tests/downstream/test_check_vertical_metrics.py: CheckVerticalDescentMetrics.test_metrics_descents_equal_bbox():  Check that descents values are same as min glyph point 
note: FAIL: bakery_lint/tests/downstream/test_check_upm_heights_less_120.py: TestCheckUPMHeightsLess120.test_check_upm_heigths_less_120():  Check if UPM Heights NOT more than 120% : UPM:Height is 129%, consider redesigning to 120% or less
note: FAIL: bakery_lint/tests/downstream/test_check_unencoded_glyph.py: TestFontUnencodedGlyph.test_font_unencoded_glyphs():  Font does not have unencoded glyphs : There should not be unencoded glyphs
$ fontbakery-fix-glyph-private-encoding.py --autofix /home/travis/build/fontdirectory/merriweather/builds/167dc2bdc130bbf9b3a12184bf0e4a2c4d71e3d4/Merriweather-Bold.ttf
$ mv /home/travis/build/fontdirectory/merriweather/builds/167dc2bdc130bbf9b3a12184bf0e4a2c4d71e3d4/Merriweather-Bold.ttf.fix /home/travis/build/fontdirectory/merriweather/builds/167dc2bdc130bbf9b3a12184bf0e4a2c4d71e3d4/Merriweather-Bold.ttf
note: FAIL: bakery_lint/tests/downstream/test_check_unencoded_glyph.py: TestFontUnencodedGlyph.test_font_unencoded_glyphs():  Font does not have unencoded glyphs : There should not be unencoded glyphs
note: OK: bakery_lint/tests/downstream/test_check_panose_identification.py: CheckPanoseIdentification.test_check_panose_identification():  Check if Panose is not set to monospaced if advancewidth of
            all glyphs is not equal to each others 
note: OK: bakery_lint/tests/downstream/test_check_os2_width_class.py: CheckOS2WidthClass.test_check_os2_width_class(): 
note: OK: bakery_lint/tests/downstream/test_check_no_problematic_formats.py: CheckNoProblematicFormats.test_check_no_problematic_formats():  Check that font contain required tables 
required: OK: bakery_lint/tests/downstream/test_check_nbsp_width_matches_sp_width.py: CheckNbspWidthMatchesSpWidth.test_check_nbsp_width_matches_sp_width():  Check non-breaking space's advancewidth is the same as space 
required: OK: bakery_lint/tests/downstream/test_check_names_same_across_platforms.py: CheckNamesSameAcrossPlatforms.test_check_names_same_across_platforms():  Font names are same across specific-platforms 
note: FAIL: bakery_lint/tests/downstream/test_check_name_table_recommendation.py: CheckOTStyleNameRecommendation.test_check_stylename_is_under_recommendations():  Style name must be equal to one of the following four
            values: "Regular", "Italic", "Bold" or "Bold Italic" : '' not found in ['Regular', 'Italic', 'Bold', 'Bold Italic']
$ fontbakery-fix-opentype-names.py /home/travis/build/fontdirectory/merriweather/builds/167dc2bdc130bbf9b3a12184bf0e4a2c4d71e3d4/Merriweather-Bold.ttf
$ mv /home/travis/build/fontdirectory/merriweather/builds/167dc2bdc130bbf9b3a12184bf0e4a2c4d71e3d4/Merriweather-Bold.ttf.fix /home/travis/build/fontdirectory/merriweather/builds/167dc2bdc130bbf9b3a12184bf0e4a2c4d71e3d4/Merriweather-Bold.ttf
note: OK: bakery_lint/tests/downstream/test_check_name_table_recommendation.py: CheckOTStyleNameRecommendation.test_check_stylename_is_under_recommendations():  Style name must be equal to one of the following four
            values: "Regular", "Italic", "Bold" or "Bold Italic" : '' not found in ['Regular', 'Italic', 'Bold', 'Bold Italic']
note: OK: bakery_lint/tests/downstream/test_check_name_table_recommendation.py: CheckOTFamilyNameRecommendation.test_check_opentype_familyname():  OT Family Name for Windows should be equal to Family Name 
note: OK: bakery_lint/tests/downstream/test_check_name_table_recommendation.py: CheckOTFullNameRecommendation.test_check_opentype_fullname():  Full name matches Windows-only Opentype-specific FullName 
note: OK: bakery_lint/tests/downstream/test_check_name_table_recommendation.py: CheckSuggestedSubfamilyName.test_suggested_subfamily_name():  Family does not contain subfamily in `name` table 
note: OK: bakery_lint/tests/downstream/test_check_magic_prep_code.py: CheckMagicPREPByteCode.test_prep_magic_code():  Font contains in PREP table magic code 
required: OK: bakery_lint/tests/downstream/test_check_license_included.py: CheckLicenseIncluded.test_license_included_in_font_names():  Check font has a correct license url 
required: OK: bakery_lint/tests/downstream/test_check_italic_angle_agreement.py: CheckItalicAngleAgreement.test_check_italic_angle_agreement():  Check italicangle property zero or negative 
note: OK: bakery_lint/tests/downstream/test_check_hmtx_hhea_max_advance_width_agreement.py: CheckHmtxHheaMaxAdvanceWidthAgreement.test_check_hmtx_hhea_max_advance_width_agreement():  Check if MaxAdvanceWidth agree in the Hmtx and Hhea tables 
note: OK: bakery_lint/tests/downstream/test_check_glyph_existence.py: CheckGlyphExistence.test_euro():  Check if 'EURO SIGN' exists 
required: OK: bakery_lint/tests/downstream/test_check_glyph_existence.py: CheckGlyphExistence.test_nbsp():  Check if 'NO-BREAK SPACE' exists
required: OK: bakery_lint/tests/downstream/test_check_glyph_existence.py: CheckGlyphExistence.test_space():  Check if 'SPACE' exists 
note: FAIL: bakery_lint/tests/downstream/test_check_glyf_table_length.py: CheckGlyfTableLength.test_check_glyf_table_length():  Check if there is unused data at the end of the glyf table : Glyf table has unreachable data at the end of the table. Expected glyf table length 692 (from loca table), got length 37982 (difference: 37290)
note: OK: bakery_lint/tests/downstream/test_check_full_font_name_begins_with_family_name.py: CheckFullFontNameBeginsWithFamilyName.test_check_full_font_name_begins_with_family_name():  Check if full font name begins with the font family name 
note: FAIL: bakery_lint/tests/downstream/test_check_fontname_matches_macstyle.py: CheckFontNameEqualToMacStyleFlags.test_fontname_is_equal_to_macstyle():  Check that fontname is equal to macstyle flags : macStyle (b1) supposed style ended with "Bold"
note: FAIL: bakery_lint/tests/downstream/test_check_font_tables.py: CheckFontHasDsigTable.test_check_font_has_dsig_table():  Check that font has DSIG table : Font does not have "DSIG" table
$ fontbakery-fix-dsig.py /home/travis/build/fontdirectory/merriweather/builds/167dc2bdc130bbf9b3a12184bf0e4a2c4d71e3d4/Merriweather-Bold.ttf
$ mv /home/travis/build/fontdirectory/merriweather/builds/167dc2bdc130bbf9b3a12184bf0e4a2c4d71e3d4/Merriweather-Bold.ttf.fix /home/travis/build/fontdirectory/merriweather/builds/167dc2bdc130bbf9b3a12184bf0e4a2c4d71e3d4/Merriweather-Bold.ttf
note: OK: bakery_lint/tests/downstream/test_check_font_tables.py: CheckFontHasDsigTable.test_check_font_has_dsig_table():  Check that font has DSIG table : Font does not have "DSIG" table
note: OK: bakery_lint/tests/downstream/test_check_font_tables.py: CheckFontHasNotKernTable.test_no_kern_table_exists():  Check that no "KERN" table exists 
required: OK: bakery_lint/tests/downstream/test_check_font_sanitized_for_chrome_and_firefox.py: OTSTest.test_ots():  Is TTF file correctly sanitized for Firefox and Chrome 
required: OK: bakery_lint/tests/downstream/test_check_font_agreements.py: CheckFsTypeIsNotSet.test_is_fstype_not_set():  Is the OS/2 table fsType set to 0? 
note: FAIL: bakery_lint/tests/downstream/test_check_font_agreements.py: CheckFontAgreements.test_em_is_1000():  Font em size should be 1000, but doesn't have to be : 2048 != 1000
note: OK: bakery_lint/tests/downstream/test_check_font_agreements.py: CheckFontAgreements.test_font_is_font():  File provided as parameter is TTF font file 
required: OK: bakery_lint/tests/downstream/test_check_font_agreements.py: CheckFontAgreements.test_latin_file_exists():  GF requires a latin subset, so we check that font file exists 
required: OK: bakery_lint/tests/downstream/test_check_font_agreements.py: CheckFontAgreements.test_menu_file_exists():  GF requires a menu subset, so we check that font file exists 



### Optimize TTF Merriweather-Bold.ttf
Before: ['GlyphOrder', 'head', 'hhea', 'maxp', 'OS/2', 'hmtx', 'cmap', 'prep', 'loca', 'glyf', 'name', 'post', 'gasp', 'FFTM', 'GDEF', 'GPOS', 'GSUB', 'DSIG']
{'notdef_outline': True, 'name_IDs': ['*'], 'layout_features': ['*'], 'hinting': True, 'legacy_kern': True}

$ ls -l 'Merriweather-Bold.ttf'* # look at the size savings of that subset process
Merriweather-Bold.ttf.opt: 43736 bytes
Merriweather-Bold.ttf: 46848 bytes

Now: ['GlyphOrder', 'head', 'hhea', 'maxp', 'OS/2', 'hmtx', 'cmap', 'prep', 'loca', 'glyf', 'name', 'post', 'gasp', 'GDEF', 'GPOS', 'GSUB']

$ mv /home/travis/build/fontdirectory/merriweather/builds/167dc2bdc130bbf9b3a12184bf0e4a2c4d71e3d4/Merriweather-Bold.ttf.opt /home/travis/build/fontdirectory/merriweather/builds/167dc2bdc130bbf9b3a12184bf0e4a2c4d71e3d4/Merriweather-Bold.ttf



### Autohint TTFs (ttfautohint) Merriweather-Bold.ttf
$ ttfautohint -l 7 -r 28 -G 50 -x 13 -w "G" /home/travis/build/fontdirectory/merriweather/builds/167dc2bdc130bbf9b3a12184bf0e4a2c4d71e3d4/Merriweather-Bold.ttf '/home/travis/build/fontdirectory/merriweather/builds/167dc2bdc130bbf9b3a12184bf0e4a2c4d71e3d4/Merriweather-Bold.autohint.ttf'


$ ls -l /home/travis/build/fontdirectory/merriweather/builds/167dc2bdc130bbf9b3a12184bf0e4a2c4d71e3d4/Merriweather-Bold.*ttf # look at the size savings of that subset process
/home/travis/build/fontdirectory/merriweather/builds/167dc2bdc130bbf9b3a12184bf0e4a2c4d71e3d4/Merriweather-Bold.ttf: 43736 bytes
/home/travis/build/fontdirectory/merriweather/builds/167dc2bdc130bbf9b3a12184bf0e4a2c4d71e3d4/Merriweather-Bold.autohint.ttf: 64212 bytes


$ mv /home/travis/build/fontdirectory/merriweather/builds/167dc2bdc130bbf9b3a12184bf0e4a2c4d71e3d4/Merriweather-Bold.autohint.ttf /home/travis/build/fontdirectory/merriweather/builds/167dc2bdc130bbf9b3a12184bf0e4a2c4d71e3d4/Merriweather-Bold.ttf

$ mv /home/travis/build/fontdirectory/merriweather/builds/167dc2bdc130bbf9b3a12184bf0e4a2c4d71e3d4/sources/Merriweather-Black.ttf /home/travis/build/fontdirectory/merriweather/builds/167dc2bdc130bbf9b3a12184bf0e4a2c4d71e3d4/Merriweather-Black.ttf



### Subset TTFs (pyftsubset) Merriweather-Black.ttf

$ pyftsubset Merriweather-Black.latin

$ pyftsubset Merriweather-Black.latin-ext

$ pyftsubset Merriweather-Black.cyrillic

$ pyftsubset Merriweather-Black.menu



### Test Merriweather-Black.ttf

$ fontbakery-check.py result Merriweather-Black.ttf
note: FAIL: bakery_lint/tests/downstream/test_names_are_ascii_only.py: CheckNamesAreASCIIOnly.test_check_names_are_ascii_only():  NAME and CFF tables must not contain non-ascii characters : u'Copyright (c) 2010 by Eben Sorkin (eben@eyebytes.com), with Reserved Font Name Merriweather. \xe6Licenced under the SIL Open Font License, Version 1.1, available with a FAQ at: http://scripts.sil.org/OFL' != 'Copyright (c) 2010 by Eben Sorkin (eben@eyebytes.com), with Reserved Font Name Merriweather. Licenced under the SIL Open Font License, Version 1.1, available with a FAQ at: http://scripts.sil.org/OFL'
$ fontbakery-fix-ascii-fontmetadata.py /home/travis/build/fontdirectory/merriweather/builds/167dc2bdc130bbf9b3a12184bf0e4a2c4d71e3d4/Merriweather-Black.ttf

$ mv /home/travis/build/fontdirectory/merriweather/builds/167dc2bdc130bbf9b3a12184bf0e4a2c4d71e3d4/Merriweather-Black.ttf.fix /home/travis/build/fontdirectory/merriweather/builds/167dc2bdc130bbf9b3a12184bf0e4a2c4d71e3d4/Merriweather-Black.ttf
note: OK: bakery_lint/tests/downstream/test_names_are_ascii_only.py: CheckNamesAreASCIIOnly.test_check_names_are_ascii_only():  NAME and CFF tables must not contain non-ascii characters : u'Copyright (c) 2010 by Eben Sorkin (eben@eyebytes.com), with Reserved Font Name Merriweather. \xe6Licenced under the SIL Open Font License, Version 1.1, available with a FAQ at: http://scripts.sil.org/OFL' != 'Copyright (c) 2010 by Eben Sorkin (eben@eyebytes.com), with Reserved Font Name Merriweather. Licenced under the SIL Open Font License, Version 1.1, available with a FAQ at: http://scripts.sil.org/OFL'
note: OK: bakery_lint/tests/downstream/test_license_related_nameid.py: TestNameIdCopyright.test_name_id_copyright():  Is there `opyright` substring nameID in nameId (10) ? 
note: FAIL: bakery_lint/tests/downstream/test_license_related_nameid.py: TestNameIdOFLLicense.test_name_id_of_license():  Is there OFL in nameId (13) ? : License file OFL.txt exists but NameID value is not specified for that
SETTING UP: This Font Software is licensed under the SIL Open Font License, Version 1.1. This license is available with a FAQ at http://scripts.sil.org/OFL

$ mv /home/travis/build/fontdirectory/merriweather/builds/167dc2bdc130bbf9b3a12184bf0e4a2c4d71e3d4/Merriweather-Black.ttf.fix /home/travis/build/fontdirectory/merriweather/builds/167dc2bdc130bbf9b3a12184bf0e4a2c4d71e3d4/Merriweather-Black.ttf
note: OK: bakery_lint/tests/downstream/test_license_related_nameid.py: TestNameIdOFLLicense.test_name_id_of_license():  Is there OFL in nameId (13) ? : License file OFL.txt exists but NameID value is not specified for that
note: FAIL: bakery_lint/tests/downstream/test_license_related_nameid.py: TestNameIdOFLLicenseURL.test_name_id_of_license_url():  Is there OFL in nameId (13) ? : True is not false
$ mv /home/travis/build/fontdirectory/merriweather/builds/167dc2bdc130bbf9b3a12184bf0e4a2c4d71e3d4/Merriweather-Black.ttf.fix /home/travis/build/fontdirectory/merriweather/builds/167dc2bdc130bbf9b3a12184bf0e4a2c4d71e3d4/Merriweather-Black.ttf
note: OK: bakery_lint/tests/downstream/test_license_related_nameid.py: TestNameIdOFLLicenseURL.test_name_id_of_license_url():  Is there OFL in nameId (13) ? : True is not false
note: OK: bakery_lint/tests/downstream/test_license_related_nameid.py: TestNameIdApacheLicense.test_name_id_apache_license():  Is there Apache in nameId (13) ? 
note: OK: bakery_lint/tests/downstream/test_license_related_nameid.py: TestNameIdApacheLicenseURL.test_name_id_apache_license_url():  Is there OFL in nameId (13) ? 
note: OK: bakery_lint/tests/downstream/test_gpos_table_has_kerning_info.py: CheckGposTableHasKerningInfo.test_gpos_table_has_kerning_info():  GPOS table has kerning information 
note: OK: bakery_lint/tests/downstream/test_gasp_table_value.py: CheckGaspTableType.test_check_gasp_table_type():  Font table gasp should be 15 
$ fontbakery-fix-gasp.py --set=15 /home/travis/build/fontdirectory/merriweather/builds/167dc2bdc130bbf9b3a12184bf0e4a2c4d71e3d4/Merriweather-Black.ttf
$ mv /home/travis/build/fontdirectory/merriweather/builds/167dc2bdc130bbf9b3a12184bf0e4a2c4d71e3d4/Merriweather-Black.ttf.fix /home/travis/build/fontdirectory/merriweather/builds/167dc2bdc130bbf9b3a12184bf0e4a2c4d71e3d4/Merriweather-Black.ttf
note: OK: bakery_lint/tests/downstream/test_fontforge_validation_state.py: FontForgeValidateStateTest.test_allowed_numbers_paths_in_composite_glyphs():  Composite glyphs have allowed numbers of paths defined in maxp 
note: OK: bakery_lint/tests/downstream/test_fontforge_validation_state.py: FontForgeValidateStateTest.test_allowed_numbers_paths_in_glyphs():  Glyphs have allowed numbers of paths defined in maxp 
note: OK: bakery_lint/tests/downstream/test_fontforge_validation_state.py: FontForgeValidateStateTest.test_allowed_numbers_points_in_composite_glyphs():  Composite glyphs have allowed numbers of points defined in maxp 
note: OK: bakery_lint/tests/downstream/test_fontforge_validation_state.py: FontForgeValidateStateTest.test_allowed_numbers_points_in_glyphs():  Glyphs have allowed numbers of points defined in maxp 
note: OK: bakery_lint/tests/downstream/test_fontforge_validation_state.py: FontForgeValidateStateTest.test_duplicate_glyphs():  Glyph names are unique. 
note: OK: bakery_lint/tests/downstream/test_fontforge_validation_state.py: FontForgeValidateStateTest.test_duplicate_unicode_codepoints():  Unicode code points are unique. 
note: OK: bakery_lint/tests/downstream/test_fontforge_validation_state.py: FontForgeValidateStateTest.test_flipped_reference_in_glyphs():  References in the glyph haven't been flipped 
note: OK: bakery_lint/tests/downstream/test_fontforge_validation_state.py: FontForgeValidateStateTest.test_missing_anchors():  Glyphs have all required anchors.
            (According to the opentype spec, if a glyph contains an anchor point
            for one anchor class in a subtable, it must contain anchor points
            for all anchor classes in the subtable. Even it, logically,
            they do not apply and are unnecessary.) 
note: FAIL: bakery_lint/tests/downstream/test_fontforge_validation_state.py: FontForgeValidateStateTest.test_missing_extrema_in_glyphs():  Glyphs have points at extremas : True is not false
note: OK: bakery_lint/tests/downstream/test_fontforge_validation_state.py: FontForgeValidateStateTest.test_overlapped_hints():  Hints do not overlap 
note: OK: bakery_lint/tests/downstream/test_fontforge_validation_state.py: FontForgeValidateStateTest.test_points_are_integer_aligned():  Points in glyphs are integer aligned 
note: OK: bakery_lint/tests/downstream/test_fontforge_validation_state.py: FontForgeValidateStateTest.test_points_are_not_too_far_apart():  Points (or control points) are not too far apart 
note: OK: bakery_lint/tests/downstream/test_fontforge_validation_state.py: FontForgeValidateStateTest.test_postscript_hasnt_limit_hints_in_glyphs():  PostScript hasnt a limit of 96 hints in glyphs 
note: OK: bakery_lint/tests/downstream/test_fontforge_validation_state.py: FontForgeValidateStateTest.test_postscript_hasnt_limit_points_in_glyphs():  Not more than 1,500 points in any glyph (a PostScript limit) 
note: OK: bakery_lint/tests/downstream/test_fontforge_validation_state.py: FontForgeValidateStateTest.test_referenced_glyphs_are_present():  Glyph names referred to from glyphs present in the font 
note: OK: bakery_lint/tests/downstream/test_fontforge_validation_state.py: FontForgeValidateStateTest.test_valid_glyph_names():  Font doesn't have invalid glyph names 
note: OK: bakery_lint/tests/downstream/test_fontforge_validation_state.py: FontForgeValidateStateTest.test_valid_length_instructions():  Glyphs instructions have valid lengths 
note: OK: bakery_lint/tests/downstream/test_fontforge_validation_state.py: FontForgeValidateStateTest.test_validation_glyph_intersect():  Contours do not intersect 
note: OK: bakery_lint/tests/downstream/test_fontforge_validation_state.py: FontForgeValidateStateTest.test_validation_open_contours():  Contours are closed 
note: OK: bakery_lint/tests/downstream/test_fontforge_validation_state.py: FontForgeValidateStateTest.test_wrong_direction_in_glyphs():  Contours have correct directions 
note: OK: bakery_lint/tests/downstream/test_check_vertical_metrics.py: CheckVerticalLinegapMetrics.test_metrics_linegaps_are_zero():  Check that linegaps in tables are zero 
note: OK: bakery_lint/tests/downstream/test_check_vertical_metrics.py: CheckVerticalAscentMetrics.test_metrics_ascents_equal_bbox():  Check that ascents values are same as max glyph point 
note: OK: bakery_lint/tests/downstream/test_check_vertical_metrics.py: CheckVerticalDescentMetrics.test_metrics_descents_equal_bbox():  Check that descents values are same as min glyph point 
note: FAIL: bakery_lint/tests/downstream/test_check_upm_heights_less_120.py: TestCheckUPMHeightsLess120.test_check_upm_heigths_less_120():  Check if UPM Heights NOT more than 120% : UPM:Height is 129%, consider redesigning to 120% or less
note: FAIL: bakery_lint/tests/downstream/test_check_unencoded_glyph.py: TestFontUnencodedGlyph.test_font_unencoded_glyphs():  Font does not have unencoded glyphs : There should not be unencoded glyphs
$ fontbakery-fix-glyph-private-encoding.py --autofix /home/travis/build/fontdirectory/merriweather/builds/167dc2bdc130bbf9b3a12184bf0e4a2c4d71e3d4/Merriweather-Black.ttf
$ mv /home/travis/build/fontdirectory/merriweather/builds/167dc2bdc130bbf9b3a12184bf0e4a2c4d71e3d4/Merriweather-Black.ttf.fix /home/travis/build/fontdirectory/merriweather/builds/167dc2bdc130bbf9b3a12184bf0e4a2c4d71e3d4/Merriweather-Black.ttf
note: FAIL: bakery_lint/tests/downstream/test_check_unencoded_glyph.py: TestFontUnencodedGlyph.test_font_unencoded_glyphs():  Font does not have unencoded glyphs : There should not be unencoded glyphs
note: OK: bakery_lint/tests/downstream/test_check_panose_identification.py: CheckPanoseIdentification.test_check_panose_identification():  Check if Panose is not set to monospaced if advancewidth of
            all glyphs is not equal to each others 
note: OK: bakery_lint/tests/downstream/test_check_os2_width_class.py: CheckOS2WidthClass.test_check_os2_width_class(): 
note: OK: bakery_lint/tests/downstream/test_check_no_problematic_formats.py: CheckNoProblematicFormats.test_check_no_problematic_formats():  Check that font contain required tables 
required: OK: bakery_lint/tests/downstream/test_check_nbsp_width_matches_sp_width.py: CheckNbspWidthMatchesSpWidth.test_check_nbsp_width_matches_sp_width():  Check non-breaking space's advancewidth is the same as space 
required: OK: bakery_lint/tests/downstream/test_check_names_same_across_platforms.py: CheckNamesSameAcrossPlatforms.test_check_names_same_across_platforms():  Font names are same across specific-platforms 
note: FAIL: bakery_lint/tests/downstream/test_check_name_table_recommendation.py: CheckOTStyleNameRecommendation.test_check_stylename_is_under_recommendations():  Style name must be equal to one of the following four
            values: "Regular", "Italic", "Bold" or "Bold Italic" : '' not found in ['Regular', 'Italic', 'Bold', 'Bold Italic']
$ fontbakery-fix-opentype-names.py /home/travis/build/fontdirectory/merriweather/builds/167dc2bdc130bbf9b3a12184bf0e4a2c4d71e3d4/Merriweather-Black.ttf
$ mv /home/travis/build/fontdirectory/merriweather/builds/167dc2bdc130bbf9b3a12184bf0e4a2c4d71e3d4/Merriweather-Black.ttf.fix /home/travis/build/fontdirectory/merriweather/builds/167dc2bdc130bbf9b3a12184bf0e4a2c4d71e3d4/Merriweather-Black.ttf
note: OK: bakery_lint/tests/downstream/test_check_name_table_recommendation.py: CheckOTStyleNameRecommendation.test_check_stylename_is_under_recommendations():  Style name must be equal to one of the following four
            values: "Regular", "Italic", "Bold" or "Bold Italic" : '' not found in ['Regular', 'Italic', 'Bold', 'Bold Italic']
note: OK: bakery_lint/tests/downstream/test_check_name_table_recommendation.py: CheckOTFamilyNameRecommendation.test_check_opentype_familyname():  OT Family Name for Windows should be equal to Family Name 
note: FAIL: bakery_lint/tests/downstream/test_check_name_table_recommendation.py: CheckOTFullNameRecommendation.test_check_opentype_fullname():  Full name matches Windows-only Opentype-specific FullName : u'Merriweather Regular' != u'Merriweather Black'
- Merriweather Regular
?              ^^^^  ^
+ Merriweather Black
?              ^  ^^

$ fontbakery-fix-opentype-names.py /home/travis/build/fontdirectory/merriweather/builds/167dc2bdc130bbf9b3a12184bf0e4a2c4d71e3d4/Merriweather-Black.ttf
$ mv /home/travis/build/fontdirectory/merriweather/builds/167dc2bdc130bbf9b3a12184bf0e4a2c4d71e3d4/Merriweather-Black.ttf.fix /home/travis/build/fontdirectory/merriweather/builds/167dc2bdc130bbf9b3a12184bf0e4a2c4d71e3d4/Merriweather-Black.ttf
note: FAIL: bakery_lint/tests/downstream/test_check_name_table_recommendation.py: CheckOTFullNameRecommendation.test_check_opentype_fullname():  Full name matches Windows-only Opentype-specific FullName : u'Merriweather Regular' != u'Merriweather Black'
- Merriweather Regular
?              ^^^^  ^
+ Merriweather Black
?              ^  ^^

note: OK: bakery_lint/tests/downstream/test_check_name_table_recommendation.py: CheckSuggestedSubfamilyName.test_suggested_subfamily_name():  Family does not contain subfamily in `name` table 
note: OK: bakery_lint/tests/downstream/test_check_magic_prep_code.py: CheckMagicPREPByteCode.test_prep_magic_code():  Font contains in PREP table magic code 
required: OK: bakery_lint/tests/downstream/test_check_license_included.py: CheckLicenseIncluded.test_license_included_in_font_names():  Check font has a correct license url 
required: OK: bakery_lint/tests/downstream/test_check_italic_angle_agreement.py: CheckItalicAngleAgreement.test_check_italic_angle_agreement():  Check italicangle property zero or negative 
note: OK: bakery_lint/tests/downstream/test_check_hmtx_hhea_max_advance_width_agreement.py: CheckHmtxHheaMaxAdvanceWidthAgreement.test_check_hmtx_hhea_max_advance_width_agreement():  Check if MaxAdvanceWidth agree in the Hmtx and Hhea tables 
note: OK: bakery_lint/tests/downstream/test_check_glyph_existence.py: CheckGlyphExistence.test_euro():  Check if 'EURO SIGN' exists 
required: OK: bakery_lint/tests/downstream/test_check_glyph_existence.py: CheckGlyphExistence.test_nbsp():  Check if 'NO-BREAK SPACE' exists
required: OK: bakery_lint/tests/downstream/test_check_glyph_existence.py: CheckGlyphExistence.test_space():  Check if 'SPACE' exists 
note: FAIL: bakery_lint/tests/downstream/test_check_glyf_table_length.py: CheckGlyfTableLength.test_check_glyf_table_length():  Check if there is unused data at the end of the glyf table : Glyf table has unreachable data at the end of the table. Expected glyf table length 692 (from loca table), got length 37990 (difference: 37298)
note: OK: bakery_lint/tests/downstream/test_check_full_font_name_begins_with_family_name.py: CheckFullFontNameBeginsWithFamilyName.test_check_full_font_name_begins_with_family_name():  Check if full font name begins with the font family name 
note: FAIL: bakery_lint/tests/downstream/test_check_fontname_matches_macstyle.py: CheckFontNameEqualToMacStyleFlags.test_fontname_is_equal_to_macstyle():  Check that fontname is equal to macstyle flags : macStyle (b1) supposed style ended with "Bold"
note: FAIL: bakery_lint/tests/downstream/test_check_font_tables.py: CheckFontHasDsigTable.test_check_font_has_dsig_table():  Check that font has DSIG table : Font does not have "DSIG" table
$ fontbakery-fix-dsig.py /home/travis/build/fontdirectory/merriweather/builds/167dc2bdc130bbf9b3a12184bf0e4a2c4d71e3d4/Merriweather-Black.ttf
$ mv /home/travis/build/fontdirectory/merriweather/builds/167dc2bdc130bbf9b3a12184bf0e4a2c4d71e3d4/Merriweather-Black.ttf.fix /home/travis/build/fontdirectory/merriweather/builds/167dc2bdc130bbf9b3a12184bf0e4a2c4d71e3d4/Merriweather-Black.ttf
note: OK: bakery_lint/tests/downstream/test_check_font_tables.py: CheckFontHasDsigTable.test_check_font_has_dsig_table():  Check that font has DSIG table : Font does not have "DSIG" table
note: OK: bakery_lint/tests/downstream/test_check_font_tables.py: CheckFontHasNotKernTable.test_no_kern_table_exists():  Check that no "KERN" table exists 
required: OK: bakery_lint/tests/downstream/test_check_font_sanitized_for_chrome_and_firefox.py: OTSTest.test_ots():  Is TTF file correctly sanitized for Firefox and Chrome 
required: OK: bakery_lint/tests/downstream/test_check_font_agreements.py: CheckFsTypeIsNotSet.test_is_fstype_not_set():  Is the OS/2 table fsType set to 0? 
note: FAIL: bakery_lint/tests/downstream/test_check_font_agreements.py: CheckFontAgreements.test_em_is_1000():  Font em size should be 1000, but doesn't have to be : 2048 != 1000
note: OK: bakery_lint/tests/downstream/test_check_font_agreements.py: CheckFontAgreements.test_font_is_font():  File provided as parameter is TTF font file 
required: OK: bakery_lint/tests/downstream/test_check_font_agreements.py: CheckFontAgreements.test_latin_file_exists():  GF requires a latin subset, so we check that font file exists 
required: OK: bakery_lint/tests/downstream/test_check_font_agreements.py: CheckFontAgreements.test_menu_file_exists():  GF requires a menu subset, so we check that font file exists 



### Optimize TTF Merriweather-Black.ttf
Before: ['GlyphOrder', 'head', 'hhea', 'maxp', 'OS/2', 'hmtx', 'cmap', 'prep', 'loca', 'glyf', 'name', 'post', 'gasp', 'FFTM', 'GDEF', 'GPOS', 'GSUB', 'DSIG']
{'notdef_outline': True, 'name_IDs': ['*'], 'layout_features': ['*'], 'hinting': True, 'legacy_kern': True}

$ ls -l 'Merriweather-Black.ttf'* # look at the size savings of that subset process
Merriweather-Black.ttf.opt: 43808 bytes
Merriweather-Black.ttf: 46920 bytes

Now: ['GlyphOrder', 'head', 'hhea', 'maxp', 'OS/2', 'hmtx', 'cmap', 'prep', 'loca', 'glyf', 'name', 'post', 'gasp', 'GDEF', 'GPOS', 'GSUB']

$ mv /home/travis/build/fontdirectory/merriweather/builds/167dc2bdc130bbf9b3a12184bf0e4a2c4d71e3d4/Merriweather-Black.ttf.opt /home/travis/build/fontdirectory/merriweather/builds/167dc2bdc130bbf9b3a12184bf0e4a2c4d71e3d4/Merriweather-Black.ttf



### Autohint TTFs (ttfautohint) Merriweather-Black.ttf
$ ttfautohint -l 7 -r 28 -G 50 -x 13 -w "G" /home/travis/build/fontdirectory/merriweather/builds/167dc2bdc130bbf9b3a12184bf0e4a2c4d71e3d4/Merriweather-Black.ttf '/home/travis/build/fontdirectory/merriweather/builds/167dc2bdc130bbf9b3a12184bf0e4a2c4d71e3d4/Merriweather-Black.autohint.ttf'


$ ls -l /home/travis/build/fontdirectory/merriweather/builds/167dc2bdc130bbf9b3a12184bf0e4a2c4d71e3d4/Merriweather-Black.*ttf # look at the size savings of that subset process
/home/travis/build/fontdirectory/merriweather/builds/167dc2bdc130bbf9b3a12184bf0e4a2c4d71e3d4/Merriweather-Black.ttf: 43808 bytes
/home/travis/build/fontdirectory/merriweather/builds/167dc2bdc130bbf9b3a12184bf0e4a2c4d71e3d4/Merriweather-Black.autohint.ttf: 64192 bytes


$ mv /home/travis/build/fontdirectory/merriweather/builds/167dc2bdc130bbf9b3a12184bf0e4a2c4d71e3d4/Merriweather-Black.autohint.ttf /home/travis/build/fontdirectory/merriweather/builds/167dc2bdc130bbf9b3a12184bf0e4a2c4d71e3d4/Merriweather-Black.ttf



### (4 of 6) Generate METADATA.json (fontbakery-build-metadata.py)

$ fontbakery-build-metadata.py /home/travis/build/fontdirectory/merriweather/builds/167dc2bdc130bbf9b3a12184bf0e4a2c4d71e3d4
{} exists

Designer's name from font is: Eben Sorkin ( eben@eyebytes.com )

Original size: 63984\nGzip size: 32561

Family Name: Merriweather

PS Name: Merriweather-Black

Full Name: Merriweather Black

Style: normal

Weight: 900

Filename: Merriweather-Black.ttf

Copyright: Copyright (c) 2011, Sorkin Type Co (www.sorkintype.com)\rwith Reserved Font Name "Merriweather".\r\rThis Font Software is licensed under the SIL Open Font License,\rVersion 1.1. This license is available with a FAQ at:\rhttp://scripts.sil.org/OFL

Family Name: Merriweather

PS Name: Merriweather-Bold

Full Name: Merriweather Bold

Style: normal

Weight: 700

Filename: Merriweather-Bold.ttf

Copyright: Copyright (c) 2011, Sorkin Type Co (www.sorkintype.com)\rwith Reserved Font Name "Merriweather".\r\rThis Font Software is licensed under the SIL Open Font License,\rVersion 1.1. This license is available with a FAQ at:\rhttp://scripts.sil.org/OFL

Family Name: Merriweather

PS Name: Merriweather-Italic

Full Name: Merriweather Italic

Style: italic

Weight: 400

Filename: Merriweather-Italic.ttf

Copyright: Copyright (c) 2013, Sorkin Type Co (www.sorkintype.com) with Reserved Font Name 'Merriweather'

Family Name: Merriweather

PS Name: Merriweather-BoldItalic

Full Name: Merriweather Bold Italic

Style: italic

Weight: 700

Filename: Merriweather-BoldItalic.ttf

Copyright: Copyright (c) 2013, Sorkin Type Co (www.sorkintype.com) with Reserved Font Name 'Merriweather'

Family Name: Merriweather

PS Name: Merriweather-BlackItalic

Full Name: Merriweather Black Italic

Style: italic

Weight: 900

Filename: Merriweather-BlackItalic.ttf

Copyright: Copyright (c) 2013, Sorkin Type Co (www.sorkintype.com) with Reserved Font Name 'Merriweather'

Family Name: Merriweather

PS Name: Merriweather-Regular

Full Name: Merriweather Regular

Style: normal

Weight: 400

Filename: Merriweather-Regular.ttf

Copyright: Copyright (c) 2011, Sorkin Type Co (www.sorkintype.com)\rwith Reserved Font Name "Merriweather".\r\rThis Font Software is licensed under the SIL Open Font License,\rVersion 1.1. This license is available with a FAQ at:\rhttp://scripts.sil.org/OFL

Family Name: Merriweather

PS Name: Merriweather-Light

Full Name: Merriweather Light

Style: normal

Weight: 250

Filename: Merriweather-Light.ttf

Copyright: Copyright (c) 2011, Sorkin Type Co (www.sorkintype.com)\rwith Reserved Font Name "Merriweather".\r\rThis Font Software is licensed under the SIL Open Font License,\rVersion 1.1. This license is available with a FAQ at:\rhttp://scripts.sil.org/OFL

 table...
Parsing 'gasp' table...
Parsing 'FFTM' table...
Parsing 'GDEF' table...
Parsing 'GPOS' table...
Parsing 'GSUB' table...
Compiling "/home/travis/build/fontdirectory/merriweather/builds/167dc2bdc130bbf9b3a12184bf0e4a2c4d71e3d4/sources/Merriweather-Black.ttx" to "/home/travis/build/fontdirectory/merriweather/builds/167dc2bdc130bbf9b3a12184bf0e4a2c4d71e3d4/sources/Merriweather-Black.ttf"...
Parsing 'GlyphOrder' table...
Parsing 'head' table...
Parsing 'hhea' table...
Parsing 'maxp' table...
Parsing 'OS/2' table...
Parsing 'hmtx' table...
Parsing 'cmap' table...
Parsing 'prep' table...
Parsing 'loca' table...
Parsing 'glyf' table...
Parsing 'name' table...
Parsing 'post' table...
Parsing 'gasp' table...
Parsing 'FFTM' table...
Parsing 'GDEF' table...
Parsing 'GPOS' table...
Parsing 'GSUB' table...
strippedname:/home/travis/build/fontdirectory/merriweather/builds/167dc2bdc130bbf9b3a12184bf0e4a2c4d71e3d4/Merriweather-Light.ttf
strippedname:/home/travis/build/fontdirectory/merriweather/builds/167dc2bdc130bbf9b3a12184bf0e4a2c4d71e3d4/Merriweather-Regular.ttf
strippedname:/home/travis/build/fontdirectory/merriweather/builds/167dc2bdc130bbf9b3a12184bf0e4a2c4d71e3d4/Merriweather-BlackItalic.ttf
strippedname:/home/travis/build/fontdirectory/merriweather/builds/167dc2bdc130bbf9b3a12184bf0e4a2c4d71e3d4/Merriweather-BoldItalic.ttf
strippedname:/home/travis/build/fontdirectory/merriweather/builds/167dc2bdc130bbf9b3a12184bf0e4a2c4d71e3d4/Merriweather-Italic.ttf
strippedname:/home/travis/build/fontdirectory/merriweather/builds/167dc2bdc130bbf9b3a12184bf0e4a2c4d71e3d4/Merriweather-Bold.ttf
strippedname:/home/travis/build/fontdirectory/merriweather/builds/167dc2bdc130bbf9b3a12184bf0e4a2c4d71e3d4/Merriweather-Black.ttf
{
  "name": "Merriweather", 
  "designer": "Eben Sorkin", 
  "license": "OFL", 
  "visibility": "External", 
  "category": "Serif", 
  "size": 23289, 
  "fonts": [
    {
      "name": "Merriweather", 
      "postScriptName": "Merriweather-Black", 
      "fullName": "Merriweather Black", 
      "style": "normal", 
      "weight": 900, 
      "filename": "Merriweather-Black.ttf", 
      "copyright": "Copyright (c) 2011, Sorkin Type Co (www.sorkintype.com)\rwith Reserved Font Name \"Merriweather\".\r\rThis Font Software is licensed under the SIL Open Font License,\rVersion 1.1. This license is available with a FAQ at:\rhttp://scripts.sil.org/OFL"
    }, 
    {
      "name": "Merriweather", 
      "postScriptName": "Merriweather-Bold", 
      "fullName": "Merriweather Bold", 
      "style": "normal", 
      "weight": 700, 
      "filename": "Merriweather-Bold.ttf", 
      "copyright": "Copyright (c) 2011, Sorkin Type Co (www.sorkintype.com)\rwith Reserved Font Name \"Merriweather\".\r\rThis Font Software is licensed under the SIL Open Font License,\rVersion 1.1. This license is available with a FAQ at:\rhttp://scripts.sil.org/OFL"
    }, 
    {
      "name": "Merriweather", 
      "postScriptName": "Merriweather-Italic", 
      "fullName": "Merriweather Italic", 
      "style": "italic", 
      "weight": 400, 
      "filename": "Merriweather-Italic.ttf", 
      "copyright": "Copyright (c) 2013, Sorkin Type Co (www.sorkintype.com) with Reserved Font Name 'Merriweather'"
    }, 
    {
      "name": "Merriweather", 
      "postScriptName": "Merriweather-BoldItalic", 
      "fullName": "Merriweather Bold Italic", 
      "style": "italic", 
      "weight": 700, 
      "filename": "Merriweather-BoldItalic.ttf", 
      "copyright": "Copyright (c) 2013, Sorkin Type Co (www.sorkintype.com) with Reserved Font Name 'Merriweather'"
    }, 
    {
      "name": "Merriweather", 
      "postScriptName": "Merriweather-BlackItalic", 
      "fullName": "Merriweather Black Italic", 
      "style": "italic", 
      "weight": 900, 
      "filename": "Merriweather-BlackItalic.ttf", 
      "copyright": "Copyright (c) 2013, Sorkin Type Co (www.sorkintype.com) with Reserved Font Name 'Merriweather'"
    }, 
    {
      "name": "Merriweather", 
      "postScriptName": "Merriweather-Regular", 
      "fullName": "Merriweather Regular", 
      "style"


### (5 of 6) Run tests for METADATA.json

$ fontbakery-check.py metadata METADATA.json
required: OK: bakery_lint/tests/metadata_test.py: MetadataSubsetsListTest.test_charset_cyrillic(): Merriweather-Light.cyrillic is real TrueType file
required: OK: bakery_lint/tests/metadata_test.py: MetadataSubsetsListTest.test_charset_latin(): Merriweather-Light.latin is real TrueType file
required: OK: bakery_lint/tests/metadata_test.py: MetadataSubsetsListTest.test_charset_latin_ext(): Merriweather-Light.latin-ext is real TrueType file
required: OK: bakery_lint/tests/metadata_test.py: MetadataSubsetsListTest.test_charset_menu(): Merriweather-Light.menu is real TrueType file
note: OK: bakery_lint/tests/metadata_test.py: MetadataTest.test_description_is_more_than_500b():  DESCRIPTION.en_us.html is more than 500 bytes 
note: OK: bakery_lint/tests/metadata_test.py: MetadataTest.test_description_is_valid_html():  DESCRIPTION.en_us.html is not real html file 
note: FAIL: bakery_lint/tests/metadata_test.py: MetadataTest.test_does_not_familyName_exist_in_daltonmaag_catalogue():  DALTONMAAG.com : False is not true
note: OK: bakery_lint/tests/metadata_test.py: MetadataTest.test_does_not_familyName_exist_in_fontbureau_catalogue():  FONTBUREAU.com 
note: OK: bakery_lint/tests/metadata_test.py: MetadataTest.test_does_not_familyName_exist_in_fontscom_catalogue():  FONTS.com 
note: FAIL: bakery_lint/tests/metadata_test.py: MetadataTest.test_does_not_familyName_exist_in_fontshop_catalogue():  FONTSHOP.com : False is not true
note: FAIL: bakery_lint/tests/metadata_test.py: MetadataTest.test_does_not_familyName_exist_in_fontsmith_catalogue():  FONTSMITH.com : False is not true
note: OK: bakery_lint/tests/metadata_test.py: MetadataTest.test_does_not_familyName_exist_in_houseind_catalogue():  HOUSEIND.com 
note: OK: bakery_lint/tests/metadata_test.py: MetadataTest.test_does_not_familyName_exist_in_myfonts_catalogue():  MYFONTS.com 
note: OK: bakery_lint/tests/metadata_test.py: MetadataTest.test_does_not_familyName_exist_in_veer_catalogue():  VEER.com 
note: OK: bakery_lint/tests/metadata_test.py: MetadataTest.test_family_is_listed_in_gwf():  Fontfamily is listed in Google Font Directory 
required: OK: bakery_lint/tests/metadata_test.py: MetadataTest.test_metadata_atleast_latin_menu_subsets_exist():  METADATA.json subsets should have at least 'menu' and 'latin' 
required: OK: bakery_lint/tests/metadata_test.py: MetadataTest.test_metadata_designer_exists_in_profiles_csv():  Designer exists in GWF profiles.csv 
required: OK: bakery_lint/tests/metadata_test.py: MetadataTest.test_metadata_fonts_items_dicts():  METADATA.json fonts key items are dicts 
required: OK: bakery_lint/tests/metadata_test.py: MetadataTest.test_metadata_fonts_key_list():  METADATA.json font key should be list 
note: OK: bakery_lint/tests/metadata_test.py: MetadataTest.test_metadata_fonts_no_dupes():  METADATA.json fonts propery only should have uniq values 
required: OK: bakery_lint/tests/metadata_test.py: MetadataTest.test_metadata_has_unique_style_weight_pairs():  METADATA.json only contains unique style:weight pairs 
required: OK: bakery_lint/tests/metadata_test.py: MetadataTest.test_metadata_keys():  METADATA.json should have top keys: ["name", "designer",
            "license", "visibility", "category", "size", "dateAdded",
            "fonts", "subsets"] 
required: OK: bakery_lint/tests/metadata_test.py: MetadataTest.test_metadata_license():  METADATA.json license is 'Apache2', 'UFL' or 'OFL' 
required: OK: bakery_lint/tests/metadata_test.py: MetadataTest.test_metadata_no_unknown_top_keys():  METADATA.json don't have unknown top keys 
required: OK: bakery_lint/tests/metadata_test.py: MetadataTest.test_metadata_subsets_key_list():  METADATA.json subsets key should be list 
required: OK: bakery_lint/tests/metadata_test.py: MetadataTest.test_metadata_top_keys_types():  METADATA.json should have proper top keys types 
required, info: OK: bakery_lint/tests/downstream/test_metadata_font_copyright.py: CheckMetadataContainsReservedFontName.test_copyright_contains_correct_rfn():  Copyright string contains "Reserved File Name" 
required: FAIL: bakery_lint/tests/downstream/test_metadata_font_copyright.py: CheckMetadataContainsReservedFontName.test_copyright_is_consistent_across_family():  METADATA.json fonts copyright string is the same for all items : Copyright is inconsistent across family
required: FAIL: bakery_lint/tests/downstream/test_metadata_font_copyright.py: CheckMetadataContainsReservedFontName.test_copyright_matches_pattern():  Copyright string matches to Copyright * 20\d\d * (*@*.*) : Regexp didn't match: 'Copyright\\s+\\(c\\)\\s+20\\d{2}.*\\(.*@.*.*\\)' not found in u'Copyright (c) 2011, Sorkin Type Co (www.sorkintype.com)\rwith Reserved Font Name "Merriweather".\r\rThis Font Software is licensed under the SIL Open Font License,\rVersion 1.1. This license is available with a FAQ at:\rhttp://scripts.sil.org/OFL'
required: OK: bakery_lint/tests/downstream/test_metadata_font_copyright.py: CheckMetadataContainsReservedFontName.test_metadata_copyright_size():  Copyright string should be less than 500 chars 
required: OK: bakery_lint/tests/downstream/test_metadata_agreements.py: TestFontOnDiskFamilyEqualToMetadataJSON.test_font_on_disk_family_equal_in_metadata_json():  Font on disk and in METADATA.json have the same family name 
required: OK: bakery_lint/tests/downstream/test_metadata_agreements.py: TestPostScriptNameInMetadataEqualFontOnDisk.test_postscriptname_in_metadata_equal_to_font_on_disk():  Checks METADATA.json 'postScriptName' matches TTF 'postScriptName' 
note: OK: bakery_lint/tests/downstream/test_metadata_agreements.py: CheckMetadataAgreements.test_font_name_matches_family():  METADATA.json fonts 'name' property should be
            same as font familyname 
note: OK: bakery_lint/tests/downstream/test_metadata_agreements.py: CheckMetadataAgreements.test_metadata_family_values_are_all_the_same():  Check that METADATA family values are all the same 
required: OK: bakery_lint/tests/downstream/test_metadata_agreements.py: CheckMetadataAgreements.test_metadata_filename_matches_postscriptname():  METADATA.json `filename` matches `postScriptName` 
note: OK: bakery_lint/tests/downstream/test_metadata_agreements.py: CheckMetadataAgreements.test_metadata_font_have_regular():  According GWF standarts font should have Regular style. 
note: OK: bakery_lint/tests/downstream/test_metadata_agreements.py: CheckMetadataAgreements.test_metadata_fonts_fields_have_fontname():  METADATA.json fonts items fields "name", "postScriptName",
            "fullName", "filename" contains font name right format 
note: OK: bakery_lint/tests/downstream/test_metadata_agreements.py: CheckMetadataAgreements.test_metadata_fullname_is_equal_to_internal_font_fullname():  METADATA.json 'fullname' value matches internal 'fullname' 
required: OK: bakery_lint/tests/downstream/test_metadata_agreements.py: CheckMetadataAgreements.test_metadata_fullname_matches_postScriptName():  METADATA.json `fullName` matches `postScriptName` 
required: OK: bakery_lint/tests/downstream/test_metadata_agreements.py: CheckMetadataAgreements.test_metadata_regular_is_400():  Regular should be 400 
note: OK: bakery_lint/tests/downstream/test_metadata_agreements.py: CheckMetadataAgreements.test_metadata_regular_is_normal():  Usually Regular should be normal style 
required: FAIL: bakery_lint/tests/downstream/test_check_text_files_exist.py: CheckTextFilesExist.test_copyrighttxt_exists():  Font folder should contains COPYRIGHT.txt : ['COPYRIGHT.txt'] does not exist in project
required: OK: bakery_lint/tests/downstream/test_check_text_files_exist.py: CheckTextFilesExist.test_description_exists():  Font folder should contains DESCRIPTION.en_us.html 
note: OK: bakery_lint/tests/downstream/test_check_text_files_exist.py: CheckTextFilesExist.test_fontlogtxt_exists():  Font folder should contains FONTLOG.txt 
required: OK: bakery_lint/tests/downstream/test_check_text_files_exist.py: CheckTextFilesExist.test_licensetxt_exists():  Font folder should contains LICENSE.txt 
note: OK: bakery_lint/tests/downstream/test_check_subsets_exists.py: CheckSubsetsExist.test_check_subsets_exists():  Check that corresponding subset files exist for fonts 
note: OK: bakery_lint/tests/downstream/test_check_monospace_agreements.py: CheckMonospaceAgreement.test_check_monospace_agreement():  Monospace font has hhea.advanceWidthMax equal to each
            glyph advanceWidth 
note: FAIL: bakery_lint/tests/downstream/test_check_metadata_style_matches_names.py: CheckItalicStyleMatchesMacStyle.test_check_italic_style_matches_names():  Check metadata.json font.style `italic` matches font internal : macStyle second bit is set but postScriptName "Merriweather" is not ended with "Italic"
note: OK: bakery_lint/tests/downstream/test_check_metadata_style_matches_names.py: CheckNormalStyleMatchesMacStyle.test_check_normal_style_matches_names():  Check metadata.json font.style `italic` matches font internal 
note: OK: bakery_lint/tests/downstream/test_check_metadata_matches_nametable.py: CheckMetadataMatchesNameTable.test_check_metadata_matches_nametable():  Metadata key-value match to table name fields 
required: OK: bakery_lint/tests/downstream/test_check_metadata_fields.py: CheckMetadataFields.test_check_metadata_fields():  Check METADATA.json "fonts" property items have required field 
note: OK: bakery_lint/tests/downstream/test_check_menu_contains_proper_glyphs.py: CheckMenuSubsetContainsProperGlyphs.test_check_menu_contains_proper_glyphs():  Check menu file contains proper glyphs 
note: OK: bakery_lint/tests/downstream/test_check_glyph_consistency.py: CheckGlyphConsistencyInFamily.test_the_same_encodings_of_glyphs_across_family():  The same unicode encodings of glyphs across family? 
note: FAIL: bakery_lint/tests/downstream/test_check_glyph_consistency.py: CheckGlyphConsistencyInFamily.test_the_same_names_of_glyphs_across_family():  The same names of glyphs across family? : Family has a different glyphs's names in fonts
note: FAIL: bakery_lint/tests/downstream/test_check_glyph_consistency.py: CheckGlyphConsistencyInFamily.test_the_same_number_of_glyphs_across_family():  The same number of glyphs across family? : Family has a different glyphs's count in fonts
note: OK: bakery_lint/tests/downstream/test_check_font_name_not_in_camelcase.py: CheckFontNameNotInCamelCase.test_fontname_not_in_camel_case():  Check if fontname is not camel cased 
required: OK: bakery_lint/tests/downstream/test_check_files_menu_agreements.py: CheckFontsMenuAgreements.test_menu_file_agreement():  Check fonts have corresponding menu files 
note: OK: bakery_lint/tests/downstream/test_check_familyname_matches_fontnames.py: CheckFamilyNameMatchesFontNames.test_check_familyname_matches_fontnames():  Check font name is the same as family name 
note: FAIL: bakery_lint/tests/downstream/test_check_canonical_weights.py: CheckCanonicalWeights.test_check_canonical_weights():  Check that weights have canonical value : METADATA.new.json: The weight is 250 which is not a multiple of 100 between 1 and 9
note: FAIL: bakery_lint/tests/downstream/test_check_canonical_weights.py: CheckPostScriptNameMatchesWeight.test_postscriptname_contains_correct_weight():  Metadata weight matches postScriptName : Font weight does not match for "postScriptName"
note: OK: bakery_lint/tests/downstream/test_check_canonical_weights.py: CheckFontWeightSameAsInMetadata.test_font_weight_same_as_in_metadata():  Font weight matches metadata.json value of key "weight" 
note: OK: bakery_lint/tests/downstream/test_check_canonical_weights.py: CheckFullNameEqualCanonicalName.test_metadata_contains_current_font():  METADATA.json should contains testing font, under canonic name
note: OK: bakery_lint/tests/downstream/test_check_canonical_styles.py: CheckCanonicalStyles.test_check_canonical_styles():  Test If font styles are canonical 
required: FAIL: bakery_lint/tests/downstream/test_check_canonical_filenames.py: CheckCanonicalFilenames.test_check_canonical_filenames():  Test If filename is canonical : u'Merriweather-None.ttf' != u'Merriweather-Light.ttf'
- Merriweather-None.ttf
?              ^^^^
+ Merriweather-Light.ttf
?              ^^^^^




### (6 of 6) pyfontaine

$ fontaine --collections subsets --text /home/travis/build/fontdirectory/merriweather/builds/167dc2bdc130bbf9b3a12184bf0e4a2c4d71e3d4/sources/Merriweather-Light.ttx /home/travis/build/fontdirectory/merriweather/builds/167dc2bdc130bbf9b3a12184bf0e4a2c4d71e3d4/sources/Merriweather-Regular.ttx /home/travis/build/fontdirectory/merriweather/builds/167dc2bdc130bbf9b3a12184bf0e4a2c4d71e3d4/sources/Merriweather-BlackItalic.ttx /home/travis/build/fontdirectory/merriweather/builds/167dc2bdc130bbf9b3a12184bf0e4a2c4d71e3d4/sources/Merriweather-BoldItalic.ttx /home/travis/build/fontdirectory/merriweather/builds/167dc2bdc130bbf9b3a12184bf0e4a2c4d71e3d4/sources/Merriweather-Italic.ttx /home/travis/build/fontdirectory/merriweather/builds/167dc2bdc130bbf9b3a12184bf0e4a2c4d71e3d4/sources/Merriweather-Bold.ttx /home/travis/build/fontdirectory/merriweather/builds/167dc2bdc130bbf9b3a12184bf0e4a2c4d71e3d4/sources/Merriweather-Black.ttx > fontaine.txt
WARNING: Please install PyICU <https://pypi.python.org/pypi/PyICU> to enable CLDR related features, perhaps with: pip install pyicu
end of pyfontaine process

: "normal", 
      "weight": 400, 
      "filename": "Merriweather-Regular.ttf", 
      "copyright": "Copyright (c) 2011, Sorkin Type Co (www.sorkintype.com)\rwith Reserved Font Name \"Merriweather\".\r\rThis Font Software is licensed under the SIL Open Font License,\rVersion 1.1. This license is available with a FAQ at:\rhttp://scripts.sil.org/OFL"
    }, 
    {
      "name": "Merriweather", 
      "postScriptName": "Merriweather-Light", 
      "fullName": "Merriweather Light", 
      "style": "normal", 
      "weight": 250, 
      "filename": "Merriweather-Light.ttf", 
      "copyright": "Copyright (c) 2011, Sorkin Type Co (www.sorkintype.com)\rwith Reserved Font Name \"Merriweather\".\r\rThis Font Software is licensed under the SIL Open Font License,\rVersion 1.1. This license is available with a FAQ at:\rhttp://scripts.sil.org/OFL"
    }
  ], 
  "subsets": [
    "cyrillic", 
    "latin", 
    "latin-ext", 
    "menu"
  ], 
  "dateAdded": "2011-05-11"
}
